MPLINK 4.49, Linker
Linker Map File - Created Fri Feb 05 12:43:42 2016

                                 Section Info
                  Section       Type    Address   Location Size(Bytes)
                ---------  ---------  ---------  ---------  ---------
                   .org_0       code   0x000000    program   0x000000
                   .org_1       code   0x000000    program   0x000008
                   .org_2       code   0x000004    program   0x003ac4
                  .idlocs       code   0x002000    program   0x000008
.config_2007_OSC1MHZ_V1_2 FOR PIC16F887.O       code   0x002007    program   0x000002
.config_2008_OSC1MHZ_V1_2 FOR PIC16F887.O       code   0x002008    program   0x000002



                              Program Memory Usage 
                               Start         End      
                           ---------   ---------      
                            0x000000    0x001d65      
                            0x002000    0x002003      
                            0x002007    0x002008      
            7532 out of 8455 program addresses used, program memory utilization is 89%



                              Symbols - Sorted by Name
                     Name    Address   Location    Storage File                     
                ---------  ---------  ---------  --------- ---------                
              ADCShutdown   0x00018e    program     static F:\Projects\PPMScope\Picasm\Version 1.20\Osc1MHz_v1_2 for PIC16F887.asm
                    Delay   0x000183    program     static F:\Projects\PPMScope\Picasm\Version 1.20\Osc1MHz_v1_2 for PIC16F887.asm
                DelayFive   0x000378    program     static F:\Projects\PPMScope\Picasm\Version 1.20\Osc1MHz_v1_2 for PIC16F887.asm
                DelayLoop   0x000184    program     static F:\Projects\PPMScope\Picasm\Version 1.20\Osc1MHz_v1_2 for PIC16F887.asm
               DelaySeven   0x000377    program     static F:\Projects\PPMScope\Picasm\Version 1.20\Osc1MHz_v1_2 for PIC16F887.asm
                 DelayTwo   0x00037a    program     static F:\Projects\PPMScope\Picasm\Version 1.20\Osc1MHz_v1_2 for PIC16F887.asm
                  GetByte   0x000167    program     static F:\Projects\PPMScope\Picasm\Version 1.20\Osc1MHz_v1_2 for PIC16F887.asm
            GetByteSerial   0x000169    program     static F:\Projects\PPMScope\Picasm\Version 1.20\Osc1MHz_v1_2 for PIC16F887.asm
           GetByteSerialB   0x00016c    program     static F:\Projects\PPMScope\Picasm\Version 1.20\Osc1MHz_v1_2 for PIC16F887.asm
           GetByteSerialC   0x000170    program     static F:\Projects\PPMScope\Picasm\Version 1.20\Osc1MHz_v1_2 for PIC16F887.asm
           GetByteSerialD   0x000174    program     static F:\Projects\PPMScope\Picasm\Version 1.20\Osc1MHz_v1_2 for PIC16F887.asm
           GetByteSerialE   0x000178    program     static F:\Projects\PPMScope\Picasm\Version 1.20\Osc1MHz_v1_2 for PIC16F887.asm
               I2CSGetAck   0x00008d    program     static F:\Projects\PPMScope\Picasm\Version 1.20\i2cs.inc
             I2CSGetAckL1   0x000092    program     static F:\Projects\PPMScope\Picasm\Version 1.20\i2cs.inc
              I2CSGetByte   0x00005f    program     static F:\Projects\PPMScope\Picasm\Version 1.20\i2cs.inc
            I2CSGetByteL1   0x000062    program     static F:\Projects\PPMScope\Picasm\Version 1.20\i2cs.inc
            I2CSGetByteL2   0x000068    program     static F:\Projects\PPMScope\Picasm\Version 1.20\i2cs.inc
              I2CSGetStop   0x00003d    program     static F:\Projects\PPMScope\Picasm\Version 1.20\i2cs.inc
            I2CSGetStopL1   0x000041    program     static F:\Projects\PPMScope\Picasm\Version 1.20\i2cs.inc
            I2CSGetStopL2   0x000048    program     static F:\Projects\PPMScope\Picasm\Version 1.20\i2cs.inc
            I2CSGetStopL3   0x00004f    program     static F:\Projects\PPMScope\Picasm\Version 1.20\i2cs.inc
               I2CSPutAck   0x00006c    program     static F:\Projects\PPMScope\Picasm\Version 1.20\i2cs.inc
             I2CSPutAckL1   0x000070    program     static F:\Projects\PPMScope\Picasm\Version 1.20\i2cs.inc
             I2CSPutAckL2   0x000072    program     static F:\Projects\PPMScope\Picasm\Version 1.20\i2cs.inc
              I2CSPutByte   0x000078    program     static F:\Projects\PPMScope\Picasm\Version 1.20\i2cs.inc
            I2CSPutByteL1   0x00007c    program     static F:\Projects\PPMScope\Picasm\Version 1.20\i2cs.inc
           I2CSPutByteL1S   0x00007e    program     static F:\Projects\PPMScope\Picasm\Version 1.20\i2cs.inc
            I2CSPutByteL2   0x000083    program     static F:\Projects\PPMScope\Picasm\Version 1.20\i2cs.inc
            I2CSPutByteL3   0x000088    program     static F:\Projects\PPMScope\Picasm\Version 1.20\i2cs.inc
            I2CSWaitStart   0x000052    program     static F:\Projects\PPMScope\Picasm\Version 1.20\i2cs.inc
          I2CSWaitStartL1   0x00005d    program     static F:\Projects\PPMScope\Picasm\Version 1.20\i2cs.inc
          I2CSWaitStartL2   0x000059    program     static F:\Projects\PPMScope\Picasm\Version 1.20\i2cs.inc
          I2CSWaitStartL3   0x000055    program     static F:\Projects\PPMScope\Picasm\Version 1.20\i2cs.inc
                  Initial   0x000095    program     static F:\Projects\PPMScope\Picasm\Version 1.20\Osc1MHz_v1_2 for PIC16F887.asm
               IntHandler   0x000004    program     static F:\Projects\PPMScope\Picasm\Version 1.20\Osc1MHz_v1_2 for PIC16F887.asm
                     Main   0x0000b7    program     static F:\Projects\PPMScope\Picasm\Version 1.20\Osc1MHz_v1_2 for PIC16F887.asm
                    MainB   0x0000b9    program     static F:\Projects\PPMScope\Picasm\Version 1.20\Osc1MHz_v1_2 for PIC16F887.asm
               MainSelect   0x00000c    program     static F:\Projects\PPMScope\Picasm\Version 1.20\Osc1MHz_v1_2 for PIC16F887.asm
               MainWTrigB   0x0000d6    program     static F:\Projects\PPMScope\Picasm\Version 1.20\Osc1MHz_v1_2 for PIC16F887.asm
             MainWaitTrig   0x0000c6    program     static F:\Projects\PPMScope\Picasm\Version 1.20\Osc1MHz_v1_2 for PIC16F887.asm
                  PutByte   0x00017c    program     static F:\Projects\PPMScope\Picasm\Version 1.20\Osc1MHz_v1_2 for PIC16F887.asm
            PutByteSerial   0x00017e    program     static F:\Projects\PPMScope\Picasm\Version 1.20\Osc1MHz_v1_2 for PIC16F887.asm
                 Sample1M   0x00040e    program     static F:\Projects\PPMScope\Picasm\Version 1.20\Osc1MHz_v1_2 for PIC16F887.asm
            Sample1MhzEnd   0x000813    program     static F:\Projects\PPMScope\Picasm\Version 1.20\Osc1MHz_v1_2 for PIC16F887.asm
              Sample250kA   0x000328    program     static F:\Projects\PPMScope\Picasm\Version 1.20\Osc1MHz_v1_2 for PIC16F887.asm
              Sample250kB   0x00033f    program     static F:\Projects\PPMScope\Picasm\Version 1.20\Osc1MHz_v1_2 for PIC16F887.asm
              Sample250kC   0x000356    program     static F:\Projects\PPMScope\Picasm\Version 1.20\Osc1MHz_v1_2 for PIC16F887.asm
              Sample250kD   0x00036d    program     static F:\Projects\PPMScope\Picasm\Version 1.20\Osc1MHz_v1_2 for PIC16F887.asm
           Sample417k250k   0x000318    program     static F:\Projects\PPMScope\Picasm\Version 1.20\Osc1MHz_v1_2 for PIC16F887.asm
              Sample417kA   0x000329    program     static F:\Projects\PPMScope\Picasm\Version 1.20\Osc1MHz_v1_2 for PIC16F887.asm
              Sample417kB   0x000340    program     static F:\Projects\PPMScope\Picasm\Version 1.20\Osc1MHz_v1_2 for PIC16F887.asm
              Sample417kC   0x000357    program     static F:\Projects\PPMScope\Picasm\Version 1.20\Osc1MHz_v1_2 for PIC16F887.asm
              Sample417kD   0x00036e    program     static F:\Projects\PPMScope\Picasm\Version 1.20\Osc1MHz_v1_2 for PIC16F887.asm
          Sample417kLoopA   0x000321    program     static F:\Projects\PPMScope\Picasm\Version 1.20\Osc1MHz_v1_2 for PIC16F887.asm
          Sample417kLoopB   0x000338    program     static F:\Projects\PPMScope\Picasm\Version 1.20\Osc1MHz_v1_2 for PIC16F887.asm
          Sample417kLoopC   0x00034f    program     static F:\Projects\PPMScope\Picasm\Version 1.20\Osc1MHz_v1_2 for PIC16F887.asm
          Sample417kLoopD   0x000366    program     static F:\Projects\PPMScope\Picasm\Version 1.20\Osc1MHz_v1_2 for PIC16F887.asm
               Sample625k   0x0002d5    program     static F:\Projects\PPMScope\Picasm\Version 1.20\Osc1MHz_v1_2 for PIC16F887.asm
          Sample625kLoopA   0x0002db    program     static F:\Projects\PPMScope\Picasm\Version 1.20\Osc1MHz_v1_2 for PIC16F887.asm
          Sample625kLoopB   0x0002eb    program     static F:\Projects\PPMScope\Picasm\Version 1.20\Osc1MHz_v1_2 for PIC16F887.asm
          Sample625kLoopC   0x0002fb    program     static F:\Projects\PPMScope\Picasm\Version 1.20\Osc1MHz_v1_2 for PIC16F887.asm
          Sample625kLoopD   0x00030b    program     static F:\Projects\PPMScope\Picasm\Version 1.20\Osc1MHz_v1_2 for PIC16F887.asm
               Sample833k   0x000f15    program     static F:\Projects\PPMScope\Picasm\Version 1.20\Osc1MHz_v1_2 for PIC16F887.asm
            Sample833kEnd   0x00131b    program     static F:\Projects\PPMScope\Picasm\Version 1.20\Osc1MHz_v1_2 for PIC16F887.asm
            SampleDelayed   0x0001c7    program     static F:\Projects\PPMScope\Picasm\Version 1.20\Osc1MHz_v1_2 for PIC16F887.asm
       SampleDelayedLoopA   0x0001d2    program     static F:\Projects\PPMScope\Picasm\Version 1.20\Osc1MHz_v1_2 for PIC16F887.asm
       SampleDelayedLoopB   0x0001ec    program     static F:\Projects\PPMScope\Picasm\Version 1.20\Osc1MHz_v1_2 for PIC16F887.asm
       SampleDelayedLoopC   0x000206    program     static F:\Projects\PPMScope\Picasm\Version 1.20\Osc1MHz_v1_2 for PIC16F887.asm
       SampleDelayedLoopD   0x000220    program     static F:\Projects\PPMScope\Picasm\Version 1.20\Osc1MHz_v1_2 for PIC16F887.asm
              SampleRep2M   0x00194b    program     static F:\Projects\PPMScope\Picasm\Version 1.20\Osc1MHz_v1_2 for PIC16F887.asm
        SampleRep2MPickEn   0x001958    program     static F:\Projects\PPMScope\Picasm\Version 1.20\Osc1MHz_v1_2 for PIC16F887.asm
        SampleRep2MPickSt   0x00194f    program     static F:\Projects\PPMScope\Picasm\Version 1.20\Osc1MHz_v1_2 for PIC16F887.asm
         SampleRep2MStep1   0x001958    program     static F:\Projects\PPMScope\Picasm\Version 1.20\Osc1MHz_v1_2 for PIC16F887.asm
         SampleRep2MStep2   0x001b5f    program     static F:\Projects\PPMScope\Picasm\Version 1.20\Osc1MHz_v1_2 for PIC16F887.asm
         SampleRep2MStep3   0x001d60    program     static F:\Projects\PPMScope\Picasm\Version 1.20\Osc1MHz_v1_2 for PIC16F887.asm
              SampleRep5M   0x001518    program     static F:\Projects\PPMScope\Picasm\Version 1.20\Osc1MHz_v1_2 for PIC16F887.asm
          SampleRep5MEndA   0x001630    program     static F:\Projects\PPMScope\Picasm\Version 1.20\Osc1MHz_v1_2 for PIC16F887.asm
          SampleRep5MEndB   0x001635    program     static F:\Projects\PPMScope\Picasm\Version 1.20\Osc1MHz_v1_2 for PIC16F887.asm
          SampleRep5MEndC   0x001633    program     static F:\Projects\PPMScope\Picasm\Version 1.20\Osc1MHz_v1_2 for PIC16F887.asm
        SampleRep5MPickEn   0x00152b    program     static F:\Projects\PPMScope\Picasm\Version 1.20\Osc1MHz_v1_2 for PIC16F887.asm
        SampleRep5MPickSt   0x00151c    program     static F:\Projects\PPMScope\Picasm\Version 1.20\Osc1MHz_v1_2 for PIC16F887.asm
         SampleRep5MStep1   0x00152b    program     static F:\Projects\PPMScope\Picasm\Version 1.20\Osc1MHz_v1_2 for PIC16F887.asm
         SampleRep5MStep2   0x00163b    program     static F:\Projects\PPMScope\Picasm\Version 1.20\Osc1MHz_v1_2 for PIC16F887.asm
         SampleRep5MStep3   0x00173e    program     static F:\Projects\PPMScope\Picasm\Version 1.20\Osc1MHz_v1_2 for PIC16F887.asm
         SampleRep5MStep4   0x001841    program     static F:\Projects\PPMScope\Picasm\Version 1.20\Osc1MHz_v1_2 for PIC16F887.asm
         SampleRep5MStep5   0x001945    program     static F:\Projects\PPMScope\Picasm\Version 1.20\Osc1MHz_v1_2 for PIC16F887.asm
         SampleXY250k192k   0x00037b    program     static F:\Projects\PPMScope\Picasm\Version 1.20\Osc1MHz_v1_2 for PIC16F887.asm
           SampleXY250kLA   0x00038a    program     static F:\Projects\PPMScope\Picasm\Version 1.20\Osc1MHz_v1_2 for PIC16F887.asm
           SampleXY250kLB   0x0003ae    program     static F:\Projects\PPMScope\Picasm\Version 1.20\Osc1MHz_v1_2 for PIC16F887.asm
           SampleXY250kLC   0x0003d2    program     static F:\Projects\PPMScope\Picasm\Version 1.20\Osc1MHz_v1_2 for PIC16F887.asm
           SampleXY250kLD   0x0003f6    program     static F:\Projects\PPMScope\Picasm\Version 1.20\Osc1MHz_v1_2 for PIC16F887.asm
             SampleXY417k   0x000912    program     static F:\Projects\PPMScope\Picasm\Version 1.20\Osc1MHz_v1_2 for PIC16F887.asm
          SampleXYDelayed   0x000232    program     static F:\Projects\PPMScope\Picasm\Version 1.20\Osc1MHz_v1_2 for PIC16F887.asm
        SampleXYDelayedLA   0x000244    program     static F:\Projects\PPMScope\Picasm\Version 1.20\Osc1MHz_v1_2 for PIC16F887.asm
        SampleXYDelayedLB   0x00026c    program     static F:\Projects\PPMScope\Picasm\Version 1.20\Osc1MHz_v1_2 for PIC16F887.asm
        SampleXYDelayedLC   0x000294    program     static F:\Projects\PPMScope\Picasm\Version 1.20\Osc1MHz_v1_2 for PIC16F887.asm
        SampleXYDelayedLD   0x0002bc    program     static F:\Projects\PPMScope\Picasm\Version 1.20\Osc1MHz_v1_2 for PIC16F887.asm
        StSample417kLoopB   0x00033d    program     static F:\Projects\PPMScope\Picasm\Version 1.20\Osc1MHz_v1_2 for PIC16F887.asm
        StSample417kLoopC   0x000354    program     static F:\Projects\PPMScope\Picasm\Version 1.20\Osc1MHz_v1_2 for PIC16F887.asm
        StSample417kLoopD   0x00036b    program     static F:\Projects\PPMScope\Picasm\Version 1.20\Osc1MHz_v1_2 for PIC16F887.asm
     StSampleDelayedLoopA   0x0001d7    program     static F:\Projects\PPMScope\Picasm\Version 1.20\Osc1MHz_v1_2 for PIC16F887.asm
                 WaitByte   0x000164    program     static F:\Projects\PPMScope\Picasm\Version 1.20\Osc1MHz_v1_2 for PIC16F887.asm
                 WaitComm   0x0000e0    program     static F:\Projects\PPMScope\Picasm\Version 1.20\Osc1MHz_v1_2 for PIC16F887.asm
            WaitComm_Conf   0x000128    program     static F:\Projects\PPMScope\Picasm\Version 1.20\Osc1MHz_v1_2 for PIC16F887.asm
            WaitComm_Data   0x0000e5    program     static F:\Projects\PPMScope\Picasm\Version 1.20\Osc1MHz_v1_2 for PIC16F887.asm
             WaitComm_Rec   0x000148    program     static F:\Projects\PPMScope\Picasm\Version 1.20\Osc1MHz_v1_2 for PIC16F887.asm
       WaitComm_SendDataA   0x0000ec    program     static F:\Projects\PPMScope\Picasm\Version 1.20\Osc1MHz_v1_2 for PIC16F887.asm
       WaitComm_SendDataB   0x0000f9    program     static F:\Projects\PPMScope\Picasm\Version 1.20\Osc1MHz_v1_2 for PIC16F887.asm
       WaitComm_SendDataC   0x000106    program     static F:\Projects\PPMScope\Picasm\Version 1.20\Osc1MHz_v1_2 for PIC16F887.asm
       WaitComm_SendDataD   0x000113    program     static F:\Projects\PPMScope\Picasm\Version 1.20\Osc1MHz_v1_2 for PIC16F887.asm
    WaitComm_SendDataExit   0x00011c    program     static F:\Projects\PPMScope\Picasm\Version 1.20\Osc1MHz_v1_2 for PIC16F887.asm
            WaitComm_Test   0x0000e1    program     static F:\Projects\PPMScope\Picasm\Version 1.20\Osc1MHz_v1_2 for PIC16F887.asm



                              Symbols - Sorted by Address
                     Name    Address   Location    Storage File                     
                ---------  ---------  ---------  --------- ---------                
               IntHandler   0x000004    program     static F:\Projects\PPMScope\Picasm\Version 1.20\Osc1MHz_v1_2 for PIC16F887.asm
               MainSelect   0x00000c    program     static F:\Projects\PPMScope\Picasm\Version 1.20\Osc1MHz_v1_2 for PIC16F887.asm
              I2CSGetStop   0x00003d    program     static F:\Projects\PPMScope\Picasm\Version 1.20\i2cs.inc
            I2CSGetStopL1   0x000041    program     static F:\Projects\PPMScope\Picasm\Version 1.20\i2cs.inc
            I2CSGetStopL2   0x000048    program     static F:\Projects\PPMScope\Picasm\Version 1.20\i2cs.inc
            I2CSGetStopL3   0x00004f    program     static F:\Projects\PPMScope\Picasm\Version 1.20\i2cs.inc
            I2CSWaitStart   0x000052    program     static F:\Projects\PPMScope\Picasm\Version 1.20\i2cs.inc
          I2CSWaitStartL3   0x000055    program     static F:\Projects\PPMScope\Picasm\Version 1.20\i2cs.inc
          I2CSWaitStartL2   0x000059    program     static F:\Projects\PPMScope\Picasm\Version 1.20\i2cs.inc
          I2CSWaitStartL1   0x00005d    program     static F:\Projects\PPMScope\Picasm\Version 1.20\i2cs.inc
              I2CSGetByte   0x00005f    program     static F:\Projects\PPMScope\Picasm\Version 1.20\i2cs.inc
            I2CSGetByteL1   0x000062    program     static F:\Projects\PPMScope\Picasm\Version 1.20\i2cs.inc
            I2CSGetByteL2   0x000068    program     static F:\Projects\PPMScope\Picasm\Version 1.20\i2cs.inc
               I2CSPutAck   0x00006c    program     static F:\Projects\PPMScope\Picasm\Version 1.20\i2cs.inc
             I2CSPutAckL1   0x000070    program     static F:\Projects\PPMScope\Picasm\Version 1.20\i2cs.inc
             I2CSPutAckL2   0x000072    program     static F:\Projects\PPMScope\Picasm\Version 1.20\i2cs.inc
              I2CSPutByte   0x000078    program     static F:\Projects\PPMScope\Picasm\Version 1.20\i2cs.inc
            I2CSPutByteL1   0x00007c    program     static F:\Projects\PPMScope\Picasm\Version 1.20\i2cs.inc
           I2CSPutByteL1S   0x00007e    program     static F:\Projects\PPMScope\Picasm\Version 1.20\i2cs.inc
            I2CSPutByteL2   0x000083    program     static F:\Projects\PPMScope\Picasm\Version 1.20\i2cs.inc
            I2CSPutByteL3   0x000088    program     static F:\Projects\PPMScope\Picasm\Version 1.20\i2cs.inc
               I2CSGetAck   0x00008d    program     static F:\Projects\PPMScope\Picasm\Version 1.20\i2cs.inc
             I2CSGetAckL1   0x000092    program     static F:\Projects\PPMScope\Picasm\Version 1.20\i2cs.inc
                  Initial   0x000095    program     static F:\Projects\PPMScope\Picasm\Version 1.20\Osc1MHz_v1_2 for PIC16F887.asm
                     Main   0x0000b7    program     static F:\Projects\PPMScope\Picasm\Version 1.20\Osc1MHz_v1_2 for PIC16F887.asm
                    MainB   0x0000b9    program     static F:\Projects\PPMScope\Picasm\Version 1.20\Osc1MHz_v1_2 for PIC16F887.asm
             MainWaitTrig   0x0000c6    program     static F:\Projects\PPMScope\Picasm\Version 1.20\Osc1MHz_v1_2 for PIC16F887.asm
               MainWTrigB   0x0000d6    program     static F:\Projects\PPMScope\Picasm\Version 1.20\Osc1MHz_v1_2 for PIC16F887.asm
                 WaitComm   0x0000e0    program     static F:\Projects\PPMScope\Picasm\Version 1.20\Osc1MHz_v1_2 for PIC16F887.asm
            WaitComm_Test   0x0000e1    program     static F:\Projects\PPMScope\Picasm\Version 1.20\Osc1MHz_v1_2 for PIC16F887.asm
            WaitComm_Data   0x0000e5    program     static F:\Projects\PPMScope\Picasm\Version 1.20\Osc1MHz_v1_2 for PIC16F887.asm
       WaitComm_SendDataA   0x0000ec    program     static F:\Projects\PPMScope\Picasm\Version 1.20\Osc1MHz_v1_2 for PIC16F887.asm
       WaitComm_SendDataB   0x0000f9    program     static F:\Projects\PPMScope\Picasm\Version 1.20\Osc1MHz_v1_2 for PIC16F887.asm
       WaitComm_SendDataC   0x000106    program     static F:\Projects\PPMScope\Picasm\Version 1.20\Osc1MHz_v1_2 for PIC16F887.asm
       WaitComm_SendDataD   0x000113    program     static F:\Projects\PPMScope\Picasm\Version 1.20\Osc1MHz_v1_2 for PIC16F887.asm
    WaitComm_SendDataExit   0x00011c    program     static F:\Projects\PPMScope\Picasm\Version 1.20\Osc1MHz_v1_2 for PIC16F887.asm
            WaitComm_Conf   0x000128    program     static F:\Projects\PPMScope\Picasm\Version 1.20\Osc1MHz_v1_2 for PIC16F887.asm
             WaitComm_Rec   0x000148    program     static F:\Projects\PPMScope\Picasm\Version 1.20\Osc1MHz_v1_2 for PIC16F887.asm
                 WaitByte   0x000164    program     static F:\Projects\PPMScope\Picasm\Version 1.20\Osc1MHz_v1_2 for PIC16F887.asm
                  GetByte   0x000167    program     static F:\Projects\PPMScope\Picasm\Version 1.20\Osc1MHz_v1_2 for PIC16F887.asm
            GetByteSerial   0x000169    program     static F:\Projects\PPMScope\Picasm\Version 1.20\Osc1MHz_v1_2 for PIC16F887.asm
           GetByteSerialB   0x00016c    program     static F:\Projects\PPMScope\Picasm\Version 1.20\Osc1MHz_v1_2 for PIC16F887.asm
           GetByteSerialC   0x000170    program     static F:\Projects\PPMScope\Picasm\Version 1.20\Osc1MHz_v1_2 for PIC16F887.asm
           GetByteSerialD   0x000174    program     static F:\Projects\PPMScope\Picasm\Version 1.20\Osc1MHz_v1_2 for PIC16F887.asm
           GetByteSerialE   0x000178    program     static F:\Projects\PPMScope\Picasm\Version 1.20\Osc1MHz_v1_2 for PIC16F887.asm
                  PutByte   0x00017c    program     static F:\Projects\PPMScope\Picasm\Version 1.20\Osc1MHz_v1_2 for PIC16F887.asm
            PutByteSerial   0x00017e    program     static F:\Projects\PPMScope\Picasm\Version 1.20\Osc1MHz_v1_2 for PIC16F887.asm
                    Delay   0x000183    program     static F:\Projects\PPMScope\Picasm\Version 1.20\Osc1MHz_v1_2 for PIC16F887.asm
                DelayLoop   0x000184    program     static F:\Projects\PPMScope\Picasm\Version 1.20\Osc1MHz_v1_2 for PIC16F887.asm
              ADCShutdown   0x00018e    program     static F:\Projects\PPMScope\Picasm\Version 1.20\Osc1MHz_v1_2 for PIC16F887.asm
            SampleDelayed   0x0001c7    program     static F:\Projects\PPMScope\Picasm\Version 1.20\Osc1MHz_v1_2 for PIC16F887.asm
       SampleDelayedLoopA   0x0001d2    program     static F:\Projects\PPMScope\Picasm\Version 1.20\Osc1MHz_v1_2 for PIC16F887.asm
     StSampleDelayedLoopA   0x0001d7    program     static F:\Projects\PPMScope\Picasm\Version 1.20\Osc1MHz_v1_2 for PIC16F887.asm
       SampleDelayedLoopB   0x0001ec    program     static F:\Projects\PPMScope\Picasm\Version 1.20\Osc1MHz_v1_2 for PIC16F887.asm
       SampleDelayedLoopC   0x000206    program     static F:\Projects\PPMScope\Picasm\Version 1.20\Osc1MHz_v1_2 for PIC16F887.asm
       SampleDelayedLoopD   0x000220    program     static F:\Projects\PPMScope\Picasm\Version 1.20\Osc1MHz_v1_2 for PIC16F887.asm
          SampleXYDelayed   0x000232    program     static F:\Projects\PPMScope\Picasm\Version 1.20\Osc1MHz_v1_2 for PIC16F887.asm
        SampleXYDelayedLA   0x000244    program     static F:\Projects\PPMScope\Picasm\Version 1.20\Osc1MHz_v1_2 for PIC16F887.asm
        SampleXYDelayedLB   0x00026c    program     static F:\Projects\PPMScope\Picasm\Version 1.20\Osc1MHz_v1_2 for PIC16F887.asm
        SampleXYDelayedLC   0x000294    program     static F:\Projects\PPMScope\Picasm\Version 1.20\Osc1MHz_v1_2 for PIC16F887.asm
        SampleXYDelayedLD   0x0002bc    program     static F:\Projects\PPMScope\Picasm\Version 1.20\Osc1MHz_v1_2 for PIC16F887.asm
               Sample625k   0x0002d5    program     static F:\Projects\PPMScope\Picasm\Version 1.20\Osc1MHz_v1_2 for PIC16F887.asm
          Sample625kLoopA   0x0002db    program     static F:\Projects\PPMScope\Picasm\Version 1.20\Osc1MHz_v1_2 for PIC16F887.asm
          Sample625kLoopB   0x0002eb    program     static F:\Projects\PPMScope\Picasm\Version 1.20\Osc1MHz_v1_2 for PIC16F887.asm
          Sample625kLoopC   0x0002fb    program     static F:\Projects\PPMScope\Picasm\Version 1.20\Osc1MHz_v1_2 for PIC16F887.asm
          Sample625kLoopD   0x00030b    program     static F:\Projects\PPMScope\Picasm\Version 1.20\Osc1MHz_v1_2 for PIC16F887.asm
           Sample417k250k   0x000318    program     static F:\Projects\PPMScope\Picasm\Version 1.20\Osc1MHz_v1_2 for PIC16F887.asm
          Sample417kLoopA   0x000321    program     static F:\Projects\PPMScope\Picasm\Version 1.20\Osc1MHz_v1_2 for PIC16F887.asm
              Sample250kA   0x000328    program     static F:\Projects\PPMScope\Picasm\Version 1.20\Osc1MHz_v1_2 for PIC16F887.asm
              Sample417kA   0x000329    program     static F:\Projects\PPMScope\Picasm\Version 1.20\Osc1MHz_v1_2 for PIC16F887.asm
          Sample417kLoopB   0x000338    program     static F:\Projects\PPMScope\Picasm\Version 1.20\Osc1MHz_v1_2 for PIC16F887.asm
        StSample417kLoopB   0x00033d    program     static F:\Projects\PPMScope\Picasm\Version 1.20\Osc1MHz_v1_2 for PIC16F887.asm
              Sample250kB   0x00033f    program     static F:\Projects\PPMScope\Picasm\Version 1.20\Osc1MHz_v1_2 for PIC16F887.asm
              Sample417kB   0x000340    program     static F:\Projects\PPMScope\Picasm\Version 1.20\Osc1MHz_v1_2 for PIC16F887.asm
          Sample417kLoopC   0x00034f    program     static F:\Projects\PPMScope\Picasm\Version 1.20\Osc1MHz_v1_2 for PIC16F887.asm
        StSample417kLoopC   0x000354    program     static F:\Projects\PPMScope\Picasm\Version 1.20\Osc1MHz_v1_2 for PIC16F887.asm
              Sample250kC   0x000356    program     static F:\Projects\PPMScope\Picasm\Version 1.20\Osc1MHz_v1_2 for PIC16F887.asm
              Sample417kC   0x000357    program     static F:\Projects\PPMScope\Picasm\Version 1.20\Osc1MHz_v1_2 for PIC16F887.asm
          Sample417kLoopD   0x000366    program     static F:\Projects\PPMScope\Picasm\Version 1.20\Osc1MHz_v1_2 for PIC16F887.asm
        StSample417kLoopD   0x00036b    program     static F:\Projects\PPMScope\Picasm\Version 1.20\Osc1MHz_v1_2 for PIC16F887.asm
              Sample250kD   0x00036d    program     static F:\Projects\PPMScope\Picasm\Version 1.20\Osc1MHz_v1_2 for PIC16F887.asm
              Sample417kD   0x00036e    program     static F:\Projects\PPMScope\Picasm\Version 1.20\Osc1MHz_v1_2 for PIC16F887.asm
               DelaySeven   0x000377    program     static F:\Projects\PPMScope\Picasm\Version 1.20\Osc1MHz_v1_2 for PIC16F887.asm
                DelayFive   0x000378    program     static F:\Projects\PPMScope\Picasm\Version 1.20\Osc1MHz_v1_2 for PIC16F887.asm
                 DelayTwo   0x00037a    program     static F:\Projects\PPMScope\Picasm\Version 1.20\Osc1MHz_v1_2 for PIC16F887.asm
         SampleXY250k192k   0x00037b    program     static F:\Projects\PPMScope\Picasm\Version 1.20\Osc1MHz_v1_2 for PIC16F887.asm
           SampleXY250kLA   0x00038a    program     static F:\Projects\PPMScope\Picasm\Version 1.20\Osc1MHz_v1_2 for PIC16F887.asm
           SampleXY250kLB   0x0003ae    program     static F:\Projects\PPMScope\Picasm\Version 1.20\Osc1MHz_v1_2 for PIC16F887.asm
           SampleXY250kLC   0x0003d2    program     static F:\Projects\PPMScope\Picasm\Version 1.20\Osc1MHz_v1_2 for PIC16F887.asm
           SampleXY250kLD   0x0003f6    program     static F:\Projects\PPMScope\Picasm\Version 1.20\Osc1MHz_v1_2 for PIC16F887.asm
                 Sample1M   0x00040e    program     static F:\Projects\PPMScope\Picasm\Version 1.20\Osc1MHz_v1_2 for PIC16F887.asm
            Sample1MhzEnd   0x000813    program     static F:\Projects\PPMScope\Picasm\Version 1.20\Osc1MHz_v1_2 for PIC16F887.asm
             SampleXY417k   0x000912    program     static F:\Projects\PPMScope\Picasm\Version 1.20\Osc1MHz_v1_2 for PIC16F887.asm
               Sample833k   0x000f15    program     static F:\Projects\PPMScope\Picasm\Version 1.20\Osc1MHz_v1_2 for PIC16F887.asm
            Sample833kEnd   0x00131b    program     static F:\Projects\PPMScope\Picasm\Version 1.20\Osc1MHz_v1_2 for PIC16F887.asm
              SampleRep5M   0x001518    program     static F:\Projects\PPMScope\Picasm\Version 1.20\Osc1MHz_v1_2 for PIC16F887.asm
        SampleRep5MPickSt   0x00151c    program     static F:\Projects\PPMScope\Picasm\Version 1.20\Osc1MHz_v1_2 for PIC16F887.asm
         SampleRep5MStep1   0x00152b    program     static F:\Projects\PPMScope\Picasm\Version 1.20\Osc1MHz_v1_2 for PIC16F887.asm
        SampleRep5MPickEn   0x00152b    program     static F:\Projects\PPMScope\Picasm\Version 1.20\Osc1MHz_v1_2 for PIC16F887.asm
          SampleRep5MEndA   0x001630    program     static F:\Projects\PPMScope\Picasm\Version 1.20\Osc1MHz_v1_2 for PIC16F887.asm
          SampleRep5MEndC   0x001633    program     static F:\Projects\PPMScope\Picasm\Version 1.20\Osc1MHz_v1_2 for PIC16F887.asm
          SampleRep5MEndB   0x001635    program     static F:\Projects\PPMScope\Picasm\Version 1.20\Osc1MHz_v1_2 for PIC16F887.asm
         SampleRep5MStep2   0x00163b    program     static F:\Projects\PPMScope\Picasm\Version 1.20\Osc1MHz_v1_2 for PIC16F887.asm
         SampleRep5MStep3   0x00173e    program     static F:\Projects\PPMScope\Picasm\Version 1.20\Osc1MHz_v1_2 for PIC16F887.asm
         SampleRep5MStep4   0x001841    program     static F:\Projects\PPMScope\Picasm\Version 1.20\Osc1MHz_v1_2 for PIC16F887.asm
         SampleRep5MStep5   0x001945    program     static F:\Projects\PPMScope\Picasm\Version 1.20\Osc1MHz_v1_2 for PIC16F887.asm
              SampleRep2M   0x00194b    program     static F:\Projects\PPMScope\Picasm\Version 1.20\Osc1MHz_v1_2 for PIC16F887.asm
        SampleRep2MPickSt   0x00194f    program     static F:\Projects\PPMScope\Picasm\Version 1.20\Osc1MHz_v1_2 for PIC16F887.asm
         SampleRep2MStep1   0x001958    program     static F:\Projects\PPMScope\Picasm\Version 1.20\Osc1MHz_v1_2 for PIC16F887.asm
        SampleRep2MPickEn   0x001958    program     static F:\Projects\PPMScope\Picasm\Version 1.20\Osc1MHz_v1_2 for PIC16F887.asm
         SampleRep2MStep2   0x001b5f    program     static F:\Projects\PPMScope\Picasm\Version 1.20\Osc1MHz_v1_2 for PIC16F887.asm
         SampleRep2MStep3   0x001d60    program     static F:\Projects\PPMScope\Picasm\Version 1.20\Osc1MHz_v1_2 for PIC16F887.asm


