MPLINK 4.43, Linker
Linker Map File - Created Thu Jun 14 14:21:02 2012

                                 Section Info
                  Section       Type    Address   Location Size(Bytes)
                ---------  ---------  ---------  ---------  ---------
                   .org_0       code   0x000000    program   0x000000
                   .org_1       code   0x000000    program   0x000008
                   .org_2       code   0x000004    program   0x0039ec
                  .idlocs       code   0x002000    program   0x000008
.config_2007_DSOSCOPEA01.O       code   0x002007    program   0x000002
.config_2008_DSOSCOPEA01.O       code   0x002008    program   0x000002



                              Program Memory Usage 
                               Start         End      
                           ---------   ---------      
                            0x000000    0x001cf9      
                            0x002000    0x002003      
                            0x002007    0x002008      
            7424 out of 8455 program addresses used, program memory utilization is 87%



                              Symbols - Sorted by Name
                     Name    Address   Location    Storage File                     
                ---------  ---------  ---------  --------- ---------                
              ADCShutdown   0x000121    program     static C:\Users\jweaver\Downloads\DSOscope_A02_Release\DSOscope_A02_Release\FW\A01\DSOscopeA01.asm
                    Delay   0x000116    program     static C:\Users\jweaver\Downloads\DSOscope_A02_Release\DSOscope_A02_Release\FW\A01\DSOscopeA01.asm
                DelayFive   0x00030c    program     static C:\Users\jweaver\Downloads\DSOscope_A02_Release\DSOscope_A02_Release\FW\A01\DSOscopeA01.asm
                DelayFour   0x00030d    program     static C:\Users\jweaver\Downloads\DSOscope_A02_Release\DSOscope_A02_Release\FW\A01\DSOscopeA01.asm
                DelayLoop   0x000117    program     static C:\Users\jweaver\Downloads\DSOscope_A02_Release\DSOscope_A02_Release\FW\A01\DSOscopeA01.asm
               DelaySeven   0x00030a    program     static C:\Users\jweaver\Downloads\DSOscope_A02_Release\DSOscope_A02_Release\FW\A01\DSOscopeA01.asm
                 DelaySix   0x00030b    program     static C:\Users\jweaver\Downloads\DSOscope_A02_Release\DSOscope_A02_Release\FW\A01\DSOscopeA01.asm
                 DelayTwo   0x00030e    program     static C:\Users\jweaver\Downloads\DSOscope_A02_Release\DSOscope_A02_Release\FW\A01\DSOscopeA01.asm
                  GetByte   0x000100    program     static C:\Users\jweaver\Downloads\DSOscope_A02_Release\DSOscope_A02_Release\FW\A01\DSOscopeA01.asm
            GetByteSerial   0x000100    program     static C:\Users\jweaver\Downloads\DSOscope_A02_Release\DSOscope_A02_Release\FW\A01\DSOscopeA01.asm
           GetByteSerialB   0x000102    program     static C:\Users\jweaver\Downloads\DSOscope_A02_Release\DSOscope_A02_Release\FW\A01\DSOscopeA01.asm
           GetByteSerialC   0x000106    program     static C:\Users\jweaver\Downloads\DSOscope_A02_Release\DSOscope_A02_Release\FW\A01\DSOscopeA01.asm
           GetByteSerialD   0x00010a    program     static C:\Users\jweaver\Downloads\DSOscope_A02_Release\DSOscope_A02_Release\FW\A01\DSOscopeA01.asm
           GetByteSerialE   0x00010e    program     static C:\Users\jweaver\Downloads\DSOscope_A02_Release\DSOscope_A02_Release\FW\A01\DSOscopeA01.asm
                  Initial   0x000032    program     static C:\Users\jweaver\Downloads\DSOscope_A02_Release\DSOscope_A02_Release\FW\A01\DSOscopeA01.asm
               IntHandler   0x000004    program     static C:\Users\jweaver\Downloads\DSOscope_A02_Release\DSOscope_A02_Release\FW\A01\DSOscopeA01.asm
                     Main   0x000054    program     static C:\Users\jweaver\Downloads\DSOscope_A02_Release\DSOscope_A02_Release\FW\A01\DSOscopeA01.asm
                    MainB   0x000056    program     static C:\Users\jweaver\Downloads\DSOscope_A02_Release\DSOscope_A02_Release\FW\A01\DSOscopeA01.asm
               MainSelect   0x00000d    program     static C:\Users\jweaver\Downloads\DSOscope_A02_Release\DSOscope_A02_Release\FW\A01\DSOscopeA01.asm
               MainWTrigB   0x000073    program     static C:\Users\jweaver\Downloads\DSOscope_A02_Release\DSOscope_A02_Release\FW\A01\DSOscopeA01.asm
             MainWaitTrig   0x000063    program     static C:\Users\jweaver\Downloads\DSOscope_A02_Release\DSOscope_A02_Release\FW\A01\DSOscopeA01.asm
                  PutByte   0x000111    program     static C:\Users\jweaver\Downloads\DSOscope_A02_Release\DSOscope_A02_Release\FW\A01\DSOscopeA01.asm
            PutByteSerial   0x000111    program     static C:\Users\jweaver\Downloads\DSOscope_A02_Release\DSOscope_A02_Release\FW\A01\DSOscopeA01.asm
                 Sample1M   0x0003a2    program     static C:\Users\jweaver\Downloads\DSOscope_A02_Release\DSOscope_A02_Release\FW\A01\DSOscopeA01.asm
            Sample1MhzEnd   0x0007a7    program     static C:\Users\jweaver\Downloads\DSOscope_A02_Release\DSOscope_A02_Release\FW\A01\DSOscopeA01.asm
              Sample250kA   0x0002bb    program     static C:\Users\jweaver\Downloads\DSOscope_A02_Release\DSOscope_A02_Release\FW\A01\DSOscopeA01.asm
              Sample250kB   0x0002d2    program     static C:\Users\jweaver\Downloads\DSOscope_A02_Release\DSOscope_A02_Release\FW\A01\DSOscopeA01.asm
              Sample250kC   0x0002e9    program     static C:\Users\jweaver\Downloads\DSOscope_A02_Release\DSOscope_A02_Release\FW\A01\DSOscopeA01.asm
              Sample250kD   0x000300    program     static C:\Users\jweaver\Downloads\DSOscope_A02_Release\DSOscope_A02_Release\FW\A01\DSOscopeA01.asm
           Sample417k250k   0x0002ab    program     static C:\Users\jweaver\Downloads\DSOscope_A02_Release\DSOscope_A02_Release\FW\A01\DSOscopeA01.asm
              Sample417kA   0x0002bc    program     static C:\Users\jweaver\Downloads\DSOscope_A02_Release\DSOscope_A02_Release\FW\A01\DSOscopeA01.asm
              Sample417kB   0x0002d3    program     static C:\Users\jweaver\Downloads\DSOscope_A02_Release\DSOscope_A02_Release\FW\A01\DSOscopeA01.asm
              Sample417kC   0x0002ea    program     static C:\Users\jweaver\Downloads\DSOscope_A02_Release\DSOscope_A02_Release\FW\A01\DSOscopeA01.asm
              Sample417kD   0x000301    program     static C:\Users\jweaver\Downloads\DSOscope_A02_Release\DSOscope_A02_Release\FW\A01\DSOscopeA01.asm
          Sample417kLoopA   0x0002b4    program     static C:\Users\jweaver\Downloads\DSOscope_A02_Release\DSOscope_A02_Release\FW\A01\DSOscopeA01.asm
          Sample417kLoopB   0x0002cb    program     static C:\Users\jweaver\Downloads\DSOscope_A02_Release\DSOscope_A02_Release\FW\A01\DSOscopeA01.asm
          Sample417kLoopC   0x0002e2    program     static C:\Users\jweaver\Downloads\DSOscope_A02_Release\DSOscope_A02_Release\FW\A01\DSOscopeA01.asm
          Sample417kLoopD   0x0002f9    program     static C:\Users\jweaver\Downloads\DSOscope_A02_Release\DSOscope_A02_Release\FW\A01\DSOscopeA01.asm
               Sample625k   0x000268    program     static C:\Users\jweaver\Downloads\DSOscope_A02_Release\DSOscope_A02_Release\FW\A01\DSOscopeA01.asm
          Sample625kLoopA   0x00026e    program     static C:\Users\jweaver\Downloads\DSOscope_A02_Release\DSOscope_A02_Release\FW\A01\DSOscopeA01.asm
          Sample625kLoopB   0x00027e    program     static C:\Users\jweaver\Downloads\DSOscope_A02_Release\DSOscope_A02_Release\FW\A01\DSOscopeA01.asm
          Sample625kLoopC   0x00028e    program     static C:\Users\jweaver\Downloads\DSOscope_A02_Release\DSOscope_A02_Release\FW\A01\DSOscopeA01.asm
          Sample625kLoopD   0x00029e    program     static C:\Users\jweaver\Downloads\DSOscope_A02_Release\DSOscope_A02_Release\FW\A01\DSOscopeA01.asm
               Sample833k   0x000ea9    program     static C:\Users\jweaver\Downloads\DSOscope_A02_Release\DSOscope_A02_Release\FW\A01\DSOscopeA01.asm
            Sample833kEnd   0x0012af    program     static C:\Users\jweaver\Downloads\DSOscope_A02_Release\DSOscope_A02_Release\FW\A01\DSOscopeA01.asm
            SampleDelayed   0x00015a    program     static C:\Users\jweaver\Downloads\DSOscope_A02_Release\DSOscope_A02_Release\FW\A01\DSOscopeA01.asm
       SampleDelayedLoopA   0x000165    program     static C:\Users\jweaver\Downloads\DSOscope_A02_Release\DSOscope_A02_Release\FW\A01\DSOscopeA01.asm
       SampleDelayedLoopB   0x00017f    program     static C:\Users\jweaver\Downloads\DSOscope_A02_Release\DSOscope_A02_Release\FW\A01\DSOscopeA01.asm
       SampleDelayedLoopC   0x000199    program     static C:\Users\jweaver\Downloads\DSOscope_A02_Release\DSOscope_A02_Release\FW\A01\DSOscopeA01.asm
       SampleDelayedLoopD   0x0001b3    program     static C:\Users\jweaver\Downloads\DSOscope_A02_Release\DSOscope_A02_Release\FW\A01\DSOscopeA01.asm
              SampleRep2M   0x0018df    program     static C:\Users\jweaver\Downloads\DSOscope_A02_Release\DSOscope_A02_Release\FW\A01\DSOscopeA01.asm
        SampleRep2MPickEn   0x0018ec    program     static C:\Users\jweaver\Downloads\DSOscope_A02_Release\DSOscope_A02_Release\FW\A01\DSOscopeA01.asm
        SampleRep2MPickSt   0x0018e3    program     static C:\Users\jweaver\Downloads\DSOscope_A02_Release\DSOscope_A02_Release\FW\A01\DSOscopeA01.asm
         SampleRep2MStep1   0x0018ec    program     static C:\Users\jweaver\Downloads\DSOscope_A02_Release\DSOscope_A02_Release\FW\A01\DSOscopeA01.asm
         SampleRep2MStep2   0x001af3    program     static C:\Users\jweaver\Downloads\DSOscope_A02_Release\DSOscope_A02_Release\FW\A01\DSOscopeA01.asm
         SampleRep2MStep3   0x001cf4    program     static C:\Users\jweaver\Downloads\DSOscope_A02_Release\DSOscope_A02_Release\FW\A01\DSOscopeA01.asm
              SampleRep5M   0x0014ac    program     static C:\Users\jweaver\Downloads\DSOscope_A02_Release\DSOscope_A02_Release\FW\A01\DSOscopeA01.asm
          SampleRep5MEndA   0x0015c4    program     static C:\Users\jweaver\Downloads\DSOscope_A02_Release\DSOscope_A02_Release\FW\A01\DSOscopeA01.asm
          SampleRep5MEndB   0x0015c9    program     static C:\Users\jweaver\Downloads\DSOscope_A02_Release\DSOscope_A02_Release\FW\A01\DSOscopeA01.asm
          SampleRep5MEndC   0x0015c7    program     static C:\Users\jweaver\Downloads\DSOscope_A02_Release\DSOscope_A02_Release\FW\A01\DSOscopeA01.asm
        SampleRep5MPickEn   0x0014bf    program     static C:\Users\jweaver\Downloads\DSOscope_A02_Release\DSOscope_A02_Release\FW\A01\DSOscopeA01.asm
        SampleRep5MPickSt   0x0014b0    program     static C:\Users\jweaver\Downloads\DSOscope_A02_Release\DSOscope_A02_Release\FW\A01\DSOscopeA01.asm
         SampleRep5MStep1   0x0014bf    program     static C:\Users\jweaver\Downloads\DSOscope_A02_Release\DSOscope_A02_Release\FW\A01\DSOscopeA01.asm
         SampleRep5MStep2   0x0015cf    program     static C:\Users\jweaver\Downloads\DSOscope_A02_Release\DSOscope_A02_Release\FW\A01\DSOscopeA01.asm
         SampleRep5MStep3   0x0016d2    program     static C:\Users\jweaver\Downloads\DSOscope_A02_Release\DSOscope_A02_Release\FW\A01\DSOscopeA01.asm
         SampleRep5MStep4   0x0017d5    program     static C:\Users\jweaver\Downloads\DSOscope_A02_Release\DSOscope_A02_Release\FW\A01\DSOscopeA01.asm
         SampleRep5MStep5   0x0018d9    program     static C:\Users\jweaver\Downloads\DSOscope_A02_Release\DSOscope_A02_Release\FW\A01\DSOscopeA01.asm
         SampleXY250k192k   0x00030f    program     static C:\Users\jweaver\Downloads\DSOscope_A02_Release\DSOscope_A02_Release\FW\A01\DSOscopeA01.asm
           SampleXY250kLA   0x00031e    program     static C:\Users\jweaver\Downloads\DSOscope_A02_Release\DSOscope_A02_Release\FW\A01\DSOscopeA01.asm
           SampleXY250kLB   0x000342    program     static C:\Users\jweaver\Downloads\DSOscope_A02_Release\DSOscope_A02_Release\FW\A01\DSOscopeA01.asm
           SampleXY250kLC   0x000366    program     static C:\Users\jweaver\Downloads\DSOscope_A02_Release\DSOscope_A02_Release\FW\A01\DSOscopeA01.asm
           SampleXY250kLD   0x00038a    program     static C:\Users\jweaver\Downloads\DSOscope_A02_Release\DSOscope_A02_Release\FW\A01\DSOscopeA01.asm
             SampleXY417k   0x0008a6    program     static C:\Users\jweaver\Downloads\DSOscope_A02_Release\DSOscope_A02_Release\FW\A01\DSOscopeA01.asm
          SampleXYDelayed   0x0001c5    program     static C:\Users\jweaver\Downloads\DSOscope_A02_Release\DSOscope_A02_Release\FW\A01\DSOscopeA01.asm
        SampleXYDelayedLA   0x0001d7    program     static C:\Users\jweaver\Downloads\DSOscope_A02_Release\DSOscope_A02_Release\FW\A01\DSOscopeA01.asm
        SampleXYDelayedLB   0x0001ff    program     static C:\Users\jweaver\Downloads\DSOscope_A02_Release\DSOscope_A02_Release\FW\A01\DSOscopeA01.asm
        SampleXYDelayedLC   0x000227    program     static C:\Users\jweaver\Downloads\DSOscope_A02_Release\DSOscope_A02_Release\FW\A01\DSOscopeA01.asm
        SampleXYDelayedLD   0x00024f    program     static C:\Users\jweaver\Downloads\DSOscope_A02_Release\DSOscope_A02_Release\FW\A01\DSOscopeA01.asm
        StSample417kLoopB   0x0002d0    program     static C:\Users\jweaver\Downloads\DSOscope_A02_Release\DSOscope_A02_Release\FW\A01\DSOscopeA01.asm
        StSample417kLoopC   0x0002e7    program     static C:\Users\jweaver\Downloads\DSOscope_A02_Release\DSOscope_A02_Release\FW\A01\DSOscopeA01.asm
        StSample417kLoopD   0x0002fe    program     static C:\Users\jweaver\Downloads\DSOscope_A02_Release\DSOscope_A02_Release\FW\A01\DSOscopeA01.asm
     StSampleDelayedLoopA   0x00016a    program     static C:\Users\jweaver\Downloads\DSOscope_A02_Release\DSOscope_A02_Release\FW\A01\DSOscopeA01.asm
                 WaitByte   0x000100    program     static C:\Users\jweaver\Downloads\DSOscope_A02_Release\DSOscope_A02_Release\FW\A01\DSOscopeA01.asm
                 WaitComm   0x00007c    program     static C:\Users\jweaver\Downloads\DSOscope_A02_Release\DSOscope_A02_Release\FW\A01\DSOscopeA01.asm
            WaitComm_Conf   0x0000c4    program     static C:\Users\jweaver\Downloads\DSOscope_A02_Release\DSOscope_A02_Release\FW\A01\DSOscopeA01.asm
            WaitComm_Data   0x000081    program     static C:\Users\jweaver\Downloads\DSOscope_A02_Release\DSOscope_A02_Release\FW\A01\DSOscopeA01.asm
             WaitComm_Rec   0x0000e4    program     static C:\Users\jweaver\Downloads\DSOscope_A02_Release\DSOscope_A02_Release\FW\A01\DSOscopeA01.asm
       WaitComm_SendDataA   0x000088    program     static C:\Users\jweaver\Downloads\DSOscope_A02_Release\DSOscope_A02_Release\FW\A01\DSOscopeA01.asm
       WaitComm_SendDataB   0x000095    program     static C:\Users\jweaver\Downloads\DSOscope_A02_Release\DSOscope_A02_Release\FW\A01\DSOscopeA01.asm
       WaitComm_SendDataC   0x0000a2    program     static C:\Users\jweaver\Downloads\DSOscope_A02_Release\DSOscope_A02_Release\FW\A01\DSOscopeA01.asm
       WaitComm_SendDataD   0x0000af    program     static C:\Users\jweaver\Downloads\DSOscope_A02_Release\DSOscope_A02_Release\FW\A01\DSOscopeA01.asm
    WaitComm_SendDataExit   0x0000b8    program     static C:\Users\jweaver\Downloads\DSOscope_A02_Release\DSOscope_A02_Release\FW\A01\DSOscopeA01.asm
            WaitComm_Test   0x00007d    program     static C:\Users\jweaver\Downloads\DSOscope_A02_Release\DSOscope_A02_Release\FW\A01\DSOscopeA01.asm



                              Symbols - Sorted by Address
                     Name    Address   Location    Storage File                     
                ---------  ---------  ---------  --------- ---------                
               IntHandler   0x000004    program     static C:\Users\jweaver\Downloads\DSOscope_A02_Release\DSOscope_A02_Release\FW\A01\DSOscopeA01.asm
               MainSelect   0x00000d    program     static C:\Users\jweaver\Downloads\DSOscope_A02_Release\DSOscope_A02_Release\FW\A01\DSOscopeA01.asm
                  Initial   0x000032    program     static C:\Users\jweaver\Downloads\DSOscope_A02_Release\DSOscope_A02_Release\FW\A01\DSOscopeA01.asm
                     Main   0x000054    program     static C:\Users\jweaver\Downloads\DSOscope_A02_Release\DSOscope_A02_Release\FW\A01\DSOscopeA01.asm
                    MainB   0x000056    program     static C:\Users\jweaver\Downloads\DSOscope_A02_Release\DSOscope_A02_Release\FW\A01\DSOscopeA01.asm
             MainWaitTrig   0x000063    program     static C:\Users\jweaver\Downloads\DSOscope_A02_Release\DSOscope_A02_Release\FW\A01\DSOscopeA01.asm
               MainWTrigB   0x000073    program     static C:\Users\jweaver\Downloads\DSOscope_A02_Release\DSOscope_A02_Release\FW\A01\DSOscopeA01.asm
                 WaitComm   0x00007c    program     static C:\Users\jweaver\Downloads\DSOscope_A02_Release\DSOscope_A02_Release\FW\A01\DSOscopeA01.asm
            WaitComm_Test   0x00007d    program     static C:\Users\jweaver\Downloads\DSOscope_A02_Release\DSOscope_A02_Release\FW\A01\DSOscopeA01.asm
            WaitComm_Data   0x000081    program     static C:\Users\jweaver\Downloads\DSOscope_A02_Release\DSOscope_A02_Release\FW\A01\DSOscopeA01.asm
       WaitComm_SendDataA   0x000088    program     static C:\Users\jweaver\Downloads\DSOscope_A02_Release\DSOscope_A02_Release\FW\A01\DSOscopeA01.asm
       WaitComm_SendDataB   0x000095    program     static C:\Users\jweaver\Downloads\DSOscope_A02_Release\DSOscope_A02_Release\FW\A01\DSOscopeA01.asm
       WaitComm_SendDataC   0x0000a2    program     static C:\Users\jweaver\Downloads\DSOscope_A02_Release\DSOscope_A02_Release\FW\A01\DSOscopeA01.asm
       WaitComm_SendDataD   0x0000af    program     static C:\Users\jweaver\Downloads\DSOscope_A02_Release\DSOscope_A02_Release\FW\A01\DSOscopeA01.asm
    WaitComm_SendDataExit   0x0000b8    program     static C:\Users\jweaver\Downloads\DSOscope_A02_Release\DSOscope_A02_Release\FW\A01\DSOscopeA01.asm
            WaitComm_Conf   0x0000c4    program     static C:\Users\jweaver\Downloads\DSOscope_A02_Release\DSOscope_A02_Release\FW\A01\DSOscopeA01.asm
             WaitComm_Rec   0x0000e4    program     static C:\Users\jweaver\Downloads\DSOscope_A02_Release\DSOscope_A02_Release\FW\A01\DSOscopeA01.asm
                 WaitByte   0x000100    program     static C:\Users\jweaver\Downloads\DSOscope_A02_Release\DSOscope_A02_Release\FW\A01\DSOscopeA01.asm
            GetByteSerial   0x000100    program     static C:\Users\jweaver\Downloads\DSOscope_A02_Release\DSOscope_A02_Release\FW\A01\DSOscopeA01.asm
                  GetByte   0x000100    program     static C:\Users\jweaver\Downloads\DSOscope_A02_Release\DSOscope_A02_Release\FW\A01\DSOscopeA01.asm
           GetByteSerialB   0x000102    program     static C:\Users\jweaver\Downloads\DSOscope_A02_Release\DSOscope_A02_Release\FW\A01\DSOscopeA01.asm
           GetByteSerialC   0x000106    program     static C:\Users\jweaver\Downloads\DSOscope_A02_Release\DSOscope_A02_Release\FW\A01\DSOscopeA01.asm
           GetByteSerialD   0x00010a    program     static C:\Users\jweaver\Downloads\DSOscope_A02_Release\DSOscope_A02_Release\FW\A01\DSOscopeA01.asm
           GetByteSerialE   0x00010e    program     static C:\Users\jweaver\Downloads\DSOscope_A02_Release\DSOscope_A02_Release\FW\A01\DSOscopeA01.asm
                  PutByte   0x000111    program     static C:\Users\jweaver\Downloads\DSOscope_A02_Release\DSOscope_A02_Release\FW\A01\DSOscopeA01.asm
            PutByteSerial   0x000111    program     static C:\Users\jweaver\Downloads\DSOscope_A02_Release\DSOscope_A02_Release\FW\A01\DSOscopeA01.asm
                    Delay   0x000116    program     static C:\Users\jweaver\Downloads\DSOscope_A02_Release\DSOscope_A02_Release\FW\A01\DSOscopeA01.asm
                DelayLoop   0x000117    program     static C:\Users\jweaver\Downloads\DSOscope_A02_Release\DSOscope_A02_Release\FW\A01\DSOscopeA01.asm
              ADCShutdown   0x000121    program     static C:\Users\jweaver\Downloads\DSOscope_A02_Release\DSOscope_A02_Release\FW\A01\DSOscopeA01.asm
            SampleDelayed   0x00015a    program     static C:\Users\jweaver\Downloads\DSOscope_A02_Release\DSOscope_A02_Release\FW\A01\DSOscopeA01.asm
       SampleDelayedLoopA   0x000165    program     static C:\Users\jweaver\Downloads\DSOscope_A02_Release\DSOscope_A02_Release\FW\A01\DSOscopeA01.asm
     StSampleDelayedLoopA   0x00016a    program     static C:\Users\jweaver\Downloads\DSOscope_A02_Release\DSOscope_A02_Release\FW\A01\DSOscopeA01.asm
       SampleDelayedLoopB   0x00017f    program     static C:\Users\jweaver\Downloads\DSOscope_A02_Release\DSOscope_A02_Release\FW\A01\DSOscopeA01.asm
       SampleDelayedLoopC   0x000199    program     static C:\Users\jweaver\Downloads\DSOscope_A02_Release\DSOscope_A02_Release\FW\A01\DSOscopeA01.asm
       SampleDelayedLoopD   0x0001b3    program     static C:\Users\jweaver\Downloads\DSOscope_A02_Release\DSOscope_A02_Release\FW\A01\DSOscopeA01.asm
          SampleXYDelayed   0x0001c5    program     static C:\Users\jweaver\Downloads\DSOscope_A02_Release\DSOscope_A02_Release\FW\A01\DSOscopeA01.asm
        SampleXYDelayedLA   0x0001d7    program     static C:\Users\jweaver\Downloads\DSOscope_A02_Release\DSOscope_A02_Release\FW\A01\DSOscopeA01.asm
        SampleXYDelayedLB   0x0001ff    program     static C:\Users\jweaver\Downloads\DSOscope_A02_Release\DSOscope_A02_Release\FW\A01\DSOscopeA01.asm
        SampleXYDelayedLC   0x000227    program     static C:\Users\jweaver\Downloads\DSOscope_A02_Release\DSOscope_A02_Release\FW\A01\DSOscopeA01.asm
        SampleXYDelayedLD   0x00024f    program     static C:\Users\jweaver\Downloads\DSOscope_A02_Release\DSOscope_A02_Release\FW\A01\DSOscopeA01.asm
               Sample625k   0x000268    program     static C:\Users\jweaver\Downloads\DSOscope_A02_Release\DSOscope_A02_Release\FW\A01\DSOscopeA01.asm
          Sample625kLoopA   0x00026e    program     static C:\Users\jweaver\Downloads\DSOscope_A02_Release\DSOscope_A02_Release\FW\A01\DSOscopeA01.asm
          Sample625kLoopB   0x00027e    program     static C:\Users\jweaver\Downloads\DSOscope_A02_Release\DSOscope_A02_Release\FW\A01\DSOscopeA01.asm
          Sample625kLoopC   0x00028e    program     static C:\Users\jweaver\Downloads\DSOscope_A02_Release\DSOscope_A02_Release\FW\A01\DSOscopeA01.asm
          Sample625kLoopD   0x00029e    program     static C:\Users\jweaver\Downloads\DSOscope_A02_Release\DSOscope_A02_Release\FW\A01\DSOscopeA01.asm
           Sample417k250k   0x0002ab    program     static C:\Users\jweaver\Downloads\DSOscope_A02_Release\DSOscope_A02_Release\FW\A01\DSOscopeA01.asm
          Sample417kLoopA   0x0002b4    program     static C:\Users\jweaver\Downloads\DSOscope_A02_Release\DSOscope_A02_Release\FW\A01\DSOscopeA01.asm
              Sample250kA   0x0002bb    program     static C:\Users\jweaver\Downloads\DSOscope_A02_Release\DSOscope_A02_Release\FW\A01\DSOscopeA01.asm
              Sample417kA   0x0002bc    program     static C:\Users\jweaver\Downloads\DSOscope_A02_Release\DSOscope_A02_Release\FW\A01\DSOscopeA01.asm
          Sample417kLoopB   0x0002cb    program     static C:\Users\jweaver\Downloads\DSOscope_A02_Release\DSOscope_A02_Release\FW\A01\DSOscopeA01.asm
        StSample417kLoopB   0x0002d0    program     static C:\Users\jweaver\Downloads\DSOscope_A02_Release\DSOscope_A02_Release\FW\A01\DSOscopeA01.asm
              Sample250kB   0x0002d2    program     static C:\Users\jweaver\Downloads\DSOscope_A02_Release\DSOscope_A02_Release\FW\A01\DSOscopeA01.asm
              Sample417kB   0x0002d3    program     static C:\Users\jweaver\Downloads\DSOscope_A02_Release\DSOscope_A02_Release\FW\A01\DSOscopeA01.asm
          Sample417kLoopC   0x0002e2    program     static C:\Users\jweaver\Downloads\DSOscope_A02_Release\DSOscope_A02_Release\FW\A01\DSOscopeA01.asm
        StSample417kLoopC   0x0002e7    program     static C:\Users\jweaver\Downloads\DSOscope_A02_Release\DSOscope_A02_Release\FW\A01\DSOscopeA01.asm
              Sample250kC   0x0002e9    program     static C:\Users\jweaver\Downloads\DSOscope_A02_Release\DSOscope_A02_Release\FW\A01\DSOscopeA01.asm
              Sample417kC   0x0002ea    program     static C:\Users\jweaver\Downloads\DSOscope_A02_Release\DSOscope_A02_Release\FW\A01\DSOscopeA01.asm
          Sample417kLoopD   0x0002f9    program     static C:\Users\jweaver\Downloads\DSOscope_A02_Release\DSOscope_A02_Release\FW\A01\DSOscopeA01.asm
        StSample417kLoopD   0x0002fe    program     static C:\Users\jweaver\Downloads\DSOscope_A02_Release\DSOscope_A02_Release\FW\A01\DSOscopeA01.asm
              Sample250kD   0x000300    program     static C:\Users\jweaver\Downloads\DSOscope_A02_Release\DSOscope_A02_Release\FW\A01\DSOscopeA01.asm
              Sample417kD   0x000301    program     static C:\Users\jweaver\Downloads\DSOscope_A02_Release\DSOscope_A02_Release\FW\A01\DSOscopeA01.asm
               DelaySeven   0x00030a    program     static C:\Users\jweaver\Downloads\DSOscope_A02_Release\DSOscope_A02_Release\FW\A01\DSOscopeA01.asm
                 DelaySix   0x00030b    program     static C:\Users\jweaver\Downloads\DSOscope_A02_Release\DSOscope_A02_Release\FW\A01\DSOscopeA01.asm
                DelayFive   0x00030c    program     static C:\Users\jweaver\Downloads\DSOscope_A02_Release\DSOscope_A02_Release\FW\A01\DSOscopeA01.asm
                DelayFour   0x00030d    program     static C:\Users\jweaver\Downloads\DSOscope_A02_Release\DSOscope_A02_Release\FW\A01\DSOscopeA01.asm
                 DelayTwo   0x00030e    program     static C:\Users\jweaver\Downloads\DSOscope_A02_Release\DSOscope_A02_Release\FW\A01\DSOscopeA01.asm
         SampleXY250k192k   0x00030f    program     static C:\Users\jweaver\Downloads\DSOscope_A02_Release\DSOscope_A02_Release\FW\A01\DSOscopeA01.asm
           SampleXY250kLA   0x00031e    program     static C:\Users\jweaver\Downloads\DSOscope_A02_Release\DSOscope_A02_Release\FW\A01\DSOscopeA01.asm
           SampleXY250kLB   0x000342    program     static C:\Users\jweaver\Downloads\DSOscope_A02_Release\DSOscope_A02_Release\FW\A01\DSOscopeA01.asm
           SampleXY250kLC   0x000366    program     static C:\Users\jweaver\Downloads\DSOscope_A02_Release\DSOscope_A02_Release\FW\A01\DSOscopeA01.asm
           SampleXY250kLD   0x00038a    program     static C:\Users\jweaver\Downloads\DSOscope_A02_Release\DSOscope_A02_Release\FW\A01\DSOscopeA01.asm
                 Sample1M   0x0003a2    program     static C:\Users\jweaver\Downloads\DSOscope_A02_Release\DSOscope_A02_Release\FW\A01\DSOscopeA01.asm
            Sample1MhzEnd   0x0007a7    program     static C:\Users\jweaver\Downloads\DSOscope_A02_Release\DSOscope_A02_Release\FW\A01\DSOscopeA01.asm
             SampleXY417k   0x0008a6    program     static C:\Users\jweaver\Downloads\DSOscope_A02_Release\DSOscope_A02_Release\FW\A01\DSOscopeA01.asm
               Sample833k   0x000ea9    program     static C:\Users\jweaver\Downloads\DSOscope_A02_Release\DSOscope_A02_Release\FW\A01\DSOscopeA01.asm
            Sample833kEnd   0x0012af    program     static C:\Users\jweaver\Downloads\DSOscope_A02_Release\DSOscope_A02_Release\FW\A01\DSOscopeA01.asm
              SampleRep5M   0x0014ac    program     static C:\Users\jweaver\Downloads\DSOscope_A02_Release\DSOscope_A02_Release\FW\A01\DSOscopeA01.asm
        SampleRep5MPickSt   0x0014b0    program     static C:\Users\jweaver\Downloads\DSOscope_A02_Release\DSOscope_A02_Release\FW\A01\DSOscopeA01.asm
         SampleRep5MStep1   0x0014bf    program     static C:\Users\jweaver\Downloads\DSOscope_A02_Release\DSOscope_A02_Release\FW\A01\DSOscopeA01.asm
        SampleRep5MPickEn   0x0014bf    program     static C:\Users\jweaver\Downloads\DSOscope_A02_Release\DSOscope_A02_Release\FW\A01\DSOscopeA01.asm
          SampleRep5MEndA   0x0015c4    program     static C:\Users\jweaver\Downloads\DSOscope_A02_Release\DSOscope_A02_Release\FW\A01\DSOscopeA01.asm
          SampleRep5MEndC   0x0015c7    program     static C:\Users\jweaver\Downloads\DSOscope_A02_Release\DSOscope_A02_Release\FW\A01\DSOscopeA01.asm
          SampleRep5MEndB   0x0015c9    program     static C:\Users\jweaver\Downloads\DSOscope_A02_Release\DSOscope_A02_Release\FW\A01\DSOscopeA01.asm
         SampleRep5MStep2   0x0015cf    program     static C:\Users\jweaver\Downloads\DSOscope_A02_Release\DSOscope_A02_Release\FW\A01\DSOscopeA01.asm
         SampleRep5MStep3   0x0016d2    program     static C:\Users\jweaver\Downloads\DSOscope_A02_Release\DSOscope_A02_Release\FW\A01\DSOscopeA01.asm
         SampleRep5MStep4   0x0017d5    program     static C:\Users\jweaver\Downloads\DSOscope_A02_Release\DSOscope_A02_Release\FW\A01\DSOscopeA01.asm
         SampleRep5MStep5   0x0018d9    program     static C:\Users\jweaver\Downloads\DSOscope_A02_Release\DSOscope_A02_Release\FW\A01\DSOscopeA01.asm
              SampleRep2M   0x0018df    program     static C:\Users\jweaver\Downloads\DSOscope_A02_Release\DSOscope_A02_Release\FW\A01\DSOscopeA01.asm
        SampleRep2MPickSt   0x0018e3    program     static C:\Users\jweaver\Downloads\DSOscope_A02_Release\DSOscope_A02_Release\FW\A01\DSOscopeA01.asm
        SampleRep2MPickEn   0x0018ec    program     static C:\Users\jweaver\Downloads\DSOscope_A02_Release\DSOscope_A02_Release\FW\A01\DSOscopeA01.asm
         SampleRep2MStep1   0x0018ec    program     static C:\Users\jweaver\Downloads\DSOscope_A02_Release\DSOscope_A02_Release\FW\A01\DSOscopeA01.asm
         SampleRep2MStep2   0x001af3    program     static C:\Users\jweaver\Downloads\DSOscope_A02_Release\DSOscope_A02_Release\FW\A01\DSOscopeA01.asm
         SampleRep2MStep3   0x001cf4    program     static C:\Users\jweaver\Downloads\DSOscope_A02_Release\DSOscope_A02_Release\FW\A01\DSOscopeA01.asm


