MPLINK 4.43, Linker
Linker Map File - Created Wed Sep 26 22:20:23 2012

                                 Section Info
                  Section       Type    Address   Location Size(Bytes)
                ---------  ---------  ---------  ---------  ---------
                   .org_0       code   0x000000    program   0x000000
                   .org_1       code   0x000000    program   0x000008
                   .org_2       code   0x000004    program   0x003c18
                  .idlocs       code   0x002000    program   0x000008
.config_2007_DSOSCOPEA03_20120924.O       code   0x002007    program   0x000002
.config_2008_DSOSCOPEA03_20120924.O       code   0x002008    program   0x000002



                              Program Memory Usage 
                               Start         End      
                           ---------   ---------      
                            0x000000    0x001e0f      
                            0x002000    0x002003      
                            0x002007    0x002008      
            7702 out of 8455 program addresses used, program memory utilization is 91%



                              Symbols - Sorted by Name
                     Name    Address   Location    Storage File                     
                ---------  ---------  ---------  --------- ---------                
              ADCShutdown   0x000117    program     static C:\jww\Projects\PPMScope\Contributions\Paul Messer\DSOscope_A03\FW\DSOscopeA03_20120924.asm
          ChannelConfSend   0x000228    program     static C:\jww\Projects\PPMScope\Contributions\Paul Messer\DSOscope_A03\FW\DSOscopeA03_20120924.asm
         ChannelConfStore   0x000234    program     static C:\jww\Projects\PPMScope\Contributions\Paul Messer\DSOscope_A03\FW\DSOscopeA03_20120924.asm
              ConfReceive   0x0001eb    program     static C:\jww\Projects\PPMScope\Contributions\Paul Messer\DSOscope_A03\FW\DSOscopeA03_20120924.asm
      ConfReceiveRateOnly   0x000202    program     static C:\jww\Projects\PPMScope\Contributions\Paul Messer\DSOscope_A03\FW\DSOscopeA03_20120924.asm
                 ConfSend   0x00020d    program     static C:\jww\Projects\PPMScope\Contributions\Paul Messer\DSOscope_A03\FW\DSOscopeA03_20120924.asm
                    Delay   0x00010c    program     static C:\jww\Projects\PPMScope\Contributions\Paul Messer\DSOscope_A03\FW\DSOscopeA03_20120924.asm
                DelayFive   0x000422    program     static C:\jww\Projects\PPMScope\Contributions\Paul Messer\DSOscope_A03\FW\DSOscopeA03_20120924.asm
                DelayLoop   0x00010d    program     static C:\jww\Projects\PPMScope\Contributions\Paul Messer\DSOscope_A03\FW\DSOscopeA03_20120924.asm
               DelaySeven   0x000421    program     static C:\jww\Projects\PPMScope\Contributions\Paul Messer\DSOscope_A03\FW\DSOscopeA03_20120924.asm
                 DelayTwo   0x000424    program     static C:\jww\Projects\PPMScope\Contributions\Paul Messer\DSOscope_A03\FW\DSOscopeA03_20120924.asm
                  GetByte   0x0000f6    program     static C:\jww\Projects\PPMScope\Contributions\Paul Messer\DSOscope_A03\FW\DSOscopeA03_20120924.asm
                 GetByteB   0x0000f8    program     static C:\jww\Projects\PPMScope\Contributions\Paul Messer\DSOscope_A03\FW\DSOscopeA03_20120924.asm
                 GetByteC   0x0000fc    program     static C:\jww\Projects\PPMScope\Contributions\Paul Messer\DSOscope_A03\FW\DSOscopeA03_20120924.asm
                 GetByteD   0x000100    program     static C:\jww\Projects\PPMScope\Contributions\Paul Messer\DSOscope_A03\FW\DSOscopeA03_20120924.asm
                 GetByteE   0x000104    program     static C:\jww\Projects\PPMScope\Contributions\Paul Messer\DSOscope_A03\FW\DSOscopeA03_20120924.asm
                  Initial   0x000050    program     static C:\jww\Projects\PPMScope\Contributions\Paul Messer\DSOscope_A03\FW\DSOscopeA03_20120924.asm
               IntHandler   0x000004    program     static C:\jww\Projects\PPMScope\Contributions\Paul Messer\DSOscope_A03\FW\DSOscopeA03_20120924.asm
         IrqServiceTimer1   0x00011c    program     static C:\jww\Projects\PPMScope\Contributions\Paul Messer\DSOscope_A03\FW\DSOscopeA03_20120924.asm
                     Main   0x000075    program     static C:\jww\Projects\PPMScope\Contributions\Paul Messer\DSOscope_A03\FW\DSOscopeA03_20120924.asm
                    MainB   0x00007f    program     static C:\jww\Projects\PPMScope\Contributions\Paul Messer\DSOscope_A03\FW\DSOscopeA03_20120924.asm
               MainSelect   0x000011    program     static C:\jww\Projects\PPMScope\Contributions\Paul Messer\DSOscope_A03\FW\DSOscopeA03_20120924.asm
               MainWTrigB   0x00009d    program     static C:\jww\Projects\PPMScope\Contributions\Paul Messer\DSOscope_A03\FW\DSOscopeA03_20120924.asm
             MainWaitTrig   0x00008c    program     static C:\jww\Projects\PPMScope\Contributions\Paul Messer\DSOscope_A03\FW\DSOscopeA03_20120924.asm
                  PutByte   0x000107    program     static C:\jww\Projects\PPMScope\Contributions\Paul Messer\DSOscope_A03\FW\DSOscopeA03_20120924.asm
            PutByteSerial   0x000107    program     static C:\jww\Projects\PPMScope\Contributions\Paul Messer\DSOscope_A03\FW\DSOscopeA03_20120924.asm
                 Sample1M   0x0004b8    program     static C:\jww\Projects\PPMScope\Contributions\Paul Messer\DSOscope_A03\FW\DSOscopeA03_20120924.asm
            Sample1MhzEnd   0x0008bd    program     static C:\jww\Projects\PPMScope\Contributions\Paul Messer\DSOscope_A03\FW\DSOscopeA03_20120924.asm
              Sample250kA   0x0003d2    program     static C:\jww\Projects\PPMScope\Contributions\Paul Messer\DSOscope_A03\FW\DSOscopeA03_20120924.asm
              Sample250kB   0x0003e9    program     static C:\jww\Projects\PPMScope\Contributions\Paul Messer\DSOscope_A03\FW\DSOscopeA03_20120924.asm
              Sample250kC   0x000400    program     static C:\jww\Projects\PPMScope\Contributions\Paul Messer\DSOscope_A03\FW\DSOscopeA03_20120924.asm
              Sample250kD   0x000417    program     static C:\jww\Projects\PPMScope\Contributions\Paul Messer\DSOscope_A03\FW\DSOscopeA03_20120924.asm
           Sample417k250k   0x0003c2    program     static C:\jww\Projects\PPMScope\Contributions\Paul Messer\DSOscope_A03\FW\DSOscopeA03_20120924.asm
              Sample417kA   0x0003d3    program     static C:\jww\Projects\PPMScope\Contributions\Paul Messer\DSOscope_A03\FW\DSOscopeA03_20120924.asm
              Sample417kB   0x0003ea    program     static C:\jww\Projects\PPMScope\Contributions\Paul Messer\DSOscope_A03\FW\DSOscopeA03_20120924.asm
              Sample417kC   0x000401    program     static C:\jww\Projects\PPMScope\Contributions\Paul Messer\DSOscope_A03\FW\DSOscopeA03_20120924.asm
              Sample417kD   0x000418    program     static C:\jww\Projects\PPMScope\Contributions\Paul Messer\DSOscope_A03\FW\DSOscopeA03_20120924.asm
          Sample417kLoopA   0x0003cb    program     static C:\jww\Projects\PPMScope\Contributions\Paul Messer\DSOscope_A03\FW\DSOscopeA03_20120924.asm
          Sample417kLoopB   0x0003e2    program     static C:\jww\Projects\PPMScope\Contributions\Paul Messer\DSOscope_A03\FW\DSOscopeA03_20120924.asm
          Sample417kLoopC   0x0003f9    program     static C:\jww\Projects\PPMScope\Contributions\Paul Messer\DSOscope_A03\FW\DSOscopeA03_20120924.asm
          Sample417kLoopD   0x000410    program     static C:\jww\Projects\PPMScope\Contributions\Paul Messer\DSOscope_A03\FW\DSOscopeA03_20120924.asm
               Sample625k   0x00037f    program     static C:\jww\Projects\PPMScope\Contributions\Paul Messer\DSOscope_A03\FW\DSOscopeA03_20120924.asm
          Sample625kLoopA   0x000385    program     static C:\jww\Projects\PPMScope\Contributions\Paul Messer\DSOscope_A03\FW\DSOscopeA03_20120924.asm
          Sample625kLoopB   0x000395    program     static C:\jww\Projects\PPMScope\Contributions\Paul Messer\DSOscope_A03\FW\DSOscopeA03_20120924.asm
          Sample625kLoopC   0x0003a5    program     static C:\jww\Projects\PPMScope\Contributions\Paul Messer\DSOscope_A03\FW\DSOscopeA03_20120924.asm
          Sample625kLoopD   0x0003b5    program     static C:\jww\Projects\PPMScope\Contributions\Paul Messer\DSOscope_A03\FW\DSOscopeA03_20120924.asm
               Sample833k   0x000fbf    program     static C:\jww\Projects\PPMScope\Contributions\Paul Messer\DSOscope_A03\FW\DSOscopeA03_20120924.asm
            Sample833kEnd   0x0013c5    program     static C:\jww\Projects\PPMScope\Contributions\Paul Messer\DSOscope_A03\FW\DSOscopeA03_20120924.asm
            SampleDelayed   0x000271    program     static C:\jww\Projects\PPMScope\Contributions\Paul Messer\DSOscope_A03\FW\DSOscopeA03_20120924.asm
       SampleDelayedLoopA   0x00027c    program     static C:\jww\Projects\PPMScope\Contributions\Paul Messer\DSOscope_A03\FW\DSOscopeA03_20120924.asm
       SampleDelayedLoopB   0x000296    program     static C:\jww\Projects\PPMScope\Contributions\Paul Messer\DSOscope_A03\FW\DSOscopeA03_20120924.asm
       SampleDelayedLoopC   0x0002b0    program     static C:\jww\Projects\PPMScope\Contributions\Paul Messer\DSOscope_A03\FW\DSOscopeA03_20120924.asm
       SampleDelayedLoopD   0x0002ca    program     static C:\jww\Projects\PPMScope\Contributions\Paul Messer\DSOscope_A03\FW\DSOscopeA03_20120924.asm
            SampleIntDrvn   0x00016d    program     static C:\jww\Projects\PPMScope\Contributions\Paul Messer\DSOscope_A03\FW\DSOscopeA03_20120924.asm
           SampleRealTime   0x0001ea    program     static C:\jww\Projects\PPMScope\Contributions\Paul Messer\DSOscope_A03\FW\DSOscopeA03_20120924.asm
              SampleRep2M   0x0019f5    program     static C:\jww\Projects\PPMScope\Contributions\Paul Messer\DSOscope_A03\FW\DSOscopeA03_20120924.asm
        SampleRep2MPickEn   0x001a02    program     static C:\jww\Projects\PPMScope\Contributions\Paul Messer\DSOscope_A03\FW\DSOscopeA03_20120924.asm
        SampleRep2MPickSt   0x0019f9    program     static C:\jww\Projects\PPMScope\Contributions\Paul Messer\DSOscope_A03\FW\DSOscopeA03_20120924.asm
         SampleRep2MStep1   0x001a02    program     static C:\jww\Projects\PPMScope\Contributions\Paul Messer\DSOscope_A03\FW\DSOscopeA03_20120924.asm
         SampleRep2MStep2   0x001c09    program     static C:\jww\Projects\PPMScope\Contributions\Paul Messer\DSOscope_A03\FW\DSOscopeA03_20120924.asm
         SampleRep2MStep3   0x001e0a    program     static C:\jww\Projects\PPMScope\Contributions\Paul Messer\DSOscope_A03\FW\DSOscopeA03_20120924.asm
              SampleRep5M   0x0015c2    program     static C:\jww\Projects\PPMScope\Contributions\Paul Messer\DSOscope_A03\FW\DSOscopeA03_20120924.asm
          SampleRep5MEndA   0x0016da    program     static C:\jww\Projects\PPMScope\Contributions\Paul Messer\DSOscope_A03\FW\DSOscopeA03_20120924.asm
          SampleRep5MEndB   0x0016df    program     static C:\jww\Projects\PPMScope\Contributions\Paul Messer\DSOscope_A03\FW\DSOscopeA03_20120924.asm
          SampleRep5MEndC   0x0016dd    program     static C:\jww\Projects\PPMScope\Contributions\Paul Messer\DSOscope_A03\FW\DSOscopeA03_20120924.asm
        SampleRep5MPickEn   0x0015d5    program     static C:\jww\Projects\PPMScope\Contributions\Paul Messer\DSOscope_A03\FW\DSOscopeA03_20120924.asm
        SampleRep5MPickSt   0x0015c6    program     static C:\jww\Projects\PPMScope\Contributions\Paul Messer\DSOscope_A03\FW\DSOscopeA03_20120924.asm
         SampleRep5MStep1   0x0015d5    program     static C:\jww\Projects\PPMScope\Contributions\Paul Messer\DSOscope_A03\FW\DSOscopeA03_20120924.asm
         SampleRep5MStep2   0x0016e5    program     static C:\jww\Projects\PPMScope\Contributions\Paul Messer\DSOscope_A03\FW\DSOscopeA03_20120924.asm
         SampleRep5MStep3   0x0017e8    program     static C:\jww\Projects\PPMScope\Contributions\Paul Messer\DSOscope_A03\FW\DSOscopeA03_20120924.asm
         SampleRep5MStep4   0x0018eb    program     static C:\jww\Projects\PPMScope\Contributions\Paul Messer\DSOscope_A03\FW\DSOscopeA03_20120924.asm
         SampleRep5MStep5   0x0019ef    program     static C:\jww\Projects\PPMScope\Contributions\Paul Messer\DSOscope_A03\FW\DSOscopeA03_20120924.asm
         SampleXY250k192k   0x000425    program     static C:\jww\Projects\PPMScope\Contributions\Paul Messer\DSOscope_A03\FW\DSOscopeA03_20120924.asm
           SampleXY250kLA   0x000434    program     static C:\jww\Projects\PPMScope\Contributions\Paul Messer\DSOscope_A03\FW\DSOscopeA03_20120924.asm
           SampleXY250kLB   0x000458    program     static C:\jww\Projects\PPMScope\Contributions\Paul Messer\DSOscope_A03\FW\DSOscopeA03_20120924.asm
           SampleXY250kLC   0x00047c    program     static C:\jww\Projects\PPMScope\Contributions\Paul Messer\DSOscope_A03\FW\DSOscopeA03_20120924.asm
           SampleXY250kLD   0x0004a0    program     static C:\jww\Projects\PPMScope\Contributions\Paul Messer\DSOscope_A03\FW\DSOscopeA03_20120924.asm
             SampleXY417k   0x0009bc    program     static C:\jww\Projects\PPMScope\Contributions\Paul Messer\DSOscope_A03\FW\DSOscopeA03_20120924.asm
          SampleXYDelayed   0x0002dc    program     static C:\jww\Projects\PPMScope\Contributions\Paul Messer\DSOscope_A03\FW\DSOscopeA03_20120924.asm
        SampleXYDelayedLA   0x0002ee    program     static C:\jww\Projects\PPMScope\Contributions\Paul Messer\DSOscope_A03\FW\DSOscopeA03_20120924.asm
        SampleXYDelayedLB   0x000316    program     static C:\jww\Projects\PPMScope\Contributions\Paul Messer\DSOscope_A03\FW\DSOscopeA03_20120924.asm
        SampleXYDelayedLC   0x00033e    program     static C:\jww\Projects\PPMScope\Contributions\Paul Messer\DSOscope_A03\FW\DSOscopeA03_20120924.asm
        SampleXYDelayedLD   0x000366    program     static C:\jww\Projects\PPMScope\Contributions\Paul Messer\DSOscope_A03\FW\DSOscopeA03_20120924.asm
        StSample417kLoopB   0x0003e7    program     static C:\jww\Projects\PPMScope\Contributions\Paul Messer\DSOscope_A03\FW\DSOscopeA03_20120924.asm
        StSample417kLoopC   0x0003fe    program     static C:\jww\Projects\PPMScope\Contributions\Paul Messer\DSOscope_A03\FW\DSOscopeA03_20120924.asm
        StSample417kLoopD   0x000415    program     static C:\jww\Projects\PPMScope\Contributions\Paul Messer\DSOscope_A03\FW\DSOscopeA03_20120924.asm
     StSampleDelayedLoopA   0x000281    program     static C:\jww\Projects\PPMScope\Contributions\Paul Messer\DSOscope_A03\FW\DSOscopeA03_20120924.asm
                 WaitComm   0x0000a8    program     static C:\jww\Projects\PPMScope\Contributions\Paul Messer\DSOscope_A03\FW\DSOscopeA03_20120924.asm
           WaitComm_Break   0x0000ee    program     static C:\jww\Projects\PPMScope\Contributions\Paul Messer\DSOscope_A03\FW\DSOscopeA03_20120924.asm
            WaitComm_Conf   0x0000dc    program     static C:\jww\Projects\PPMScope\Contributions\Paul Messer\DSOscope_A03\FW\DSOscopeA03_20120924.asm
            WaitComm_Data   0x0000a9    program     static C:\jww\Projects\PPMScope\Contributions\Paul Messer\DSOscope_A03\FW\DSOscopeA03_20120924.asm
             WaitComm_Rec   0x0000e5    program     static C:\jww\Projects\PPMScope\Contributions\Paul Messer\DSOscope_A03\FW\DSOscopeA03_20120924.asm
       WaitComm_SendDataA   0x0000b4    program     static C:\jww\Projects\PPMScope\Contributions\Paul Messer\DSOscope_A03\FW\DSOscopeA03_20120924.asm
       WaitComm_SendDataB   0x0000be    program     static C:\jww\Projects\PPMScope\Contributions\Paul Messer\DSOscope_A03\FW\DSOscopeA03_20120924.asm
       WaitComm_SendDataC   0x0000c8    program     static C:\jww\Projects\PPMScope\Contributions\Paul Messer\DSOscope_A03\FW\DSOscopeA03_20120924.asm
       WaitComm_SendDataD   0x0000d2    program     static C:\jww\Projects\PPMScope\Contributions\Paul Messer\DSOscope_A03\FW\DSOscopeA03_20120924.asm
    WaitComm_SendDataExit   0x0000d8    program     static C:\jww\Projects\PPMScope\Contributions\Paul Messer\DSOscope_A03\FW\DSOscopeA03_20120924.asm
                     ih_1   0x00000a    program     static C:\jww\Projects\PPMScope\Contributions\Paul Messer\DSOscope_A03\FW\DSOscopeA03_20120924.asm
                     ih_2   0x000042    program     static C:\jww\Projects\PPMScope\Contributions\Paul Messer\DSOscope_A03\FW\DSOscopeA03_20120924.asm
                     ih_3   0x00004b    program     static C:\jww\Projects\PPMScope\Contributions\Paul Messer\DSOscope_A03\FW\DSOscopeA03_20120924.asm
                 irqst1_1   0x000141    program     static C:\jww\Projects\PPMScope\Contributions\Paul Messer\DSOscope_A03\FW\DSOscopeA03_20120924.asm
                 irqst1_2   0x000143    program     static C:\jww\Projects\PPMScope\Contributions\Paul Messer\DSOscope_A03\FW\DSOscopeA03_20120924.asm
                 irqst1_3   0x000145    program     static C:\jww\Projects\PPMScope\Contributions\Paul Messer\DSOscope_A03\FW\DSOscopeA03_20120924.asm
                 irqst1_4   0x000147    program     static C:\jww\Projects\PPMScope\Contributions\Paul Messer\DSOscope_A03\FW\DSOscopeA03_20120924.asm
                 irqst1_5   0x000168    program     static C:\jww\Projects\PPMScope\Contributions\Paul Messer\DSOscope_A03\FW\DSOscopeA03_20120924.asm
                 sid_Exit   0x0001e4    program     static C:\jww\Projects\PPMScope\Contributions\Paul Messer\DSOscope_A03\FW\DSOscopeA03_20120924.asm
              sid_GetByte   0x000182    program     static C:\jww\Projects\PPMScope\Contributions\Paul Messer\DSOscope_A03\FW\DSOscopeA03_20120924.asm
             sid_GetByteB   0x00018a    program     static C:\jww\Projects\PPMScope\Contributions\Paul Messer\DSOscope_A03\FW\DSOscopeA03_20120924.asm
             sid_GetByteC   0x00018e    program     static C:\jww\Projects\PPMScope\Contributions\Paul Messer\DSOscope_A03\FW\DSOscopeA03_20120924.asm
             sid_GetByteD   0x000192    program     static C:\jww\Projects\PPMScope\Contributions\Paul Messer\DSOscope_A03\FW\DSOscopeA03_20120924.asm
             sid_GetByteE   0x000196    program     static C:\jww\Projects\PPMScope\Contributions\Paul Messer\DSOscope_A03\FW\DSOscopeA03_20120924.asm
       sid_WaitComm_Break   0x0001dc    program     static C:\jww\Projects\PPMScope\Contributions\Paul Messer\DSOscope_A03\FW\DSOscopeA03_20120924.asm
        sid_WaitComm_Conf   0x0001ca    program     static C:\jww\Projects\PPMScope\Contributions\Paul Messer\DSOscope_A03\FW\DSOscopeA03_20120924.asm
        sid_WaitComm_Data   0x000198    program     static C:\jww\Projects\PPMScope\Contributions\Paul Messer\DSOscope_A03\FW\DSOscopeA03_20120924.asm
         sid_WaitComm_Rec   0x0001d3    program     static C:\jww\Projects\PPMScope\Contributions\Paul Messer\DSOscope_A03\FW\DSOscopeA03_20120924.asm
   sid_WaitComm_SendDataA   0x0001a4    program     static C:\jww\Projects\PPMScope\Contributions\Paul Messer\DSOscope_A03\FW\DSOscopeA03_20120924.asm
   sid_WaitComm_SendDataB   0x0001ae    program     static C:\jww\Projects\PPMScope\Contributions\Paul Messer\DSOscope_A03\FW\DSOscopeA03_20120924.asm
   sid_WaitComm_SendDataC   0x0001b8    program     static C:\jww\Projects\PPMScope\Contributions\Paul Messer\DSOscope_A03\FW\DSOscopeA03_20120924.asm
   sid_WaitComm_SendDataD   0x0001c2    program     static C:\jww\Projects\PPMScope\Contributions\Paul Messer\DSOscope_A03\FW\DSOscopeA03_20120924.asm
sid_WaitComm_SendDataExit   0x0001c8    program     static C:\jww\Projects\PPMScope\Contributions\Paul Messer\DSOscope_A03\FW\DSOscopeA03_20120924.asm



                              Symbols - Sorted by Address
                     Name    Address   Location    Storage File                     
                ---------  ---------  ---------  --------- ---------                
               IntHandler   0x000004    program     static C:\jww\Projects\PPMScope\Contributions\Paul Messer\DSOscope_A03\FW\DSOscopeA03_20120924.asm
                     ih_1   0x00000a    program     static C:\jww\Projects\PPMScope\Contributions\Paul Messer\DSOscope_A03\FW\DSOscopeA03_20120924.asm
               MainSelect   0x000011    program     static C:\jww\Projects\PPMScope\Contributions\Paul Messer\DSOscope_A03\FW\DSOscopeA03_20120924.asm
                     ih_2   0x000042    program     static C:\jww\Projects\PPMScope\Contributions\Paul Messer\DSOscope_A03\FW\DSOscopeA03_20120924.asm
                     ih_3   0x00004b    program     static C:\jww\Projects\PPMScope\Contributions\Paul Messer\DSOscope_A03\FW\DSOscopeA03_20120924.asm
                  Initial   0x000050    program     static C:\jww\Projects\PPMScope\Contributions\Paul Messer\DSOscope_A03\FW\DSOscopeA03_20120924.asm
                     Main   0x000075    program     static C:\jww\Projects\PPMScope\Contributions\Paul Messer\DSOscope_A03\FW\DSOscopeA03_20120924.asm
                    MainB   0x00007f    program     static C:\jww\Projects\PPMScope\Contributions\Paul Messer\DSOscope_A03\FW\DSOscopeA03_20120924.asm
             MainWaitTrig   0x00008c    program     static C:\jww\Projects\PPMScope\Contributions\Paul Messer\DSOscope_A03\FW\DSOscopeA03_20120924.asm
               MainWTrigB   0x00009d    program     static C:\jww\Projects\PPMScope\Contributions\Paul Messer\DSOscope_A03\FW\DSOscopeA03_20120924.asm
                 WaitComm   0x0000a8    program     static C:\jww\Projects\PPMScope\Contributions\Paul Messer\DSOscope_A03\FW\DSOscopeA03_20120924.asm
            WaitComm_Data   0x0000a9    program     static C:\jww\Projects\PPMScope\Contributions\Paul Messer\DSOscope_A03\FW\DSOscopeA03_20120924.asm
       WaitComm_SendDataA   0x0000b4    program     static C:\jww\Projects\PPMScope\Contributions\Paul Messer\DSOscope_A03\FW\DSOscopeA03_20120924.asm
       WaitComm_SendDataB   0x0000be    program     static C:\jww\Projects\PPMScope\Contributions\Paul Messer\DSOscope_A03\FW\DSOscopeA03_20120924.asm
       WaitComm_SendDataC   0x0000c8    program     static C:\jww\Projects\PPMScope\Contributions\Paul Messer\DSOscope_A03\FW\DSOscopeA03_20120924.asm
       WaitComm_SendDataD   0x0000d2    program     static C:\jww\Projects\PPMScope\Contributions\Paul Messer\DSOscope_A03\FW\DSOscopeA03_20120924.asm
    WaitComm_SendDataExit   0x0000d8    program     static C:\jww\Projects\PPMScope\Contributions\Paul Messer\DSOscope_A03\FW\DSOscopeA03_20120924.asm
            WaitComm_Conf   0x0000dc    program     static C:\jww\Projects\PPMScope\Contributions\Paul Messer\DSOscope_A03\FW\DSOscopeA03_20120924.asm
             WaitComm_Rec   0x0000e5    program     static C:\jww\Projects\PPMScope\Contributions\Paul Messer\DSOscope_A03\FW\DSOscopeA03_20120924.asm
           WaitComm_Break   0x0000ee    program     static C:\jww\Projects\PPMScope\Contributions\Paul Messer\DSOscope_A03\FW\DSOscopeA03_20120924.asm
                  GetByte   0x0000f6    program     static C:\jww\Projects\PPMScope\Contributions\Paul Messer\DSOscope_A03\FW\DSOscopeA03_20120924.asm
                 GetByteB   0x0000f8    program     static C:\jww\Projects\PPMScope\Contributions\Paul Messer\DSOscope_A03\FW\DSOscopeA03_20120924.asm
                 GetByteC   0x0000fc    program     static C:\jww\Projects\PPMScope\Contributions\Paul Messer\DSOscope_A03\FW\DSOscopeA03_20120924.asm
                 GetByteD   0x000100    program     static C:\jww\Projects\PPMScope\Contributions\Paul Messer\DSOscope_A03\FW\DSOscopeA03_20120924.asm
                 GetByteE   0x000104    program     static C:\jww\Projects\PPMScope\Contributions\Paul Messer\DSOscope_A03\FW\DSOscopeA03_20120924.asm
                  PutByte   0x000107    program     static C:\jww\Projects\PPMScope\Contributions\Paul Messer\DSOscope_A03\FW\DSOscopeA03_20120924.asm
            PutByteSerial   0x000107    program     static C:\jww\Projects\PPMScope\Contributions\Paul Messer\DSOscope_A03\FW\DSOscopeA03_20120924.asm
                    Delay   0x00010c    program     static C:\jww\Projects\PPMScope\Contributions\Paul Messer\DSOscope_A03\FW\DSOscopeA03_20120924.asm
                DelayLoop   0x00010d    program     static C:\jww\Projects\PPMScope\Contributions\Paul Messer\DSOscope_A03\FW\DSOscopeA03_20120924.asm
              ADCShutdown   0x000117    program     static C:\jww\Projects\PPMScope\Contributions\Paul Messer\DSOscope_A03\FW\DSOscopeA03_20120924.asm
         IrqServiceTimer1   0x00011c    program     static C:\jww\Projects\PPMScope\Contributions\Paul Messer\DSOscope_A03\FW\DSOscopeA03_20120924.asm
                 irqst1_1   0x000141    program     static C:\jww\Projects\PPMScope\Contributions\Paul Messer\DSOscope_A03\FW\DSOscopeA03_20120924.asm
                 irqst1_2   0x000143    program     static C:\jww\Projects\PPMScope\Contributions\Paul Messer\DSOscope_A03\FW\DSOscopeA03_20120924.asm
                 irqst1_3   0x000145    program     static C:\jww\Projects\PPMScope\Contributions\Paul Messer\DSOscope_A03\FW\DSOscopeA03_20120924.asm
                 irqst1_4   0x000147    program     static C:\jww\Projects\PPMScope\Contributions\Paul Messer\DSOscope_A03\FW\DSOscopeA03_20120924.asm
                 irqst1_5   0x000168    program     static C:\jww\Projects\PPMScope\Contributions\Paul Messer\DSOscope_A03\FW\DSOscopeA03_20120924.asm
            SampleIntDrvn   0x00016d    program     static C:\jww\Projects\PPMScope\Contributions\Paul Messer\DSOscope_A03\FW\DSOscopeA03_20120924.asm
              sid_GetByte   0x000182    program     static C:\jww\Projects\PPMScope\Contributions\Paul Messer\DSOscope_A03\FW\DSOscopeA03_20120924.asm
             sid_GetByteB   0x00018a    program     static C:\jww\Projects\PPMScope\Contributions\Paul Messer\DSOscope_A03\FW\DSOscopeA03_20120924.asm
             sid_GetByteC   0x00018e    program     static C:\jww\Projects\PPMScope\Contributions\Paul Messer\DSOscope_A03\FW\DSOscopeA03_20120924.asm
             sid_GetByteD   0x000192    program     static C:\jww\Projects\PPMScope\Contributions\Paul Messer\DSOscope_A03\FW\DSOscopeA03_20120924.asm
             sid_GetByteE   0x000196    program     static C:\jww\Projects\PPMScope\Contributions\Paul Messer\DSOscope_A03\FW\DSOscopeA03_20120924.asm
        sid_WaitComm_Data   0x000198    program     static C:\jww\Projects\PPMScope\Contributions\Paul Messer\DSOscope_A03\FW\DSOscopeA03_20120924.asm
   sid_WaitComm_SendDataA   0x0001a4    program     static C:\jww\Projects\PPMScope\Contributions\Paul Messer\DSOscope_A03\FW\DSOscopeA03_20120924.asm
   sid_WaitComm_SendDataB   0x0001ae    program     static C:\jww\Projects\PPMScope\Contributions\Paul Messer\DSOscope_A03\FW\DSOscopeA03_20120924.asm
   sid_WaitComm_SendDataC   0x0001b8    program     static C:\jww\Projects\PPMScope\Contributions\Paul Messer\DSOscope_A03\FW\DSOscopeA03_20120924.asm
   sid_WaitComm_SendDataD   0x0001c2    program     static C:\jww\Projects\PPMScope\Contributions\Paul Messer\DSOscope_A03\FW\DSOscopeA03_20120924.asm
sid_WaitComm_SendDataExit   0x0001c8    program     static C:\jww\Projects\PPMScope\Contributions\Paul Messer\DSOscope_A03\FW\DSOscopeA03_20120924.asm
        sid_WaitComm_Conf   0x0001ca    program     static C:\jww\Projects\PPMScope\Contributions\Paul Messer\DSOscope_A03\FW\DSOscopeA03_20120924.asm
         sid_WaitComm_Rec   0x0001d3    program     static C:\jww\Projects\PPMScope\Contributions\Paul Messer\DSOscope_A03\FW\DSOscopeA03_20120924.asm
       sid_WaitComm_Break   0x0001dc    program     static C:\jww\Projects\PPMScope\Contributions\Paul Messer\DSOscope_A03\FW\DSOscopeA03_20120924.asm
                 sid_Exit   0x0001e4    program     static C:\jww\Projects\PPMScope\Contributions\Paul Messer\DSOscope_A03\FW\DSOscopeA03_20120924.asm
           SampleRealTime   0x0001ea    program     static C:\jww\Projects\PPMScope\Contributions\Paul Messer\DSOscope_A03\FW\DSOscopeA03_20120924.asm
              ConfReceive   0x0001eb    program     static C:\jww\Projects\PPMScope\Contributions\Paul Messer\DSOscope_A03\FW\DSOscopeA03_20120924.asm
      ConfReceiveRateOnly   0x000202    program     static C:\jww\Projects\PPMScope\Contributions\Paul Messer\DSOscope_A03\FW\DSOscopeA03_20120924.asm
                 ConfSend   0x00020d    program     static C:\jww\Projects\PPMScope\Contributions\Paul Messer\DSOscope_A03\FW\DSOscopeA03_20120924.asm
          ChannelConfSend   0x000228    program     static C:\jww\Projects\PPMScope\Contributions\Paul Messer\DSOscope_A03\FW\DSOscopeA03_20120924.asm
         ChannelConfStore   0x000234    program     static C:\jww\Projects\PPMScope\Contributions\Paul Messer\DSOscope_A03\FW\DSOscopeA03_20120924.asm
            SampleDelayed   0x000271    program     static C:\jww\Projects\PPMScope\Contributions\Paul Messer\DSOscope_A03\FW\DSOscopeA03_20120924.asm
       SampleDelayedLoopA   0x00027c    program     static C:\jww\Projects\PPMScope\Contributions\Paul Messer\DSOscope_A03\FW\DSOscopeA03_20120924.asm
     StSampleDelayedLoopA   0x000281    program     static C:\jww\Projects\PPMScope\Contributions\Paul Messer\DSOscope_A03\FW\DSOscopeA03_20120924.asm
       SampleDelayedLoopB   0x000296    program     static C:\jww\Projects\PPMScope\Contributions\Paul Messer\DSOscope_A03\FW\DSOscopeA03_20120924.asm
       SampleDelayedLoopC   0x0002b0    program     static C:\jww\Projects\PPMScope\Contributions\Paul Messer\DSOscope_A03\FW\DSOscopeA03_20120924.asm
       SampleDelayedLoopD   0x0002ca    program     static C:\jww\Projects\PPMScope\Contributions\Paul Messer\DSOscope_A03\FW\DSOscopeA03_20120924.asm
          SampleXYDelayed   0x0002dc    program     static C:\jww\Projects\PPMScope\Contributions\Paul Messer\DSOscope_A03\FW\DSOscopeA03_20120924.asm
        SampleXYDelayedLA   0x0002ee    program     static C:\jww\Projects\PPMScope\Contributions\Paul Messer\DSOscope_A03\FW\DSOscopeA03_20120924.asm
        SampleXYDelayedLB   0x000316    program     static C:\jww\Projects\PPMScope\Contributions\Paul Messer\DSOscope_A03\FW\DSOscopeA03_20120924.asm
        SampleXYDelayedLC   0x00033e    program     static C:\jww\Projects\PPMScope\Contributions\Paul Messer\DSOscope_A03\FW\DSOscopeA03_20120924.asm
        SampleXYDelayedLD   0x000366    program     static C:\jww\Projects\PPMScope\Contributions\Paul Messer\DSOscope_A03\FW\DSOscopeA03_20120924.asm
               Sample625k   0x00037f    program     static C:\jww\Projects\PPMScope\Contributions\Paul Messer\DSOscope_A03\FW\DSOscopeA03_20120924.asm
          Sample625kLoopA   0x000385    program     static C:\jww\Projects\PPMScope\Contributions\Paul Messer\DSOscope_A03\FW\DSOscopeA03_20120924.asm
          Sample625kLoopB   0x000395    program     static C:\jww\Projects\PPMScope\Contributions\Paul Messer\DSOscope_A03\FW\DSOscopeA03_20120924.asm
          Sample625kLoopC   0x0003a5    program     static C:\jww\Projects\PPMScope\Contributions\Paul Messer\DSOscope_A03\FW\DSOscopeA03_20120924.asm
          Sample625kLoopD   0x0003b5    program     static C:\jww\Projects\PPMScope\Contributions\Paul Messer\DSOscope_A03\FW\DSOscopeA03_20120924.asm
           Sample417k250k   0x0003c2    program     static C:\jww\Projects\PPMScope\Contributions\Paul Messer\DSOscope_A03\FW\DSOscopeA03_20120924.asm
          Sample417kLoopA   0x0003cb    program     static C:\jww\Projects\PPMScope\Contributions\Paul Messer\DSOscope_A03\FW\DSOscopeA03_20120924.asm
              Sample250kA   0x0003d2    program     static C:\jww\Projects\PPMScope\Contributions\Paul Messer\DSOscope_A03\FW\DSOscopeA03_20120924.asm
              Sample417kA   0x0003d3    program     static C:\jww\Projects\PPMScope\Contributions\Paul Messer\DSOscope_A03\FW\DSOscopeA03_20120924.asm
          Sample417kLoopB   0x0003e2    program     static C:\jww\Projects\PPMScope\Contributions\Paul Messer\DSOscope_A03\FW\DSOscopeA03_20120924.asm
        StSample417kLoopB   0x0003e7    program     static C:\jww\Projects\PPMScope\Contributions\Paul Messer\DSOscope_A03\FW\DSOscopeA03_20120924.asm
              Sample250kB   0x0003e9    program     static C:\jww\Projects\PPMScope\Contributions\Paul Messer\DSOscope_A03\FW\DSOscopeA03_20120924.asm
              Sample417kB   0x0003ea    program     static C:\jww\Projects\PPMScope\Contributions\Paul Messer\DSOscope_A03\FW\DSOscopeA03_20120924.asm
          Sample417kLoopC   0x0003f9    program     static C:\jww\Projects\PPMScope\Contributions\Paul Messer\DSOscope_A03\FW\DSOscopeA03_20120924.asm
        StSample417kLoopC   0x0003fe    program     static C:\jww\Projects\PPMScope\Contributions\Paul Messer\DSOscope_A03\FW\DSOscopeA03_20120924.asm
              Sample250kC   0x000400    program     static C:\jww\Projects\PPMScope\Contributions\Paul Messer\DSOscope_A03\FW\DSOscopeA03_20120924.asm
              Sample417kC   0x000401    program     static C:\jww\Projects\PPMScope\Contributions\Paul Messer\DSOscope_A03\FW\DSOscopeA03_20120924.asm
          Sample417kLoopD   0x000410    program     static C:\jww\Projects\PPMScope\Contributions\Paul Messer\DSOscope_A03\FW\DSOscopeA03_20120924.asm
        StSample417kLoopD   0x000415    program     static C:\jww\Projects\PPMScope\Contributions\Paul Messer\DSOscope_A03\FW\DSOscopeA03_20120924.asm
              Sample250kD   0x000417    program     static C:\jww\Projects\PPMScope\Contributions\Paul Messer\DSOscope_A03\FW\DSOscopeA03_20120924.asm
              Sample417kD   0x000418    program     static C:\jww\Projects\PPMScope\Contributions\Paul Messer\DSOscope_A03\FW\DSOscopeA03_20120924.asm
               DelaySeven   0x000421    program     static C:\jww\Projects\PPMScope\Contributions\Paul Messer\DSOscope_A03\FW\DSOscopeA03_20120924.asm
                DelayFive   0x000422    program     static C:\jww\Projects\PPMScope\Contributions\Paul Messer\DSOscope_A03\FW\DSOscopeA03_20120924.asm
                 DelayTwo   0x000424    program     static C:\jww\Projects\PPMScope\Contributions\Paul Messer\DSOscope_A03\FW\DSOscopeA03_20120924.asm
         SampleXY250k192k   0x000425    program     static C:\jww\Projects\PPMScope\Contributions\Paul Messer\DSOscope_A03\FW\DSOscopeA03_20120924.asm
           SampleXY250kLA   0x000434    program     static C:\jww\Projects\PPMScope\Contributions\Paul Messer\DSOscope_A03\FW\DSOscopeA03_20120924.asm
           SampleXY250kLB   0x000458    program     static C:\jww\Projects\PPMScope\Contributions\Paul Messer\DSOscope_A03\FW\DSOscopeA03_20120924.asm
           SampleXY250kLC   0x00047c    program     static C:\jww\Projects\PPMScope\Contributions\Paul Messer\DSOscope_A03\FW\DSOscopeA03_20120924.asm
           SampleXY250kLD   0x0004a0    program     static C:\jww\Projects\PPMScope\Contributions\Paul Messer\DSOscope_A03\FW\DSOscopeA03_20120924.asm
                 Sample1M   0x0004b8    program     static C:\jww\Projects\PPMScope\Contributions\Paul Messer\DSOscope_A03\FW\DSOscopeA03_20120924.asm
            Sample1MhzEnd   0x0008bd    program     static C:\jww\Projects\PPMScope\Contributions\Paul Messer\DSOscope_A03\FW\DSOscopeA03_20120924.asm
             SampleXY417k   0x0009bc    program     static C:\jww\Projects\PPMScope\Contributions\Paul Messer\DSOscope_A03\FW\DSOscopeA03_20120924.asm
               Sample833k   0x000fbf    program     static C:\jww\Projects\PPMScope\Contributions\Paul Messer\DSOscope_A03\FW\DSOscopeA03_20120924.asm
            Sample833kEnd   0x0013c5    program     static C:\jww\Projects\PPMScope\Contributions\Paul Messer\DSOscope_A03\FW\DSOscopeA03_20120924.asm
              SampleRep5M   0x0015c2    program     static C:\jww\Projects\PPMScope\Contributions\Paul Messer\DSOscope_A03\FW\DSOscopeA03_20120924.asm
        SampleRep5MPickSt   0x0015c6    program     static C:\jww\Projects\PPMScope\Contributions\Paul Messer\DSOscope_A03\FW\DSOscopeA03_20120924.asm
        SampleRep5MPickEn   0x0015d5    program     static C:\jww\Projects\PPMScope\Contributions\Paul Messer\DSOscope_A03\FW\DSOscopeA03_20120924.asm
         SampleRep5MStep1   0x0015d5    program     static C:\jww\Projects\PPMScope\Contributions\Paul Messer\DSOscope_A03\FW\DSOscopeA03_20120924.asm
          SampleRep5MEndA   0x0016da    program     static C:\jww\Projects\PPMScope\Contributions\Paul Messer\DSOscope_A03\FW\DSOscopeA03_20120924.asm
          SampleRep5MEndC   0x0016dd    program     static C:\jww\Projects\PPMScope\Contributions\Paul Messer\DSOscope_A03\FW\DSOscopeA03_20120924.asm
          SampleRep5MEndB   0x0016df    program     static C:\jww\Projects\PPMScope\Contributions\Paul Messer\DSOscope_A03\FW\DSOscopeA03_20120924.asm
         SampleRep5MStep2   0x0016e5    program     static C:\jww\Projects\PPMScope\Contributions\Paul Messer\DSOscope_A03\FW\DSOscopeA03_20120924.asm
         SampleRep5MStep3   0x0017e8    program     static C:\jww\Projects\PPMScope\Contributions\Paul Messer\DSOscope_A03\FW\DSOscopeA03_20120924.asm
         SampleRep5MStep4   0x0018eb    program     static C:\jww\Projects\PPMScope\Contributions\Paul Messer\DSOscope_A03\FW\DSOscopeA03_20120924.asm
         SampleRep5MStep5   0x0019ef    program     static C:\jww\Projects\PPMScope\Contributions\Paul Messer\DSOscope_A03\FW\DSOscopeA03_20120924.asm
              SampleRep2M   0x0019f5    program     static C:\jww\Projects\PPMScope\Contributions\Paul Messer\DSOscope_A03\FW\DSOscopeA03_20120924.asm
        SampleRep2MPickSt   0x0019f9    program     static C:\jww\Projects\PPMScope\Contributions\Paul Messer\DSOscope_A03\FW\DSOscopeA03_20120924.asm
        SampleRep2MPickEn   0x001a02    program     static C:\jww\Projects\PPMScope\Contributions\Paul Messer\DSOscope_A03\FW\DSOscopeA03_20120924.asm
         SampleRep2MStep1   0x001a02    program     static C:\jww\Projects\PPMScope\Contributions\Paul Messer\DSOscope_A03\FW\DSOscopeA03_20120924.asm
         SampleRep2MStep2   0x001c09    program     static C:\jww\Projects\PPMScope\Contributions\Paul Messer\DSOscope_A03\FW\DSOscopeA03_20120924.asm
         SampleRep2MStep3   0x001e0a    program     static C:\jww\Projects\PPMScope\Contributions\Paul Messer\DSOscope_A03\FW\DSOscopeA03_20120924.asm


