MPLINK 4.43, Linker
Linker Map File - Created Fri Sep 28 21:51:13 2012

                                 Section Info
                  Section       Type    Address   Location Size(Bytes)
                ---------  ---------  ---------  ---------  ---------
                   .org_0       code   0x000000    program   0x000000
                   .org_1       code   0x000000    program   0x000008
                   .org_2       code   0x000004    program   0x003c1c
                  .idlocs       code   0x002000    program   0x000008
.config_2007_DSOSCOPEA03_20120928.O       code   0x002007    program   0x000002
.config_2008_DSOSCOPEA03_20120928.O       code   0x002008    program   0x000002



                              Program Memory Usage 
                               Start         End      
                           ---------   ---------      
                            0x000000    0x001e11      
                            0x002000    0x002003      
                            0x002007    0x002008      
            7704 out of 8455 program addresses used, program memory utilization is 91%



                              Symbols - Sorted by Name
                     Name    Address   Location    Storage File                     
                ---------  ---------  ---------  --------- ---------                
              ADCShutdown   0x000116    program     static C:\jww\Projects\PPMScope\Contributions\Paul Messer\DSOscope_A03\FW\A03\DSOscopeA03_20120928.asm
          ChannelConfSend   0x00022a    program     static C:\jww\Projects\PPMScope\Contributions\Paul Messer\DSOscope_A03\FW\A03\DSOscopeA03_20120928.asm
         ChannelConfStore   0x000236    program     static C:\jww\Projects\PPMScope\Contributions\Paul Messer\DSOscope_A03\FW\A03\DSOscopeA03_20120928.asm
              ConfReceive   0x0001ed    program     static C:\jww\Projects\PPMScope\Contributions\Paul Messer\DSOscope_A03\FW\A03\DSOscopeA03_20120928.asm
      ConfReceiveRateOnly   0x000204    program     static C:\jww\Projects\PPMScope\Contributions\Paul Messer\DSOscope_A03\FW\A03\DSOscopeA03_20120928.asm
                 ConfSend   0x00020f    program     static C:\jww\Projects\PPMScope\Contributions\Paul Messer\DSOscope_A03\FW\A03\DSOscopeA03_20120928.asm
                    Delay   0x00010b    program     static C:\jww\Projects\PPMScope\Contributions\Paul Messer\DSOscope_A03\FW\A03\DSOscopeA03_20120928.asm
                DelayFive   0x000424    program     static C:\jww\Projects\PPMScope\Contributions\Paul Messer\DSOscope_A03\FW\A03\DSOscopeA03_20120928.asm
                DelayLoop   0x00010c    program     static C:\jww\Projects\PPMScope\Contributions\Paul Messer\DSOscope_A03\FW\A03\DSOscopeA03_20120928.asm
               DelaySeven   0x000423    program     static C:\jww\Projects\PPMScope\Contributions\Paul Messer\DSOscope_A03\FW\A03\DSOscopeA03_20120928.asm
                 DelayTwo   0x000426    program     static C:\jww\Projects\PPMScope\Contributions\Paul Messer\DSOscope_A03\FW\A03\DSOscopeA03_20120928.asm
                  GetByte   0x0000f5    program     static C:\jww\Projects\PPMScope\Contributions\Paul Messer\DSOscope_A03\FW\A03\DSOscopeA03_20120928.asm
                 GetByteB   0x0000f7    program     static C:\jww\Projects\PPMScope\Contributions\Paul Messer\DSOscope_A03\FW\A03\DSOscopeA03_20120928.asm
                 GetByteC   0x0000fb    program     static C:\jww\Projects\PPMScope\Contributions\Paul Messer\DSOscope_A03\FW\A03\DSOscopeA03_20120928.asm
                 GetByteD   0x0000ff    program     static C:\jww\Projects\PPMScope\Contributions\Paul Messer\DSOscope_A03\FW\A03\DSOscopeA03_20120928.asm
                 GetByteE   0x000103    program     static C:\jww\Projects\PPMScope\Contributions\Paul Messer\DSOscope_A03\FW\A03\DSOscopeA03_20120928.asm
                  Initial   0x000050    program     static C:\jww\Projects\PPMScope\Contributions\Paul Messer\DSOscope_A03\FW\A03\DSOscopeA03_20120928.asm
               IntHandler   0x000004    program     static C:\jww\Projects\PPMScope\Contributions\Paul Messer\DSOscope_A03\FW\A03\DSOscopeA03_20120928.asm
         IrqServiceTimer1   0x00011b    program     static C:\jww\Projects\PPMScope\Contributions\Paul Messer\DSOscope_A03\FW\A03\DSOscopeA03_20120928.asm
                     Main   0x000079    program     static C:\jww\Projects\PPMScope\Contributions\Paul Messer\DSOscope_A03\FW\A03\DSOscopeA03_20120928.asm
                    MainB   0x00007b    program     static C:\jww\Projects\PPMScope\Contributions\Paul Messer\DSOscope_A03\FW\A03\DSOscopeA03_20120928.asm
               MainSelect   0x000011    program     static C:\jww\Projects\PPMScope\Contributions\Paul Messer\DSOscope_A03\FW\A03\DSOscopeA03_20120928.asm
               MainWTrigB   0x000099    program     static C:\jww\Projects\PPMScope\Contributions\Paul Messer\DSOscope_A03\FW\A03\DSOscopeA03_20120928.asm
             MainWaitTrig   0x000088    program     static C:\jww\Projects\PPMScope\Contributions\Paul Messer\DSOscope_A03\FW\A03\DSOscopeA03_20120928.asm
                  PutByte   0x000106    program     static C:\jww\Projects\PPMScope\Contributions\Paul Messer\DSOscope_A03\FW\A03\DSOscopeA03_20120928.asm
            PutByteSerial   0x000106    program     static C:\jww\Projects\PPMScope\Contributions\Paul Messer\DSOscope_A03\FW\A03\DSOscopeA03_20120928.asm
                 Sample1M   0x0004ba    program     static C:\jww\Projects\PPMScope\Contributions\Paul Messer\DSOscope_A03\FW\A03\DSOscopeA03_20120928.asm
            Sample1MhzEnd   0x0008bf    program     static C:\jww\Projects\PPMScope\Contributions\Paul Messer\DSOscope_A03\FW\A03\DSOscopeA03_20120928.asm
              Sample250kA   0x0003d4    program     static C:\jww\Projects\PPMScope\Contributions\Paul Messer\DSOscope_A03\FW\A03\DSOscopeA03_20120928.asm
              Sample250kB   0x0003eb    program     static C:\jww\Projects\PPMScope\Contributions\Paul Messer\DSOscope_A03\FW\A03\DSOscopeA03_20120928.asm
              Sample250kC   0x000402    program     static C:\jww\Projects\PPMScope\Contributions\Paul Messer\DSOscope_A03\FW\A03\DSOscopeA03_20120928.asm
              Sample250kD   0x000419    program     static C:\jww\Projects\PPMScope\Contributions\Paul Messer\DSOscope_A03\FW\A03\DSOscopeA03_20120928.asm
           Sample417k250k   0x0003c4    program     static C:\jww\Projects\PPMScope\Contributions\Paul Messer\DSOscope_A03\FW\A03\DSOscopeA03_20120928.asm
              Sample417kA   0x0003d5    program     static C:\jww\Projects\PPMScope\Contributions\Paul Messer\DSOscope_A03\FW\A03\DSOscopeA03_20120928.asm
              Sample417kB   0x0003ec    program     static C:\jww\Projects\PPMScope\Contributions\Paul Messer\DSOscope_A03\FW\A03\DSOscopeA03_20120928.asm
              Sample417kC   0x000403    program     static C:\jww\Projects\PPMScope\Contributions\Paul Messer\DSOscope_A03\FW\A03\DSOscopeA03_20120928.asm
              Sample417kD   0x00041a    program     static C:\jww\Projects\PPMScope\Contributions\Paul Messer\DSOscope_A03\FW\A03\DSOscopeA03_20120928.asm
          Sample417kLoopA   0x0003cd    program     static C:\jww\Projects\PPMScope\Contributions\Paul Messer\DSOscope_A03\FW\A03\DSOscopeA03_20120928.asm
          Sample417kLoopB   0x0003e4    program     static C:\jww\Projects\PPMScope\Contributions\Paul Messer\DSOscope_A03\FW\A03\DSOscopeA03_20120928.asm
          Sample417kLoopC   0x0003fb    program     static C:\jww\Projects\PPMScope\Contributions\Paul Messer\DSOscope_A03\FW\A03\DSOscopeA03_20120928.asm
          Sample417kLoopD   0x000412    program     static C:\jww\Projects\PPMScope\Contributions\Paul Messer\DSOscope_A03\FW\A03\DSOscopeA03_20120928.asm
               Sample625k   0x000381    program     static C:\jww\Projects\PPMScope\Contributions\Paul Messer\DSOscope_A03\FW\A03\DSOscopeA03_20120928.asm
          Sample625kLoopA   0x000387    program     static C:\jww\Projects\PPMScope\Contributions\Paul Messer\DSOscope_A03\FW\A03\DSOscopeA03_20120928.asm
          Sample625kLoopB   0x000397    program     static C:\jww\Projects\PPMScope\Contributions\Paul Messer\DSOscope_A03\FW\A03\DSOscopeA03_20120928.asm
          Sample625kLoopC   0x0003a7    program     static C:\jww\Projects\PPMScope\Contributions\Paul Messer\DSOscope_A03\FW\A03\DSOscopeA03_20120928.asm
          Sample625kLoopD   0x0003b7    program     static C:\jww\Projects\PPMScope\Contributions\Paul Messer\DSOscope_A03\FW\A03\DSOscopeA03_20120928.asm
               Sample833k   0x000fc1    program     static C:\jww\Projects\PPMScope\Contributions\Paul Messer\DSOscope_A03\FW\A03\DSOscopeA03_20120928.asm
            Sample833kEnd   0x0013c7    program     static C:\jww\Projects\PPMScope\Contributions\Paul Messer\DSOscope_A03\FW\A03\DSOscopeA03_20120928.asm
            SampleDelayed   0x000273    program     static C:\jww\Projects\PPMScope\Contributions\Paul Messer\DSOscope_A03\FW\A03\DSOscopeA03_20120928.asm
       SampleDelayedLoopA   0x00027e    program     static C:\jww\Projects\PPMScope\Contributions\Paul Messer\DSOscope_A03\FW\A03\DSOscopeA03_20120928.asm
       SampleDelayedLoopB   0x000298    program     static C:\jww\Projects\PPMScope\Contributions\Paul Messer\DSOscope_A03\FW\A03\DSOscopeA03_20120928.asm
       SampleDelayedLoopC   0x0002b2    program     static C:\jww\Projects\PPMScope\Contributions\Paul Messer\DSOscope_A03\FW\A03\DSOscopeA03_20120928.asm
       SampleDelayedLoopD   0x0002cc    program     static C:\jww\Projects\PPMScope\Contributions\Paul Messer\DSOscope_A03\FW\A03\DSOscopeA03_20120928.asm
            SampleIntDrvn   0x00016a    program     static C:\jww\Projects\PPMScope\Contributions\Paul Messer\DSOscope_A03\FW\A03\DSOscopeA03_20120928.asm
           SampleRealTime   0x0001ec    program     static C:\jww\Projects\PPMScope\Contributions\Paul Messer\DSOscope_A03\FW\A03\DSOscopeA03_20120928.asm
              SampleRep2M   0x0019f7    program     static C:\jww\Projects\PPMScope\Contributions\Paul Messer\DSOscope_A03\FW\A03\DSOscopeA03_20120928.asm
        SampleRep2MPickEn   0x001a04    program     static C:\jww\Projects\PPMScope\Contributions\Paul Messer\DSOscope_A03\FW\A03\DSOscopeA03_20120928.asm
        SampleRep2MPickSt   0x0019fb    program     static C:\jww\Projects\PPMScope\Contributions\Paul Messer\DSOscope_A03\FW\A03\DSOscopeA03_20120928.asm
         SampleRep2MStep1   0x001a04    program     static C:\jww\Projects\PPMScope\Contributions\Paul Messer\DSOscope_A03\FW\A03\DSOscopeA03_20120928.asm
         SampleRep2MStep2   0x001c0b    program     static C:\jww\Projects\PPMScope\Contributions\Paul Messer\DSOscope_A03\FW\A03\DSOscopeA03_20120928.asm
         SampleRep2MStep3   0x001e0c    program     static C:\jww\Projects\PPMScope\Contributions\Paul Messer\DSOscope_A03\FW\A03\DSOscopeA03_20120928.asm
              SampleRep5M   0x0015c4    program     static C:\jww\Projects\PPMScope\Contributions\Paul Messer\DSOscope_A03\FW\A03\DSOscopeA03_20120928.asm
          SampleRep5MEndA   0x0016dc    program     static C:\jww\Projects\PPMScope\Contributions\Paul Messer\DSOscope_A03\FW\A03\DSOscopeA03_20120928.asm
          SampleRep5MEndB   0x0016e1    program     static C:\jww\Projects\PPMScope\Contributions\Paul Messer\DSOscope_A03\FW\A03\DSOscopeA03_20120928.asm
          SampleRep5MEndC   0x0016df    program     static C:\jww\Projects\PPMScope\Contributions\Paul Messer\DSOscope_A03\FW\A03\DSOscopeA03_20120928.asm
        SampleRep5MPickEn   0x0015d7    program     static C:\jww\Projects\PPMScope\Contributions\Paul Messer\DSOscope_A03\FW\A03\DSOscopeA03_20120928.asm
        SampleRep5MPickSt   0x0015c8    program     static C:\jww\Projects\PPMScope\Contributions\Paul Messer\DSOscope_A03\FW\A03\DSOscopeA03_20120928.asm
         SampleRep5MStep1   0x0015d7    program     static C:\jww\Projects\PPMScope\Contributions\Paul Messer\DSOscope_A03\FW\A03\DSOscopeA03_20120928.asm
         SampleRep5MStep2   0x0016e7    program     static C:\jww\Projects\PPMScope\Contributions\Paul Messer\DSOscope_A03\FW\A03\DSOscopeA03_20120928.asm
         SampleRep5MStep3   0x0017ea    program     static C:\jww\Projects\PPMScope\Contributions\Paul Messer\DSOscope_A03\FW\A03\DSOscopeA03_20120928.asm
         SampleRep5MStep4   0x0018ed    program     static C:\jww\Projects\PPMScope\Contributions\Paul Messer\DSOscope_A03\FW\A03\DSOscopeA03_20120928.asm
         SampleRep5MStep5   0x0019f1    program     static C:\jww\Projects\PPMScope\Contributions\Paul Messer\DSOscope_A03\FW\A03\DSOscopeA03_20120928.asm
         SampleXY250k192k   0x000427    program     static C:\jww\Projects\PPMScope\Contributions\Paul Messer\DSOscope_A03\FW\A03\DSOscopeA03_20120928.asm
           SampleXY250kLA   0x000436    program     static C:\jww\Projects\PPMScope\Contributions\Paul Messer\DSOscope_A03\FW\A03\DSOscopeA03_20120928.asm
           SampleXY250kLB   0x00045a    program     static C:\jww\Projects\PPMScope\Contributions\Paul Messer\DSOscope_A03\FW\A03\DSOscopeA03_20120928.asm
           SampleXY250kLC   0x00047e    program     static C:\jww\Projects\PPMScope\Contributions\Paul Messer\DSOscope_A03\FW\A03\DSOscopeA03_20120928.asm
           SampleXY250kLD   0x0004a2    program     static C:\jww\Projects\PPMScope\Contributions\Paul Messer\DSOscope_A03\FW\A03\DSOscopeA03_20120928.asm
             SampleXY417k   0x0009be    program     static C:\jww\Projects\PPMScope\Contributions\Paul Messer\DSOscope_A03\FW\A03\DSOscopeA03_20120928.asm
          SampleXYDelayed   0x0002de    program     static C:\jww\Projects\PPMScope\Contributions\Paul Messer\DSOscope_A03\FW\A03\DSOscopeA03_20120928.asm
        SampleXYDelayedLA   0x0002f0    program     static C:\jww\Projects\PPMScope\Contributions\Paul Messer\DSOscope_A03\FW\A03\DSOscopeA03_20120928.asm
        SampleXYDelayedLB   0x000318    program     static C:\jww\Projects\PPMScope\Contributions\Paul Messer\DSOscope_A03\FW\A03\DSOscopeA03_20120928.asm
        SampleXYDelayedLC   0x000340    program     static C:\jww\Projects\PPMScope\Contributions\Paul Messer\DSOscope_A03\FW\A03\DSOscopeA03_20120928.asm
        SampleXYDelayedLD   0x000368    program     static C:\jww\Projects\PPMScope\Contributions\Paul Messer\DSOscope_A03\FW\A03\DSOscopeA03_20120928.asm
        StSample417kLoopB   0x0003e9    program     static C:\jww\Projects\PPMScope\Contributions\Paul Messer\DSOscope_A03\FW\A03\DSOscopeA03_20120928.asm
        StSample417kLoopC   0x000400    program     static C:\jww\Projects\PPMScope\Contributions\Paul Messer\DSOscope_A03\FW\A03\DSOscopeA03_20120928.asm
        StSample417kLoopD   0x000417    program     static C:\jww\Projects\PPMScope\Contributions\Paul Messer\DSOscope_A03\FW\A03\DSOscopeA03_20120928.asm
     StSampleDelayedLoopA   0x000283    program     static C:\jww\Projects\PPMScope\Contributions\Paul Messer\DSOscope_A03\FW\A03\DSOscopeA03_20120928.asm
                 WaitComm   0x0000a4    program     static C:\jww\Projects\PPMScope\Contributions\Paul Messer\DSOscope_A03\FW\A03\DSOscopeA03_20120928.asm
           WaitComm_Break   0x0000ed    program     static C:\jww\Projects\PPMScope\Contributions\Paul Messer\DSOscope_A03\FW\A03\DSOscopeA03_20120928.asm
            WaitComm_Conf   0x0000d7    program     static C:\jww\Projects\PPMScope\Contributions\Paul Messer\DSOscope_A03\FW\A03\DSOscopeA03_20120928.asm
            WaitComm_Data   0x0000a5    program     static C:\jww\Projects\PPMScope\Contributions\Paul Messer\DSOscope_A03\FW\A03\DSOscopeA03_20120928.asm
             WaitComm_Rec   0x0000e0    program     static C:\jww\Projects\PPMScope\Contributions\Paul Messer\DSOscope_A03\FW\A03\DSOscopeA03_20120928.asm
       WaitComm_SendDataA   0x0000b0    program     static C:\jww\Projects\PPMScope\Contributions\Paul Messer\DSOscope_A03\FW\A03\DSOscopeA03_20120928.asm
       WaitComm_SendDataB   0x0000ba    program     static C:\jww\Projects\PPMScope\Contributions\Paul Messer\DSOscope_A03\FW\A03\DSOscopeA03_20120928.asm
       WaitComm_SendDataC   0x0000c4    program     static C:\jww\Projects\PPMScope\Contributions\Paul Messer\DSOscope_A03\FW\A03\DSOscopeA03_20120928.asm
       WaitComm_SendDataD   0x0000ce    program     static C:\jww\Projects\PPMScope\Contributions\Paul Messer\DSOscope_A03\FW\A03\DSOscopeA03_20120928.asm
    WaitComm_SendDataExit   0x0000d4    program     static C:\jww\Projects\PPMScope\Contributions\Paul Messer\DSOscope_A03\FW\A03\DSOscopeA03_20120928.asm
                     ih_1   0x00000a    program     static C:\jww\Projects\PPMScope\Contributions\Paul Messer\DSOscope_A03\FW\A03\DSOscopeA03_20120928.asm
                     ih_2   0x000042    program     static C:\jww\Projects\PPMScope\Contributions\Paul Messer\DSOscope_A03\FW\A03\DSOscopeA03_20120928.asm
                     ih_3   0x00004b    program     static C:\jww\Projects\PPMScope\Contributions\Paul Messer\DSOscope_A03\FW\A03\DSOscopeA03_20120928.asm
                 irqst1_5   0x000165    program     static C:\jww\Projects\PPMScope\Contributions\Paul Messer\DSOscope_A03\FW\A03\DSOscopeA03_20120928.asm
                 irqst1_6   0x000159    program     static C:\jww\Projects\PPMScope\Contributions\Paul Messer\DSOscope_A03\FW\A03\DSOscopeA03_20120928.asm
                 irqst1_7   0x00015b    program     static C:\jww\Projects\PPMScope\Contributions\Paul Messer\DSOscope_A03\FW\A03\DSOscopeA03_20120928.asm
                 sid_Exit   0x0001e2    program     static C:\jww\Projects\PPMScope\Contributions\Paul Messer\DSOscope_A03\FW\A03\DSOscopeA03_20120928.asm
              sid_GetByte   0x00017f    program     static C:\jww\Projects\PPMScope\Contributions\Paul Messer\DSOscope_A03\FW\A03\DSOscopeA03_20120928.asm
             sid_GetByteB   0x000187    program     static C:\jww\Projects\PPMScope\Contributions\Paul Messer\DSOscope_A03\FW\A03\DSOscopeA03_20120928.asm
             sid_GetByteC   0x00018b    program     static C:\jww\Projects\PPMScope\Contributions\Paul Messer\DSOscope_A03\FW\A03\DSOscopeA03_20120928.asm
             sid_GetByteD   0x00018f    program     static C:\jww\Projects\PPMScope\Contributions\Paul Messer\DSOscope_A03\FW\A03\DSOscopeA03_20120928.asm
             sid_GetByteE   0x000193    program     static C:\jww\Projects\PPMScope\Contributions\Paul Messer\DSOscope_A03\FW\A03\DSOscopeA03_20120928.asm
       sid_WaitComm_Break   0x0001da    program     static C:\jww\Projects\PPMScope\Contributions\Paul Messer\DSOscope_A03\FW\A03\DSOscopeA03_20120928.asm
        sid_WaitComm_Conf   0x0001c8    program     static C:\jww\Projects\PPMScope\Contributions\Paul Messer\DSOscope_A03\FW\A03\DSOscopeA03_20120928.asm
        sid_WaitComm_Data   0x000195    program     static C:\jww\Projects\PPMScope\Contributions\Paul Messer\DSOscope_A03\FW\A03\DSOscopeA03_20120928.asm
         sid_WaitComm_Rec   0x0001d1    program     static C:\jww\Projects\PPMScope\Contributions\Paul Messer\DSOscope_A03\FW\A03\DSOscopeA03_20120928.asm
   sid_WaitComm_SendDataA   0x0001a1    program     static C:\jww\Projects\PPMScope\Contributions\Paul Messer\DSOscope_A03\FW\A03\DSOscopeA03_20120928.asm
   sid_WaitComm_SendDataB   0x0001ab    program     static C:\jww\Projects\PPMScope\Contributions\Paul Messer\DSOscope_A03\FW\A03\DSOscopeA03_20120928.asm
   sid_WaitComm_SendDataC   0x0001b5    program     static C:\jww\Projects\PPMScope\Contributions\Paul Messer\DSOscope_A03\FW\A03\DSOscopeA03_20120928.asm
   sid_WaitComm_SendDataD   0x0001bf    program     static C:\jww\Projects\PPMScope\Contributions\Paul Messer\DSOscope_A03\FW\A03\DSOscopeA03_20120928.asm
sid_WaitComm_SendDataExit   0x0001c5    program     static C:\jww\Projects\PPMScope\Contributions\Paul Messer\DSOscope_A03\FW\A03\DSOscopeA03_20120928.asm



                              Symbols - Sorted by Address
                     Name    Address   Location    Storage File                     
                ---------  ---------  ---------  --------- ---------                
               IntHandler   0x000004    program     static C:\jww\Projects\PPMScope\Contributions\Paul Messer\DSOscope_A03\FW\A03\DSOscopeA03_20120928.asm
                     ih_1   0x00000a    program     static C:\jww\Projects\PPMScope\Contributions\Paul Messer\DSOscope_A03\FW\A03\DSOscopeA03_20120928.asm
               MainSelect   0x000011    program     static C:\jww\Projects\PPMScope\Contributions\Paul Messer\DSOscope_A03\FW\A03\DSOscopeA03_20120928.asm
                     ih_2   0x000042    program     static C:\jww\Projects\PPMScope\Contributions\Paul Messer\DSOscope_A03\FW\A03\DSOscopeA03_20120928.asm
                     ih_3   0x00004b    program     static C:\jww\Projects\PPMScope\Contributions\Paul Messer\DSOscope_A03\FW\A03\DSOscopeA03_20120928.asm
                  Initial   0x000050    program     static C:\jww\Projects\PPMScope\Contributions\Paul Messer\DSOscope_A03\FW\A03\DSOscopeA03_20120928.asm
                     Main   0x000079    program     static C:\jww\Projects\PPMScope\Contributions\Paul Messer\DSOscope_A03\FW\A03\DSOscopeA03_20120928.asm
                    MainB   0x00007b    program     static C:\jww\Projects\PPMScope\Contributions\Paul Messer\DSOscope_A03\FW\A03\DSOscopeA03_20120928.asm
             MainWaitTrig   0x000088    program     static C:\jww\Projects\PPMScope\Contributions\Paul Messer\DSOscope_A03\FW\A03\DSOscopeA03_20120928.asm
               MainWTrigB   0x000099    program     static C:\jww\Projects\PPMScope\Contributions\Paul Messer\DSOscope_A03\FW\A03\DSOscopeA03_20120928.asm
                 WaitComm   0x0000a4    program     static C:\jww\Projects\PPMScope\Contributions\Paul Messer\DSOscope_A03\FW\A03\DSOscopeA03_20120928.asm
            WaitComm_Data   0x0000a5    program     static C:\jww\Projects\PPMScope\Contributions\Paul Messer\DSOscope_A03\FW\A03\DSOscopeA03_20120928.asm
       WaitComm_SendDataA   0x0000b0    program     static C:\jww\Projects\PPMScope\Contributions\Paul Messer\DSOscope_A03\FW\A03\DSOscopeA03_20120928.asm
       WaitComm_SendDataB   0x0000ba    program     static C:\jww\Projects\PPMScope\Contributions\Paul Messer\DSOscope_A03\FW\A03\DSOscopeA03_20120928.asm
       WaitComm_SendDataC   0x0000c4    program     static C:\jww\Projects\PPMScope\Contributions\Paul Messer\DSOscope_A03\FW\A03\DSOscopeA03_20120928.asm
       WaitComm_SendDataD   0x0000ce    program     static C:\jww\Projects\PPMScope\Contributions\Paul Messer\DSOscope_A03\FW\A03\DSOscopeA03_20120928.asm
    WaitComm_SendDataExit   0x0000d4    program     static C:\jww\Projects\PPMScope\Contributions\Paul Messer\DSOscope_A03\FW\A03\DSOscopeA03_20120928.asm
            WaitComm_Conf   0x0000d7    program     static C:\jww\Projects\PPMScope\Contributions\Paul Messer\DSOscope_A03\FW\A03\DSOscopeA03_20120928.asm
             WaitComm_Rec   0x0000e0    program     static C:\jww\Projects\PPMScope\Contributions\Paul Messer\DSOscope_A03\FW\A03\DSOscopeA03_20120928.asm
           WaitComm_Break   0x0000ed    program     static C:\jww\Projects\PPMScope\Contributions\Paul Messer\DSOscope_A03\FW\A03\DSOscopeA03_20120928.asm
                  GetByte   0x0000f5    program     static C:\jww\Projects\PPMScope\Contributions\Paul Messer\DSOscope_A03\FW\A03\DSOscopeA03_20120928.asm
                 GetByteB   0x0000f7    program     static C:\jww\Projects\PPMScope\Contributions\Paul Messer\DSOscope_A03\FW\A03\DSOscopeA03_20120928.asm
                 GetByteC   0x0000fb    program     static C:\jww\Projects\PPMScope\Contributions\Paul Messer\DSOscope_A03\FW\A03\DSOscopeA03_20120928.asm
                 GetByteD   0x0000ff    program     static C:\jww\Projects\PPMScope\Contributions\Paul Messer\DSOscope_A03\FW\A03\DSOscopeA03_20120928.asm
                 GetByteE   0x000103    program     static C:\jww\Projects\PPMScope\Contributions\Paul Messer\DSOscope_A03\FW\A03\DSOscopeA03_20120928.asm
                  PutByte   0x000106    program     static C:\jww\Projects\PPMScope\Contributions\Paul Messer\DSOscope_A03\FW\A03\DSOscopeA03_20120928.asm
            PutByteSerial   0x000106    program     static C:\jww\Projects\PPMScope\Contributions\Paul Messer\DSOscope_A03\FW\A03\DSOscopeA03_20120928.asm
                    Delay   0x00010b    program     static C:\jww\Projects\PPMScope\Contributions\Paul Messer\DSOscope_A03\FW\A03\DSOscopeA03_20120928.asm
                DelayLoop   0x00010c    program     static C:\jww\Projects\PPMScope\Contributions\Paul Messer\DSOscope_A03\FW\A03\DSOscopeA03_20120928.asm
              ADCShutdown   0x000116    program     static C:\jww\Projects\PPMScope\Contributions\Paul Messer\DSOscope_A03\FW\A03\DSOscopeA03_20120928.asm
         IrqServiceTimer1   0x00011b    program     static C:\jww\Projects\PPMScope\Contributions\Paul Messer\DSOscope_A03\FW\A03\DSOscopeA03_20120928.asm
                 irqst1_6   0x000159    program     static C:\jww\Projects\PPMScope\Contributions\Paul Messer\DSOscope_A03\FW\A03\DSOscopeA03_20120928.asm
                 irqst1_7   0x00015b    program     static C:\jww\Projects\PPMScope\Contributions\Paul Messer\DSOscope_A03\FW\A03\DSOscopeA03_20120928.asm
                 irqst1_5   0x000165    program     static C:\jww\Projects\PPMScope\Contributions\Paul Messer\DSOscope_A03\FW\A03\DSOscopeA03_20120928.asm
            SampleIntDrvn   0x00016a    program     static C:\jww\Projects\PPMScope\Contributions\Paul Messer\DSOscope_A03\FW\A03\DSOscopeA03_20120928.asm
              sid_GetByte   0x00017f    program     static C:\jww\Projects\PPMScope\Contributions\Paul Messer\DSOscope_A03\FW\A03\DSOscopeA03_20120928.asm
             sid_GetByteB   0x000187    program     static C:\jww\Projects\PPMScope\Contributions\Paul Messer\DSOscope_A03\FW\A03\DSOscopeA03_20120928.asm
             sid_GetByteC   0x00018b    program     static C:\jww\Projects\PPMScope\Contributions\Paul Messer\DSOscope_A03\FW\A03\DSOscopeA03_20120928.asm
             sid_GetByteD   0x00018f    program     static C:\jww\Projects\PPMScope\Contributions\Paul Messer\DSOscope_A03\FW\A03\DSOscopeA03_20120928.asm
             sid_GetByteE   0x000193    program     static C:\jww\Projects\PPMScope\Contributions\Paul Messer\DSOscope_A03\FW\A03\DSOscopeA03_20120928.asm
        sid_WaitComm_Data   0x000195    program     static C:\jww\Projects\PPMScope\Contributions\Paul Messer\DSOscope_A03\FW\A03\DSOscopeA03_20120928.asm
   sid_WaitComm_SendDataA   0x0001a1    program     static C:\jww\Projects\PPMScope\Contributions\Paul Messer\DSOscope_A03\FW\A03\DSOscopeA03_20120928.asm
   sid_WaitComm_SendDataB   0x0001ab    program     static C:\jww\Projects\PPMScope\Contributions\Paul Messer\DSOscope_A03\FW\A03\DSOscopeA03_20120928.asm
   sid_WaitComm_SendDataC   0x0001b5    program     static C:\jww\Projects\PPMScope\Contributions\Paul Messer\DSOscope_A03\FW\A03\DSOscopeA03_20120928.asm
   sid_WaitComm_SendDataD   0x0001bf    program     static C:\jww\Projects\PPMScope\Contributions\Paul Messer\DSOscope_A03\FW\A03\DSOscopeA03_20120928.asm
sid_WaitComm_SendDataExit   0x0001c5    program     static C:\jww\Projects\PPMScope\Contributions\Paul Messer\DSOscope_A03\FW\A03\DSOscopeA03_20120928.asm
        sid_WaitComm_Conf   0x0001c8    program     static C:\jww\Projects\PPMScope\Contributions\Paul Messer\DSOscope_A03\FW\A03\DSOscopeA03_20120928.asm
         sid_WaitComm_Rec   0x0001d1    program     static C:\jww\Projects\PPMScope\Contributions\Paul Messer\DSOscope_A03\FW\A03\DSOscopeA03_20120928.asm
       sid_WaitComm_Break   0x0001da    program     static C:\jww\Projects\PPMScope\Contributions\Paul Messer\DSOscope_A03\FW\A03\DSOscopeA03_20120928.asm
                 sid_Exit   0x0001e2    program     static C:\jww\Projects\PPMScope\Contributions\Paul Messer\DSOscope_A03\FW\A03\DSOscopeA03_20120928.asm
           SampleRealTime   0x0001ec    program     static C:\jww\Projects\PPMScope\Contributions\Paul Messer\DSOscope_A03\FW\A03\DSOscopeA03_20120928.asm
              ConfReceive   0x0001ed    program     static C:\jww\Projects\PPMScope\Contributions\Paul Messer\DSOscope_A03\FW\A03\DSOscopeA03_20120928.asm
      ConfReceiveRateOnly   0x000204    program     static C:\jww\Projects\PPMScope\Contributions\Paul Messer\DSOscope_A03\FW\A03\DSOscopeA03_20120928.asm
                 ConfSend   0x00020f    program     static C:\jww\Projects\PPMScope\Contributions\Paul Messer\DSOscope_A03\FW\A03\DSOscopeA03_20120928.asm
          ChannelConfSend   0x00022a    program     static C:\jww\Projects\PPMScope\Contributions\Paul Messer\DSOscope_A03\FW\A03\DSOscopeA03_20120928.asm
         ChannelConfStore   0x000236    program     static C:\jww\Projects\PPMScope\Contributions\Paul Messer\DSOscope_A03\FW\A03\DSOscopeA03_20120928.asm
            SampleDelayed   0x000273    program     static C:\jww\Projects\PPMScope\Contributions\Paul Messer\DSOscope_A03\FW\A03\DSOscopeA03_20120928.asm
       SampleDelayedLoopA   0x00027e    program     static C:\jww\Projects\PPMScope\Contributions\Paul Messer\DSOscope_A03\FW\A03\DSOscopeA03_20120928.asm
     StSampleDelayedLoopA   0x000283    program     static C:\jww\Projects\PPMScope\Contributions\Paul Messer\DSOscope_A03\FW\A03\DSOscopeA03_20120928.asm
       SampleDelayedLoopB   0x000298    program     static C:\jww\Projects\PPMScope\Contributions\Paul Messer\DSOscope_A03\FW\A03\DSOscopeA03_20120928.asm
       SampleDelayedLoopC   0x0002b2    program     static C:\jww\Projects\PPMScope\Contributions\Paul Messer\DSOscope_A03\FW\A03\DSOscopeA03_20120928.asm
       SampleDelayedLoopD   0x0002cc    program     static C:\jww\Projects\PPMScope\Contributions\Paul Messer\DSOscope_A03\FW\A03\DSOscopeA03_20120928.asm
          SampleXYDelayed   0x0002de    program     static C:\jww\Projects\PPMScope\Contributions\Paul Messer\DSOscope_A03\FW\A03\DSOscopeA03_20120928.asm
        SampleXYDelayedLA   0x0002f0    program     static C:\jww\Projects\PPMScope\Contributions\Paul Messer\DSOscope_A03\FW\A03\DSOscopeA03_20120928.asm
        SampleXYDelayedLB   0x000318    program     static C:\jww\Projects\PPMScope\Contributions\Paul Messer\DSOscope_A03\FW\A03\DSOscopeA03_20120928.asm
        SampleXYDelayedLC   0x000340    program     static C:\jww\Projects\PPMScope\Contributions\Paul Messer\DSOscope_A03\FW\A03\DSOscopeA03_20120928.asm
        SampleXYDelayedLD   0x000368    program     static C:\jww\Projects\PPMScope\Contributions\Paul Messer\DSOscope_A03\FW\A03\DSOscopeA03_20120928.asm
               Sample625k   0x000381    program     static C:\jww\Projects\PPMScope\Contributions\Paul Messer\DSOscope_A03\FW\A03\DSOscopeA03_20120928.asm
          Sample625kLoopA   0x000387    program     static C:\jww\Projects\PPMScope\Contributions\Paul Messer\DSOscope_A03\FW\A03\DSOscopeA03_20120928.asm
          Sample625kLoopB   0x000397    program     static C:\jww\Projects\PPMScope\Contributions\Paul Messer\DSOscope_A03\FW\A03\DSOscopeA03_20120928.asm
          Sample625kLoopC   0x0003a7    program     static C:\jww\Projects\PPMScope\Contributions\Paul Messer\DSOscope_A03\FW\A03\DSOscopeA03_20120928.asm
          Sample625kLoopD   0x0003b7    program     static C:\jww\Projects\PPMScope\Contributions\Paul Messer\DSOscope_A03\FW\A03\DSOscopeA03_20120928.asm
           Sample417k250k   0x0003c4    program     static C:\jww\Projects\PPMScope\Contributions\Paul Messer\DSOscope_A03\FW\A03\DSOscopeA03_20120928.asm
          Sample417kLoopA   0x0003cd    program     static C:\jww\Projects\PPMScope\Contributions\Paul Messer\DSOscope_A03\FW\A03\DSOscopeA03_20120928.asm
              Sample250kA   0x0003d4    program     static C:\jww\Projects\PPMScope\Contributions\Paul Messer\DSOscope_A03\FW\A03\DSOscopeA03_20120928.asm
              Sample417kA   0x0003d5    program     static C:\jww\Projects\PPMScope\Contributions\Paul Messer\DSOscope_A03\FW\A03\DSOscopeA03_20120928.asm
          Sample417kLoopB   0x0003e4    program     static C:\jww\Projects\PPMScope\Contributions\Paul Messer\DSOscope_A03\FW\A03\DSOscopeA03_20120928.asm
        StSample417kLoopB   0x0003e9    program     static C:\jww\Projects\PPMScope\Contributions\Paul Messer\DSOscope_A03\FW\A03\DSOscopeA03_20120928.asm
              Sample250kB   0x0003eb    program     static C:\jww\Projects\PPMScope\Contributions\Paul Messer\DSOscope_A03\FW\A03\DSOscopeA03_20120928.asm
              Sample417kB   0x0003ec    program     static C:\jww\Projects\PPMScope\Contributions\Paul Messer\DSOscope_A03\FW\A03\DSOscopeA03_20120928.asm
          Sample417kLoopC   0x0003fb    program     static C:\jww\Projects\PPMScope\Contributions\Paul Messer\DSOscope_A03\FW\A03\DSOscopeA03_20120928.asm
        StSample417kLoopC   0x000400    program     static C:\jww\Projects\PPMScope\Contributions\Paul Messer\DSOscope_A03\FW\A03\DSOscopeA03_20120928.asm
              Sample250kC   0x000402    program     static C:\jww\Projects\PPMScope\Contributions\Paul Messer\DSOscope_A03\FW\A03\DSOscopeA03_20120928.asm
              Sample417kC   0x000403    program     static C:\jww\Projects\PPMScope\Contributions\Paul Messer\DSOscope_A03\FW\A03\DSOscopeA03_20120928.asm
          Sample417kLoopD   0x000412    program     static C:\jww\Projects\PPMScope\Contributions\Paul Messer\DSOscope_A03\FW\A03\DSOscopeA03_20120928.asm
        StSample417kLoopD   0x000417    program     static C:\jww\Projects\PPMScope\Contributions\Paul Messer\DSOscope_A03\FW\A03\DSOscopeA03_20120928.asm
              Sample250kD   0x000419    program     static C:\jww\Projects\PPMScope\Contributions\Paul Messer\DSOscope_A03\FW\A03\DSOscopeA03_20120928.asm
              Sample417kD   0x00041a    program     static C:\jww\Projects\PPMScope\Contributions\Paul Messer\DSOscope_A03\FW\A03\DSOscopeA03_20120928.asm
               DelaySeven   0x000423    program     static C:\jww\Projects\PPMScope\Contributions\Paul Messer\DSOscope_A03\FW\A03\DSOscopeA03_20120928.asm
                DelayFive   0x000424    program     static C:\jww\Projects\PPMScope\Contributions\Paul Messer\DSOscope_A03\FW\A03\DSOscopeA03_20120928.asm
                 DelayTwo   0x000426    program     static C:\jww\Projects\PPMScope\Contributions\Paul Messer\DSOscope_A03\FW\A03\DSOscopeA03_20120928.asm
         SampleXY250k192k   0x000427    program     static C:\jww\Projects\PPMScope\Contributions\Paul Messer\DSOscope_A03\FW\A03\DSOscopeA03_20120928.asm
           SampleXY250kLA   0x000436    program     static C:\jww\Projects\PPMScope\Contributions\Paul Messer\DSOscope_A03\FW\A03\DSOscopeA03_20120928.asm
           SampleXY250kLB   0x00045a    program     static C:\jww\Projects\PPMScope\Contributions\Paul Messer\DSOscope_A03\FW\A03\DSOscopeA03_20120928.asm
           SampleXY250kLC   0x00047e    program     static C:\jww\Projects\PPMScope\Contributions\Paul Messer\DSOscope_A03\FW\A03\DSOscopeA03_20120928.asm
           SampleXY250kLD   0x0004a2    program     static C:\jww\Projects\PPMScope\Contributions\Paul Messer\DSOscope_A03\FW\A03\DSOscopeA03_20120928.asm
                 Sample1M   0x0004ba    program     static C:\jww\Projects\PPMScope\Contributions\Paul Messer\DSOscope_A03\FW\A03\DSOscopeA03_20120928.asm
            Sample1MhzEnd   0x0008bf    program     static C:\jww\Projects\PPMScope\Contributions\Paul Messer\DSOscope_A03\FW\A03\DSOscopeA03_20120928.asm
             SampleXY417k   0x0009be    program     static C:\jww\Projects\PPMScope\Contributions\Paul Messer\DSOscope_A03\FW\A03\DSOscopeA03_20120928.asm
               Sample833k   0x000fc1    program     static C:\jww\Projects\PPMScope\Contributions\Paul Messer\DSOscope_A03\FW\A03\DSOscopeA03_20120928.asm
            Sample833kEnd   0x0013c7    program     static C:\jww\Projects\PPMScope\Contributions\Paul Messer\DSOscope_A03\FW\A03\DSOscopeA03_20120928.asm
              SampleRep5M   0x0015c4    program     static C:\jww\Projects\PPMScope\Contributions\Paul Messer\DSOscope_A03\FW\A03\DSOscopeA03_20120928.asm
        SampleRep5MPickSt   0x0015c8    program     static C:\jww\Projects\PPMScope\Contributions\Paul Messer\DSOscope_A03\FW\A03\DSOscopeA03_20120928.asm
         SampleRep5MStep1   0x0015d7    program     static C:\jww\Projects\PPMScope\Contributions\Paul Messer\DSOscope_A03\FW\A03\DSOscopeA03_20120928.asm
        SampleRep5MPickEn   0x0015d7    program     static C:\jww\Projects\PPMScope\Contributions\Paul Messer\DSOscope_A03\FW\A03\DSOscopeA03_20120928.asm
          SampleRep5MEndA   0x0016dc    program     static C:\jww\Projects\PPMScope\Contributions\Paul Messer\DSOscope_A03\FW\A03\DSOscopeA03_20120928.asm
          SampleRep5MEndC   0x0016df    program     static C:\jww\Projects\PPMScope\Contributions\Paul Messer\DSOscope_A03\FW\A03\DSOscopeA03_20120928.asm
          SampleRep5MEndB   0x0016e1    program     static C:\jww\Projects\PPMScope\Contributions\Paul Messer\DSOscope_A03\FW\A03\DSOscopeA03_20120928.asm
         SampleRep5MStep2   0x0016e7    program     static C:\jww\Projects\PPMScope\Contributions\Paul Messer\DSOscope_A03\FW\A03\DSOscopeA03_20120928.asm
         SampleRep5MStep3   0x0017ea    program     static C:\jww\Projects\PPMScope\Contributions\Paul Messer\DSOscope_A03\FW\A03\DSOscopeA03_20120928.asm
         SampleRep5MStep4   0x0018ed    program     static C:\jww\Projects\PPMScope\Contributions\Paul Messer\DSOscope_A03\FW\A03\DSOscopeA03_20120928.asm
         SampleRep5MStep5   0x0019f1    program     static C:\jww\Projects\PPMScope\Contributions\Paul Messer\DSOscope_A03\FW\A03\DSOscopeA03_20120928.asm
              SampleRep2M   0x0019f7    program     static C:\jww\Projects\PPMScope\Contributions\Paul Messer\DSOscope_A03\FW\A03\DSOscopeA03_20120928.asm
        SampleRep2MPickSt   0x0019fb    program     static C:\jww\Projects\PPMScope\Contributions\Paul Messer\DSOscope_A03\FW\A03\DSOscopeA03_20120928.asm
         SampleRep2MStep1   0x001a04    program     static C:\jww\Projects\PPMScope\Contributions\Paul Messer\DSOscope_A03\FW\A03\DSOscopeA03_20120928.asm
        SampleRep2MPickEn   0x001a04    program     static C:\jww\Projects\PPMScope\Contributions\Paul Messer\DSOscope_A03\FW\A03\DSOscopeA03_20120928.asm
         SampleRep2MStep2   0x001c0b    program     static C:\jww\Projects\PPMScope\Contributions\Paul Messer\DSOscope_A03\FW\A03\DSOscopeA03_20120928.asm
         SampleRep2MStep3   0x001e0c    program     static C:\jww\Projects\PPMScope\Contributions\Paul Messer\DSOscope_A03\FW\A03\DSOscopeA03_20120928.asm


