MPLINK 4.43, Linker
Linker Map File - Created Wed Sep 26 08:56:56 2012

                                 Section Info
                  Section       Type    Address   Location Size(Bytes)
                ---------  ---------  ---------  ---------  ---------
                   .org_0       code   0x000000    program   0x000000
                   .org_1       code   0x000000    program   0x000008
                   .org_2       code   0x000004    program   0x003c08
                  .idlocs       code   0x002000    program   0x000008
.config_2007_DSOSCOPEA03_20120924.O       code   0x002007    program   0x000002
.config_2008_DSOSCOPEA03_20120924.O       code   0x002008    program   0x000002



                              Program Memory Usage 
                               Start         End      
                           ---------   ---------      
                            0x000000    0x001e07      
                            0x002000    0x002003      
                            0x002007    0x002008      
            7694 out of 8455 program addresses used, program memory utilization is 90%



                              Symbols - Sorted by Name
                     Name    Address   Location    Storage File                     
                ---------  ---------  ---------  --------- ---------                
              ADCShutdown   0x00010f    program     static C:\jww\Projects\PPMScope\Contributions\Paul Messer\DSOscope_A03\FW\A03\DSOscopeA03_20120924.asm
          ChannelConfSend   0x000220    program     static C:\jww\Projects\PPMScope\Contributions\Paul Messer\DSOscope_A03\FW\A03\DSOscopeA03_20120924.asm
         ChannelConfStore   0x00022c    program     static C:\jww\Projects\PPMScope\Contributions\Paul Messer\DSOscope_A03\FW\A03\DSOscopeA03_20120924.asm
              ConfReceive   0x0001e3    program     static C:\jww\Projects\PPMScope\Contributions\Paul Messer\DSOscope_A03\FW\A03\DSOscopeA03_20120924.asm
      ConfReceiveRateOnly   0x0001fa    program     static C:\jww\Projects\PPMScope\Contributions\Paul Messer\DSOscope_A03\FW\A03\DSOscopeA03_20120924.asm
                 ConfSend   0x000205    program     static C:\jww\Projects\PPMScope\Contributions\Paul Messer\DSOscope_A03\FW\A03\DSOscopeA03_20120924.asm
                    Delay   0x000104    program     static C:\jww\Projects\PPMScope\Contributions\Paul Messer\DSOscope_A03\FW\A03\DSOscopeA03_20120924.asm
                DelayFive   0x00041a    program     static C:\jww\Projects\PPMScope\Contributions\Paul Messer\DSOscope_A03\FW\A03\DSOscopeA03_20120924.asm
                DelayLoop   0x000105    program     static C:\jww\Projects\PPMScope\Contributions\Paul Messer\DSOscope_A03\FW\A03\DSOscopeA03_20120924.asm
               DelaySeven   0x000419    program     static C:\jww\Projects\PPMScope\Contributions\Paul Messer\DSOscope_A03\FW\A03\DSOscopeA03_20120924.asm
                 DelayTwo   0x00041c    program     static C:\jww\Projects\PPMScope\Contributions\Paul Messer\DSOscope_A03\FW\A03\DSOscopeA03_20120924.asm
                  GetByte   0x0000ee    program     static C:\jww\Projects\PPMScope\Contributions\Paul Messer\DSOscope_A03\FW\A03\DSOscopeA03_20120924.asm
                 GetByteB   0x0000f0    program     static C:\jww\Projects\PPMScope\Contributions\Paul Messer\DSOscope_A03\FW\A03\DSOscopeA03_20120924.asm
                 GetByteC   0x0000f4    program     static C:\jww\Projects\PPMScope\Contributions\Paul Messer\DSOscope_A03\FW\A03\DSOscopeA03_20120924.asm
                 GetByteD   0x0000f8    program     static C:\jww\Projects\PPMScope\Contributions\Paul Messer\DSOscope_A03\FW\A03\DSOscopeA03_20120924.asm
                 GetByteE   0x0000fc    program     static C:\jww\Projects\PPMScope\Contributions\Paul Messer\DSOscope_A03\FW\A03\DSOscopeA03_20120924.asm
                  Initial   0x000050    program     static C:\jww\Projects\PPMScope\Contributions\Paul Messer\DSOscope_A03\FW\A03\DSOscopeA03_20120924.asm
               IntHandler   0x000004    program     static C:\jww\Projects\PPMScope\Contributions\Paul Messer\DSOscope_A03\FW\A03\DSOscopeA03_20120924.asm
         IrqServiceTimer1   0x000114    program     static C:\jww\Projects\PPMScope\Contributions\Paul Messer\DSOscope_A03\FW\A03\DSOscopeA03_20120924.asm
                     Main   0x000075    program     static C:\jww\Projects\PPMScope\Contributions\Paul Messer\DSOscope_A03\FW\A03\DSOscopeA03_20120924.asm
                    MainB   0x000077    program     static C:\jww\Projects\PPMScope\Contributions\Paul Messer\DSOscope_A03\FW\A03\DSOscopeA03_20120924.asm
               MainSelect   0x000011    program     static C:\jww\Projects\PPMScope\Contributions\Paul Messer\DSOscope_A03\FW\A03\DSOscopeA03_20120924.asm
               MainWTrigB   0x000095    program     static C:\jww\Projects\PPMScope\Contributions\Paul Messer\DSOscope_A03\FW\A03\DSOscopeA03_20120924.asm
             MainWaitTrig   0x000084    program     static C:\jww\Projects\PPMScope\Contributions\Paul Messer\DSOscope_A03\FW\A03\DSOscopeA03_20120924.asm
                  PutByte   0x0000ff    program     static C:\jww\Projects\PPMScope\Contributions\Paul Messer\DSOscope_A03\FW\A03\DSOscopeA03_20120924.asm
            PutByteSerial   0x0000ff    program     static C:\jww\Projects\PPMScope\Contributions\Paul Messer\DSOscope_A03\FW\A03\DSOscopeA03_20120924.asm
                 Sample1M   0x0004b0    program     static C:\jww\Projects\PPMScope\Contributions\Paul Messer\DSOscope_A03\FW\A03\DSOscopeA03_20120924.asm
            Sample1MhzEnd   0x0008b5    program     static C:\jww\Projects\PPMScope\Contributions\Paul Messer\DSOscope_A03\FW\A03\DSOscopeA03_20120924.asm
              Sample250kA   0x0003ca    program     static C:\jww\Projects\PPMScope\Contributions\Paul Messer\DSOscope_A03\FW\A03\DSOscopeA03_20120924.asm
              Sample250kB   0x0003e1    program     static C:\jww\Projects\PPMScope\Contributions\Paul Messer\DSOscope_A03\FW\A03\DSOscopeA03_20120924.asm
              Sample250kC   0x0003f8    program     static C:\jww\Projects\PPMScope\Contributions\Paul Messer\DSOscope_A03\FW\A03\DSOscopeA03_20120924.asm
              Sample250kD   0x00040f    program     static C:\jww\Projects\PPMScope\Contributions\Paul Messer\DSOscope_A03\FW\A03\DSOscopeA03_20120924.asm
           Sample417k250k   0x0003ba    program     static C:\jww\Projects\PPMScope\Contributions\Paul Messer\DSOscope_A03\FW\A03\DSOscopeA03_20120924.asm
              Sample417kA   0x0003cb    program     static C:\jww\Projects\PPMScope\Contributions\Paul Messer\DSOscope_A03\FW\A03\DSOscopeA03_20120924.asm
              Sample417kB   0x0003e2    program     static C:\jww\Projects\PPMScope\Contributions\Paul Messer\DSOscope_A03\FW\A03\DSOscopeA03_20120924.asm
              Sample417kC   0x0003f9    program     static C:\jww\Projects\PPMScope\Contributions\Paul Messer\DSOscope_A03\FW\A03\DSOscopeA03_20120924.asm
              Sample417kD   0x000410    program     static C:\jww\Projects\PPMScope\Contributions\Paul Messer\DSOscope_A03\FW\A03\DSOscopeA03_20120924.asm
          Sample417kLoopA   0x0003c3    program     static C:\jww\Projects\PPMScope\Contributions\Paul Messer\DSOscope_A03\FW\A03\DSOscopeA03_20120924.asm
          Sample417kLoopB   0x0003da    program     static C:\jww\Projects\PPMScope\Contributions\Paul Messer\DSOscope_A03\FW\A03\DSOscopeA03_20120924.asm
          Sample417kLoopC   0x0003f1    program     static C:\jww\Projects\PPMScope\Contributions\Paul Messer\DSOscope_A03\FW\A03\DSOscopeA03_20120924.asm
          Sample417kLoopD   0x000408    program     static C:\jww\Projects\PPMScope\Contributions\Paul Messer\DSOscope_A03\FW\A03\DSOscopeA03_20120924.asm
               Sample625k   0x000377    program     static C:\jww\Projects\PPMScope\Contributions\Paul Messer\DSOscope_A03\FW\A03\DSOscopeA03_20120924.asm
          Sample625kLoopA   0x00037d    program     static C:\jww\Projects\PPMScope\Contributions\Paul Messer\DSOscope_A03\FW\A03\DSOscopeA03_20120924.asm
          Sample625kLoopB   0x00038d    program     static C:\jww\Projects\PPMScope\Contributions\Paul Messer\DSOscope_A03\FW\A03\DSOscopeA03_20120924.asm
          Sample625kLoopC   0x00039d    program     static C:\jww\Projects\PPMScope\Contributions\Paul Messer\DSOscope_A03\FW\A03\DSOscopeA03_20120924.asm
          Sample625kLoopD   0x0003ad    program     static C:\jww\Projects\PPMScope\Contributions\Paul Messer\DSOscope_A03\FW\A03\DSOscopeA03_20120924.asm
               Sample833k   0x000fb7    program     static C:\jww\Projects\PPMScope\Contributions\Paul Messer\DSOscope_A03\FW\A03\DSOscopeA03_20120924.asm
            Sample833kEnd   0x0013bd    program     static C:\jww\Projects\PPMScope\Contributions\Paul Messer\DSOscope_A03\FW\A03\DSOscopeA03_20120924.asm
            SampleDelayed   0x000269    program     static C:\jww\Projects\PPMScope\Contributions\Paul Messer\DSOscope_A03\FW\A03\DSOscopeA03_20120924.asm
       SampleDelayedLoopA   0x000274    program     static C:\jww\Projects\PPMScope\Contributions\Paul Messer\DSOscope_A03\FW\A03\DSOscopeA03_20120924.asm
       SampleDelayedLoopB   0x00028e    program     static C:\jww\Projects\PPMScope\Contributions\Paul Messer\DSOscope_A03\FW\A03\DSOscopeA03_20120924.asm
       SampleDelayedLoopC   0x0002a8    program     static C:\jww\Projects\PPMScope\Contributions\Paul Messer\DSOscope_A03\FW\A03\DSOscopeA03_20120924.asm
       SampleDelayedLoopD   0x0002c2    program     static C:\jww\Projects\PPMScope\Contributions\Paul Messer\DSOscope_A03\FW\A03\DSOscopeA03_20120924.asm
            SampleIntDrvn   0x000165    program     static C:\jww\Projects\PPMScope\Contributions\Paul Messer\DSOscope_A03\FW\A03\DSOscopeA03_20120924.asm
           SampleRealTime   0x0001e2    program     static C:\jww\Projects\PPMScope\Contributions\Paul Messer\DSOscope_A03\FW\A03\DSOscopeA03_20120924.asm
              SampleRep2M   0x0019ed    program     static C:\jww\Projects\PPMScope\Contributions\Paul Messer\DSOscope_A03\FW\A03\DSOscopeA03_20120924.asm
        SampleRep2MPickEn   0x0019fa    program     static C:\jww\Projects\PPMScope\Contributions\Paul Messer\DSOscope_A03\FW\A03\DSOscopeA03_20120924.asm
        SampleRep2MPickSt   0x0019f1    program     static C:\jww\Projects\PPMScope\Contributions\Paul Messer\DSOscope_A03\FW\A03\DSOscopeA03_20120924.asm
         SampleRep2MStep1   0x0019fa    program     static C:\jww\Projects\PPMScope\Contributions\Paul Messer\DSOscope_A03\FW\A03\DSOscopeA03_20120924.asm
         SampleRep2MStep2   0x001c01    program     static C:\jww\Projects\PPMScope\Contributions\Paul Messer\DSOscope_A03\FW\A03\DSOscopeA03_20120924.asm
         SampleRep2MStep3   0x001e02    program     static C:\jww\Projects\PPMScope\Contributions\Paul Messer\DSOscope_A03\FW\A03\DSOscopeA03_20120924.asm
              SampleRep5M   0x0015ba    program     static C:\jww\Projects\PPMScope\Contributions\Paul Messer\DSOscope_A03\FW\A03\DSOscopeA03_20120924.asm
          SampleRep5MEndA   0x0016d2    program     static C:\jww\Projects\PPMScope\Contributions\Paul Messer\DSOscope_A03\FW\A03\DSOscopeA03_20120924.asm
          SampleRep5MEndB   0x0016d7    program     static C:\jww\Projects\PPMScope\Contributions\Paul Messer\DSOscope_A03\FW\A03\DSOscopeA03_20120924.asm
          SampleRep5MEndC   0x0016d5    program     static C:\jww\Projects\PPMScope\Contributions\Paul Messer\DSOscope_A03\FW\A03\DSOscopeA03_20120924.asm
        SampleRep5MPickEn   0x0015cd    program     static C:\jww\Projects\PPMScope\Contributions\Paul Messer\DSOscope_A03\FW\A03\DSOscopeA03_20120924.asm
        SampleRep5MPickSt   0x0015be    program     static C:\jww\Projects\PPMScope\Contributions\Paul Messer\DSOscope_A03\FW\A03\DSOscopeA03_20120924.asm
         SampleRep5MStep1   0x0015cd    program     static C:\jww\Projects\PPMScope\Contributions\Paul Messer\DSOscope_A03\FW\A03\DSOscopeA03_20120924.asm
         SampleRep5MStep2   0x0016dd    program     static C:\jww\Projects\PPMScope\Contributions\Paul Messer\DSOscope_A03\FW\A03\DSOscopeA03_20120924.asm
         SampleRep5MStep3   0x0017e0    program     static C:\jww\Projects\PPMScope\Contributions\Paul Messer\DSOscope_A03\FW\A03\DSOscopeA03_20120924.asm
         SampleRep5MStep4   0x0018e3    program     static C:\jww\Projects\PPMScope\Contributions\Paul Messer\DSOscope_A03\FW\A03\DSOscopeA03_20120924.asm
         SampleRep5MStep5   0x0019e7    program     static C:\jww\Projects\PPMScope\Contributions\Paul Messer\DSOscope_A03\FW\A03\DSOscopeA03_20120924.asm
         SampleXY250k192k   0x00041d    program     static C:\jww\Projects\PPMScope\Contributions\Paul Messer\DSOscope_A03\FW\A03\DSOscopeA03_20120924.asm
           SampleXY250kLA   0x00042c    program     static C:\jww\Projects\PPMScope\Contributions\Paul Messer\DSOscope_A03\FW\A03\DSOscopeA03_20120924.asm
           SampleXY250kLB   0x000450    program     static C:\jww\Projects\PPMScope\Contributions\Paul Messer\DSOscope_A03\FW\A03\DSOscopeA03_20120924.asm
           SampleXY250kLC   0x000474    program     static C:\jww\Projects\PPMScope\Contributions\Paul Messer\DSOscope_A03\FW\A03\DSOscopeA03_20120924.asm
           SampleXY250kLD   0x000498    program     static C:\jww\Projects\PPMScope\Contributions\Paul Messer\DSOscope_A03\FW\A03\DSOscopeA03_20120924.asm
             SampleXY417k   0x0009b4    program     static C:\jww\Projects\PPMScope\Contributions\Paul Messer\DSOscope_A03\FW\A03\DSOscopeA03_20120924.asm
          SampleXYDelayed   0x0002d4    program     static C:\jww\Projects\PPMScope\Contributions\Paul Messer\DSOscope_A03\FW\A03\DSOscopeA03_20120924.asm
        SampleXYDelayedLA   0x0002e6    program     static C:\jww\Projects\PPMScope\Contributions\Paul Messer\DSOscope_A03\FW\A03\DSOscopeA03_20120924.asm
        SampleXYDelayedLB   0x00030e    program     static C:\jww\Projects\PPMScope\Contributions\Paul Messer\DSOscope_A03\FW\A03\DSOscopeA03_20120924.asm
        SampleXYDelayedLC   0x000336    program     static C:\jww\Projects\PPMScope\Contributions\Paul Messer\DSOscope_A03\FW\A03\DSOscopeA03_20120924.asm
        SampleXYDelayedLD   0x00035e    program     static C:\jww\Projects\PPMScope\Contributions\Paul Messer\DSOscope_A03\FW\A03\DSOscopeA03_20120924.asm
        StSample417kLoopB   0x0003df    program     static C:\jww\Projects\PPMScope\Contributions\Paul Messer\DSOscope_A03\FW\A03\DSOscopeA03_20120924.asm
        StSample417kLoopC   0x0003f6    program     static C:\jww\Projects\PPMScope\Contributions\Paul Messer\DSOscope_A03\FW\A03\DSOscopeA03_20120924.asm
        StSample417kLoopD   0x00040d    program     static C:\jww\Projects\PPMScope\Contributions\Paul Messer\DSOscope_A03\FW\A03\DSOscopeA03_20120924.asm
     StSampleDelayedLoopA   0x000279    program     static C:\jww\Projects\PPMScope\Contributions\Paul Messer\DSOscope_A03\FW\A03\DSOscopeA03_20120924.asm
                 WaitComm   0x0000a0    program     static C:\jww\Projects\PPMScope\Contributions\Paul Messer\DSOscope_A03\FW\A03\DSOscopeA03_20120924.asm
           WaitComm_Break   0x0000e6    program     static C:\jww\Projects\PPMScope\Contributions\Paul Messer\DSOscope_A03\FW\A03\DSOscopeA03_20120924.asm
            WaitComm_Conf   0x0000d4    program     static C:\jww\Projects\PPMScope\Contributions\Paul Messer\DSOscope_A03\FW\A03\DSOscopeA03_20120924.asm
            WaitComm_Data   0x0000a1    program     static C:\jww\Projects\PPMScope\Contributions\Paul Messer\DSOscope_A03\FW\A03\DSOscopeA03_20120924.asm
             WaitComm_Rec   0x0000dd    program     static C:\jww\Projects\PPMScope\Contributions\Paul Messer\DSOscope_A03\FW\A03\DSOscopeA03_20120924.asm
       WaitComm_SendDataA   0x0000ac    program     static C:\jww\Projects\PPMScope\Contributions\Paul Messer\DSOscope_A03\FW\A03\DSOscopeA03_20120924.asm
       WaitComm_SendDataB   0x0000b6    program     static C:\jww\Projects\PPMScope\Contributions\Paul Messer\DSOscope_A03\FW\A03\DSOscopeA03_20120924.asm
       WaitComm_SendDataC   0x0000c0    program     static C:\jww\Projects\PPMScope\Contributions\Paul Messer\DSOscope_A03\FW\A03\DSOscopeA03_20120924.asm
       WaitComm_SendDataD   0x0000ca    program     static C:\jww\Projects\PPMScope\Contributions\Paul Messer\DSOscope_A03\FW\A03\DSOscopeA03_20120924.asm
    WaitComm_SendDataExit   0x0000d0    program     static C:\jww\Projects\PPMScope\Contributions\Paul Messer\DSOscope_A03\FW\A03\DSOscopeA03_20120924.asm
                     ih_1   0x00000a    program     static C:\jww\Projects\PPMScope\Contributions\Paul Messer\DSOscope_A03\FW\A03\DSOscopeA03_20120924.asm
                     ih_2   0x000042    program     static C:\jww\Projects\PPMScope\Contributions\Paul Messer\DSOscope_A03\FW\A03\DSOscopeA03_20120924.asm
                     ih_3   0x00004b    program     static C:\jww\Projects\PPMScope\Contributions\Paul Messer\DSOscope_A03\FW\A03\DSOscopeA03_20120924.asm
                 irqst1_1   0x000139    program     static C:\jww\Projects\PPMScope\Contributions\Paul Messer\DSOscope_A03\FW\A03\DSOscopeA03_20120924.asm
                 irqst1_2   0x00013b    program     static C:\jww\Projects\PPMScope\Contributions\Paul Messer\DSOscope_A03\FW\A03\DSOscopeA03_20120924.asm
                 irqst1_3   0x00013d    program     static C:\jww\Projects\PPMScope\Contributions\Paul Messer\DSOscope_A03\FW\A03\DSOscopeA03_20120924.asm
                 irqst1_4   0x00013f    program     static C:\jww\Projects\PPMScope\Contributions\Paul Messer\DSOscope_A03\FW\A03\DSOscopeA03_20120924.asm
                 irqst1_5   0x000160    program     static C:\jww\Projects\PPMScope\Contributions\Paul Messer\DSOscope_A03\FW\A03\DSOscopeA03_20120924.asm
                 sid_Exit   0x0001dc    program     static C:\jww\Projects\PPMScope\Contributions\Paul Messer\DSOscope_A03\FW\A03\DSOscopeA03_20120924.asm
              sid_GetByte   0x00017a    program     static C:\jww\Projects\PPMScope\Contributions\Paul Messer\DSOscope_A03\FW\A03\DSOscopeA03_20120924.asm
             sid_GetByteB   0x000182    program     static C:\jww\Projects\PPMScope\Contributions\Paul Messer\DSOscope_A03\FW\A03\DSOscopeA03_20120924.asm
             sid_GetByteC   0x000186    program     static C:\jww\Projects\PPMScope\Contributions\Paul Messer\DSOscope_A03\FW\A03\DSOscopeA03_20120924.asm
             sid_GetByteD   0x00018a    program     static C:\jww\Projects\PPMScope\Contributions\Paul Messer\DSOscope_A03\FW\A03\DSOscopeA03_20120924.asm
             sid_GetByteE   0x00018e    program     static C:\jww\Projects\PPMScope\Contributions\Paul Messer\DSOscope_A03\FW\A03\DSOscopeA03_20120924.asm
       sid_WaitComm_Break   0x0001d4    program     static C:\jww\Projects\PPMScope\Contributions\Paul Messer\DSOscope_A03\FW\A03\DSOscopeA03_20120924.asm
        sid_WaitComm_Conf   0x0001c2    program     static C:\jww\Projects\PPMScope\Contributions\Paul Messer\DSOscope_A03\FW\A03\DSOscopeA03_20120924.asm
        sid_WaitComm_Data   0x000190    program     static C:\jww\Projects\PPMScope\Contributions\Paul Messer\DSOscope_A03\FW\A03\DSOscopeA03_20120924.asm
         sid_WaitComm_Rec   0x0001cb    program     static C:\jww\Projects\PPMScope\Contributions\Paul Messer\DSOscope_A03\FW\A03\DSOscopeA03_20120924.asm
   sid_WaitComm_SendDataA   0x00019c    program     static C:\jww\Projects\PPMScope\Contributions\Paul Messer\DSOscope_A03\FW\A03\DSOscopeA03_20120924.asm
   sid_WaitComm_SendDataB   0x0001a6    program     static C:\jww\Projects\PPMScope\Contributions\Paul Messer\DSOscope_A03\FW\A03\DSOscopeA03_20120924.asm
   sid_WaitComm_SendDataC   0x0001b0    program     static C:\jww\Projects\PPMScope\Contributions\Paul Messer\DSOscope_A03\FW\A03\DSOscopeA03_20120924.asm
   sid_WaitComm_SendDataD   0x0001ba    program     static C:\jww\Projects\PPMScope\Contributions\Paul Messer\DSOscope_A03\FW\A03\DSOscopeA03_20120924.asm
sid_WaitComm_SendDataExit   0x0001c0    program     static C:\jww\Projects\PPMScope\Contributions\Paul Messer\DSOscope_A03\FW\A03\DSOscopeA03_20120924.asm



                              Symbols - Sorted by Address
                     Name    Address   Location    Storage File                     
                ---------  ---------  ---------  --------- ---------                
               IntHandler   0x000004    program     static C:\jww\Projects\PPMScope\Contributions\Paul Messer\DSOscope_A03\FW\A03\DSOscopeA03_20120924.asm
                     ih_1   0x00000a    program     static C:\jww\Projects\PPMScope\Contributions\Paul Messer\DSOscope_A03\FW\A03\DSOscopeA03_20120924.asm
               MainSelect   0x000011    program     static C:\jww\Projects\PPMScope\Contributions\Paul Messer\DSOscope_A03\FW\A03\DSOscopeA03_20120924.asm
                     ih_2   0x000042    program     static C:\jww\Projects\PPMScope\Contributions\Paul Messer\DSOscope_A03\FW\A03\DSOscopeA03_20120924.asm
                     ih_3   0x00004b    program     static C:\jww\Projects\PPMScope\Contributions\Paul Messer\DSOscope_A03\FW\A03\DSOscopeA03_20120924.asm
                  Initial   0x000050    program     static C:\jww\Projects\PPMScope\Contributions\Paul Messer\DSOscope_A03\FW\A03\DSOscopeA03_20120924.asm
                     Main   0x000075    program     static C:\jww\Projects\PPMScope\Contributions\Paul Messer\DSOscope_A03\FW\A03\DSOscopeA03_20120924.asm
                    MainB   0x000077    program     static C:\jww\Projects\PPMScope\Contributions\Paul Messer\DSOscope_A03\FW\A03\DSOscopeA03_20120924.asm
             MainWaitTrig   0x000084    program     static C:\jww\Projects\PPMScope\Contributions\Paul Messer\DSOscope_A03\FW\A03\DSOscopeA03_20120924.asm
               MainWTrigB   0x000095    program     static C:\jww\Projects\PPMScope\Contributions\Paul Messer\DSOscope_A03\FW\A03\DSOscopeA03_20120924.asm
                 WaitComm   0x0000a0    program     static C:\jww\Projects\PPMScope\Contributions\Paul Messer\DSOscope_A03\FW\A03\DSOscopeA03_20120924.asm
            WaitComm_Data   0x0000a1    program     static C:\jww\Projects\PPMScope\Contributions\Paul Messer\DSOscope_A03\FW\A03\DSOscopeA03_20120924.asm
       WaitComm_SendDataA   0x0000ac    program     static C:\jww\Projects\PPMScope\Contributions\Paul Messer\DSOscope_A03\FW\A03\DSOscopeA03_20120924.asm
       WaitComm_SendDataB   0x0000b6    program     static C:\jww\Projects\PPMScope\Contributions\Paul Messer\DSOscope_A03\FW\A03\DSOscopeA03_20120924.asm
       WaitComm_SendDataC   0x0000c0    program     static C:\jww\Projects\PPMScope\Contributions\Paul Messer\DSOscope_A03\FW\A03\DSOscopeA03_20120924.asm
       WaitComm_SendDataD   0x0000ca    program     static C:\jww\Projects\PPMScope\Contributions\Paul Messer\DSOscope_A03\FW\A03\DSOscopeA03_20120924.asm
    WaitComm_SendDataExit   0x0000d0    program     static C:\jww\Projects\PPMScope\Contributions\Paul Messer\DSOscope_A03\FW\A03\DSOscopeA03_20120924.asm
            WaitComm_Conf   0x0000d4    program     static C:\jww\Projects\PPMScope\Contributions\Paul Messer\DSOscope_A03\FW\A03\DSOscopeA03_20120924.asm
             WaitComm_Rec   0x0000dd    program     static C:\jww\Projects\PPMScope\Contributions\Paul Messer\DSOscope_A03\FW\A03\DSOscopeA03_20120924.asm
           WaitComm_Break   0x0000e6    program     static C:\jww\Projects\PPMScope\Contributions\Paul Messer\DSOscope_A03\FW\A03\DSOscopeA03_20120924.asm
                  GetByte   0x0000ee    program     static C:\jww\Projects\PPMScope\Contributions\Paul Messer\DSOscope_A03\FW\A03\DSOscopeA03_20120924.asm
                 GetByteB   0x0000f0    program     static C:\jww\Projects\PPMScope\Contributions\Paul Messer\DSOscope_A03\FW\A03\DSOscopeA03_20120924.asm
                 GetByteC   0x0000f4    program     static C:\jww\Projects\PPMScope\Contributions\Paul Messer\DSOscope_A03\FW\A03\DSOscopeA03_20120924.asm
                 GetByteD   0x0000f8    program     static C:\jww\Projects\PPMScope\Contributions\Paul Messer\DSOscope_A03\FW\A03\DSOscopeA03_20120924.asm
                 GetByteE   0x0000fc    program     static C:\jww\Projects\PPMScope\Contributions\Paul Messer\DSOscope_A03\FW\A03\DSOscopeA03_20120924.asm
                  PutByte   0x0000ff    program     static C:\jww\Projects\PPMScope\Contributions\Paul Messer\DSOscope_A03\FW\A03\DSOscopeA03_20120924.asm
            PutByteSerial   0x0000ff    program     static C:\jww\Projects\PPMScope\Contributions\Paul Messer\DSOscope_A03\FW\A03\DSOscopeA03_20120924.asm
                    Delay   0x000104    program     static C:\jww\Projects\PPMScope\Contributions\Paul Messer\DSOscope_A03\FW\A03\DSOscopeA03_20120924.asm
                DelayLoop   0x000105    program     static C:\jww\Projects\PPMScope\Contributions\Paul Messer\DSOscope_A03\FW\A03\DSOscopeA03_20120924.asm
              ADCShutdown   0x00010f    program     static C:\jww\Projects\PPMScope\Contributions\Paul Messer\DSOscope_A03\FW\A03\DSOscopeA03_20120924.asm
         IrqServiceTimer1   0x000114    program     static C:\jww\Projects\PPMScope\Contributions\Paul Messer\DSOscope_A03\FW\A03\DSOscopeA03_20120924.asm
                 irqst1_1   0x000139    program     static C:\jww\Projects\PPMScope\Contributions\Paul Messer\DSOscope_A03\FW\A03\DSOscopeA03_20120924.asm
                 irqst1_2   0x00013b    program     static C:\jww\Projects\PPMScope\Contributions\Paul Messer\DSOscope_A03\FW\A03\DSOscopeA03_20120924.asm
                 irqst1_3   0x00013d    program     static C:\jww\Projects\PPMScope\Contributions\Paul Messer\DSOscope_A03\FW\A03\DSOscopeA03_20120924.asm
                 irqst1_4   0x00013f    program     static C:\jww\Projects\PPMScope\Contributions\Paul Messer\DSOscope_A03\FW\A03\DSOscopeA03_20120924.asm
                 irqst1_5   0x000160    program     static C:\jww\Projects\PPMScope\Contributions\Paul Messer\DSOscope_A03\FW\A03\DSOscopeA03_20120924.asm
            SampleIntDrvn   0x000165    program     static C:\jww\Projects\PPMScope\Contributions\Paul Messer\DSOscope_A03\FW\A03\DSOscopeA03_20120924.asm
              sid_GetByte   0x00017a    program     static C:\jww\Projects\PPMScope\Contributions\Paul Messer\DSOscope_A03\FW\A03\DSOscopeA03_20120924.asm
             sid_GetByteB   0x000182    program     static C:\jww\Projects\PPMScope\Contributions\Paul Messer\DSOscope_A03\FW\A03\DSOscopeA03_20120924.asm
             sid_GetByteC   0x000186    program     static C:\jww\Projects\PPMScope\Contributions\Paul Messer\DSOscope_A03\FW\A03\DSOscopeA03_20120924.asm
             sid_GetByteD   0x00018a    program     static C:\jww\Projects\PPMScope\Contributions\Paul Messer\DSOscope_A03\FW\A03\DSOscopeA03_20120924.asm
             sid_GetByteE   0x00018e    program     static C:\jww\Projects\PPMScope\Contributions\Paul Messer\DSOscope_A03\FW\A03\DSOscopeA03_20120924.asm
        sid_WaitComm_Data   0x000190    program     static C:\jww\Projects\PPMScope\Contributions\Paul Messer\DSOscope_A03\FW\A03\DSOscopeA03_20120924.asm
   sid_WaitComm_SendDataA   0x00019c    program     static C:\jww\Projects\PPMScope\Contributions\Paul Messer\DSOscope_A03\FW\A03\DSOscopeA03_20120924.asm
   sid_WaitComm_SendDataB   0x0001a6    program     static C:\jww\Projects\PPMScope\Contributions\Paul Messer\DSOscope_A03\FW\A03\DSOscopeA03_20120924.asm
   sid_WaitComm_SendDataC   0x0001b0    program     static C:\jww\Projects\PPMScope\Contributions\Paul Messer\DSOscope_A03\FW\A03\DSOscopeA03_20120924.asm
   sid_WaitComm_SendDataD   0x0001ba    program     static C:\jww\Projects\PPMScope\Contributions\Paul Messer\DSOscope_A03\FW\A03\DSOscopeA03_20120924.asm
sid_WaitComm_SendDataExit   0x0001c0    program     static C:\jww\Projects\PPMScope\Contributions\Paul Messer\DSOscope_A03\FW\A03\DSOscopeA03_20120924.asm
        sid_WaitComm_Conf   0x0001c2    program     static C:\jww\Projects\PPMScope\Contributions\Paul Messer\DSOscope_A03\FW\A03\DSOscopeA03_20120924.asm
         sid_WaitComm_Rec   0x0001cb    program     static C:\jww\Projects\PPMScope\Contributions\Paul Messer\DSOscope_A03\FW\A03\DSOscopeA03_20120924.asm
       sid_WaitComm_Break   0x0001d4    program     static C:\jww\Projects\PPMScope\Contributions\Paul Messer\DSOscope_A03\FW\A03\DSOscopeA03_20120924.asm
                 sid_Exit   0x0001dc    program     static C:\jww\Projects\PPMScope\Contributions\Paul Messer\DSOscope_A03\FW\A03\DSOscopeA03_20120924.asm
           SampleRealTime   0x0001e2    program     static C:\jww\Projects\PPMScope\Contributions\Paul Messer\DSOscope_A03\FW\A03\DSOscopeA03_20120924.asm
              ConfReceive   0x0001e3    program     static C:\jww\Projects\PPMScope\Contributions\Paul Messer\DSOscope_A03\FW\A03\DSOscopeA03_20120924.asm
      ConfReceiveRateOnly   0x0001fa    program     static C:\jww\Projects\PPMScope\Contributions\Paul Messer\DSOscope_A03\FW\A03\DSOscopeA03_20120924.asm
                 ConfSend   0x000205    program     static C:\jww\Projects\PPMScope\Contributions\Paul Messer\DSOscope_A03\FW\A03\DSOscopeA03_20120924.asm
          ChannelConfSend   0x000220    program     static C:\jww\Projects\PPMScope\Contributions\Paul Messer\DSOscope_A03\FW\A03\DSOscopeA03_20120924.asm
         ChannelConfStore   0x00022c    program     static C:\jww\Projects\PPMScope\Contributions\Paul Messer\DSOscope_A03\FW\A03\DSOscopeA03_20120924.asm
            SampleDelayed   0x000269    program     static C:\jww\Projects\PPMScope\Contributions\Paul Messer\DSOscope_A03\FW\A03\DSOscopeA03_20120924.asm
       SampleDelayedLoopA   0x000274    program     static C:\jww\Projects\PPMScope\Contributions\Paul Messer\DSOscope_A03\FW\A03\DSOscopeA03_20120924.asm
     StSampleDelayedLoopA   0x000279    program     static C:\jww\Projects\PPMScope\Contributions\Paul Messer\DSOscope_A03\FW\A03\DSOscopeA03_20120924.asm
       SampleDelayedLoopB   0x00028e    program     static C:\jww\Projects\PPMScope\Contributions\Paul Messer\DSOscope_A03\FW\A03\DSOscopeA03_20120924.asm
       SampleDelayedLoopC   0x0002a8    program     static C:\jww\Projects\PPMScope\Contributions\Paul Messer\DSOscope_A03\FW\A03\DSOscopeA03_20120924.asm
       SampleDelayedLoopD   0x0002c2    program     static C:\jww\Projects\PPMScope\Contributions\Paul Messer\DSOscope_A03\FW\A03\DSOscopeA03_20120924.asm
          SampleXYDelayed   0x0002d4    program     static C:\jww\Projects\PPMScope\Contributions\Paul Messer\DSOscope_A03\FW\A03\DSOscopeA03_20120924.asm
        SampleXYDelayedLA   0x0002e6    program     static C:\jww\Projects\PPMScope\Contributions\Paul Messer\DSOscope_A03\FW\A03\DSOscopeA03_20120924.asm
        SampleXYDelayedLB   0x00030e    program     static C:\jww\Projects\PPMScope\Contributions\Paul Messer\DSOscope_A03\FW\A03\DSOscopeA03_20120924.asm
        SampleXYDelayedLC   0x000336    program     static C:\jww\Projects\PPMScope\Contributions\Paul Messer\DSOscope_A03\FW\A03\DSOscopeA03_20120924.asm
        SampleXYDelayedLD   0x00035e    program     static C:\jww\Projects\PPMScope\Contributions\Paul Messer\DSOscope_A03\FW\A03\DSOscopeA03_20120924.asm
               Sample625k   0x000377    program     static C:\jww\Projects\PPMScope\Contributions\Paul Messer\DSOscope_A03\FW\A03\DSOscopeA03_20120924.asm
          Sample625kLoopA   0x00037d    program     static C:\jww\Projects\PPMScope\Contributions\Paul Messer\DSOscope_A03\FW\A03\DSOscopeA03_20120924.asm
          Sample625kLoopB   0x00038d    program     static C:\jww\Projects\PPMScope\Contributions\Paul Messer\DSOscope_A03\FW\A03\DSOscopeA03_20120924.asm
          Sample625kLoopC   0x00039d    program     static C:\jww\Projects\PPMScope\Contributions\Paul Messer\DSOscope_A03\FW\A03\DSOscopeA03_20120924.asm
          Sample625kLoopD   0x0003ad    program     static C:\jww\Projects\PPMScope\Contributions\Paul Messer\DSOscope_A03\FW\A03\DSOscopeA03_20120924.asm
           Sample417k250k   0x0003ba    program     static C:\jww\Projects\PPMScope\Contributions\Paul Messer\DSOscope_A03\FW\A03\DSOscopeA03_20120924.asm
          Sample417kLoopA   0x0003c3    program     static C:\jww\Projects\PPMScope\Contributions\Paul Messer\DSOscope_A03\FW\A03\DSOscopeA03_20120924.asm
              Sample250kA   0x0003ca    program     static C:\jww\Projects\PPMScope\Contributions\Paul Messer\DSOscope_A03\FW\A03\DSOscopeA03_20120924.asm
              Sample417kA   0x0003cb    program     static C:\jww\Projects\PPMScope\Contributions\Paul Messer\DSOscope_A03\FW\A03\DSOscopeA03_20120924.asm
          Sample417kLoopB   0x0003da    program     static C:\jww\Projects\PPMScope\Contributions\Paul Messer\DSOscope_A03\FW\A03\DSOscopeA03_20120924.asm
        StSample417kLoopB   0x0003df    program     static C:\jww\Projects\PPMScope\Contributions\Paul Messer\DSOscope_A03\FW\A03\DSOscopeA03_20120924.asm
              Sample250kB   0x0003e1    program     static C:\jww\Projects\PPMScope\Contributions\Paul Messer\DSOscope_A03\FW\A03\DSOscopeA03_20120924.asm
              Sample417kB   0x0003e2    program     static C:\jww\Projects\PPMScope\Contributions\Paul Messer\DSOscope_A03\FW\A03\DSOscopeA03_20120924.asm
          Sample417kLoopC   0x0003f1    program     static C:\jww\Projects\PPMScope\Contributions\Paul Messer\DSOscope_A03\FW\A03\DSOscopeA03_20120924.asm
        StSample417kLoopC   0x0003f6    program     static C:\jww\Projects\PPMScope\Contributions\Paul Messer\DSOscope_A03\FW\A03\DSOscopeA03_20120924.asm
              Sample250kC   0x0003f8    program     static C:\jww\Projects\PPMScope\Contributions\Paul Messer\DSOscope_A03\FW\A03\DSOscopeA03_20120924.asm
              Sample417kC   0x0003f9    program     static C:\jww\Projects\PPMScope\Contributions\Paul Messer\DSOscope_A03\FW\A03\DSOscopeA03_20120924.asm
          Sample417kLoopD   0x000408    program     static C:\jww\Projects\PPMScope\Contributions\Paul Messer\DSOscope_A03\FW\A03\DSOscopeA03_20120924.asm
        StSample417kLoopD   0x00040d    program     static C:\jww\Projects\PPMScope\Contributions\Paul Messer\DSOscope_A03\FW\A03\DSOscopeA03_20120924.asm
              Sample250kD   0x00040f    program     static C:\jww\Projects\PPMScope\Contributions\Paul Messer\DSOscope_A03\FW\A03\DSOscopeA03_20120924.asm
              Sample417kD   0x000410    program     static C:\jww\Projects\PPMScope\Contributions\Paul Messer\DSOscope_A03\FW\A03\DSOscopeA03_20120924.asm
               DelaySeven   0x000419    program     static C:\jww\Projects\PPMScope\Contributions\Paul Messer\DSOscope_A03\FW\A03\DSOscopeA03_20120924.asm
                DelayFive   0x00041a    program     static C:\jww\Projects\PPMScope\Contributions\Paul Messer\DSOscope_A03\FW\A03\DSOscopeA03_20120924.asm
                 DelayTwo   0x00041c    program     static C:\jww\Projects\PPMScope\Contributions\Paul Messer\DSOscope_A03\FW\A03\DSOscopeA03_20120924.asm
         SampleXY250k192k   0x00041d    program     static C:\jww\Projects\PPMScope\Contributions\Paul Messer\DSOscope_A03\FW\A03\DSOscopeA03_20120924.asm
           SampleXY250kLA   0x00042c    program     static C:\jww\Projects\PPMScope\Contributions\Paul Messer\DSOscope_A03\FW\A03\DSOscopeA03_20120924.asm
           SampleXY250kLB   0x000450    program     static C:\jww\Projects\PPMScope\Contributions\Paul Messer\DSOscope_A03\FW\A03\DSOscopeA03_20120924.asm
           SampleXY250kLC   0x000474    program     static C:\jww\Projects\PPMScope\Contributions\Paul Messer\DSOscope_A03\FW\A03\DSOscopeA03_20120924.asm
           SampleXY250kLD   0x000498    program     static C:\jww\Projects\PPMScope\Contributions\Paul Messer\DSOscope_A03\FW\A03\DSOscopeA03_20120924.asm
                 Sample1M   0x0004b0    program     static C:\jww\Projects\PPMScope\Contributions\Paul Messer\DSOscope_A03\FW\A03\DSOscopeA03_20120924.asm
            Sample1MhzEnd   0x0008b5    program     static C:\jww\Projects\PPMScope\Contributions\Paul Messer\DSOscope_A03\FW\A03\DSOscopeA03_20120924.asm
             SampleXY417k   0x0009b4    program     static C:\jww\Projects\PPMScope\Contributions\Paul Messer\DSOscope_A03\FW\A03\DSOscopeA03_20120924.asm
               Sample833k   0x000fb7    program     static C:\jww\Projects\PPMScope\Contributions\Paul Messer\DSOscope_A03\FW\A03\DSOscopeA03_20120924.asm
            Sample833kEnd   0x0013bd    program     static C:\jww\Projects\PPMScope\Contributions\Paul Messer\DSOscope_A03\FW\A03\DSOscopeA03_20120924.asm
              SampleRep5M   0x0015ba    program     static C:\jww\Projects\PPMScope\Contributions\Paul Messer\DSOscope_A03\FW\A03\DSOscopeA03_20120924.asm
        SampleRep5MPickSt   0x0015be    program     static C:\jww\Projects\PPMScope\Contributions\Paul Messer\DSOscope_A03\FW\A03\DSOscopeA03_20120924.asm
        SampleRep5MPickEn   0x0015cd    program     static C:\jww\Projects\PPMScope\Contributions\Paul Messer\DSOscope_A03\FW\A03\DSOscopeA03_20120924.asm
         SampleRep5MStep1   0x0015cd    program     static C:\jww\Projects\PPMScope\Contributions\Paul Messer\DSOscope_A03\FW\A03\DSOscopeA03_20120924.asm
          SampleRep5MEndA   0x0016d2    program     static C:\jww\Projects\PPMScope\Contributions\Paul Messer\DSOscope_A03\FW\A03\DSOscopeA03_20120924.asm
          SampleRep5MEndC   0x0016d5    program     static C:\jww\Projects\PPMScope\Contributions\Paul Messer\DSOscope_A03\FW\A03\DSOscopeA03_20120924.asm
          SampleRep5MEndB   0x0016d7    program     static C:\jww\Projects\PPMScope\Contributions\Paul Messer\DSOscope_A03\FW\A03\DSOscopeA03_20120924.asm
         SampleRep5MStep2   0x0016dd    program     static C:\jww\Projects\PPMScope\Contributions\Paul Messer\DSOscope_A03\FW\A03\DSOscopeA03_20120924.asm
         SampleRep5MStep3   0x0017e0    program     static C:\jww\Projects\PPMScope\Contributions\Paul Messer\DSOscope_A03\FW\A03\DSOscopeA03_20120924.asm
         SampleRep5MStep4   0x0018e3    program     static C:\jww\Projects\PPMScope\Contributions\Paul Messer\DSOscope_A03\FW\A03\DSOscopeA03_20120924.asm
         SampleRep5MStep5   0x0019e7    program     static C:\jww\Projects\PPMScope\Contributions\Paul Messer\DSOscope_A03\FW\A03\DSOscopeA03_20120924.asm
              SampleRep2M   0x0019ed    program     static C:\jww\Projects\PPMScope\Contributions\Paul Messer\DSOscope_A03\FW\A03\DSOscopeA03_20120924.asm
        SampleRep2MPickSt   0x0019f1    program     static C:\jww\Projects\PPMScope\Contributions\Paul Messer\DSOscope_A03\FW\A03\DSOscopeA03_20120924.asm
        SampleRep2MPickEn   0x0019fa    program     static C:\jww\Projects\PPMScope\Contributions\Paul Messer\DSOscope_A03\FW\A03\DSOscopeA03_20120924.asm
         SampleRep2MStep1   0x0019fa    program     static C:\jww\Projects\PPMScope\Contributions\Paul Messer\DSOscope_A03\FW\A03\DSOscopeA03_20120924.asm
         SampleRep2MStep2   0x001c01    program     static C:\jww\Projects\PPMScope\Contributions\Paul Messer\DSOscope_A03\FW\A03\DSOscopeA03_20120924.asm
         SampleRep2MStep3   0x001e02    program     static C:\jww\Projects\PPMScope\Contributions\Paul Messer\DSOscope_A03\FW\A03\DSOscopeA03_20120924.asm


