MPLINK 4.43, Linker
Linker Map File - Created Fri Sep 28 10:19:01 2012

                                 Section Info
                  Section       Type    Address   Location Size(Bytes)
                ---------  ---------  ---------  ---------  ---------
                   .org_0       code   0x000000    program   0x000000
                   .org_1       code   0x000000    program   0x000008
                   .org_2       code   0x000004    program   0x003c36
                  .idlocs       code   0x002000    program   0x000008
.config_2007_DSOSCOPEA03_20120926.O       code   0x002007    program   0x000002
.config_2008_DSOSCOPEA03_20120926.O       code   0x002008    program   0x000002



                              Program Memory Usage 
                               Start         End      
                           ---------   ---------      
                            0x000000    0x001e1e      
                            0x002000    0x002003      
                            0x002007    0x002008      
            7717 out of 8455 program addresses used, program memory utilization is 91%



                              Symbols - Sorted by Name
                     Name    Address   Location    Storage File                     
                ---------  ---------  ---------  --------- ---------                
              ADCShutdown   0x000123    program     static C:\jww\Projects\PPMScope\Contributions\Paul Messer\DSOscope_A03\FW\A03\DSOscopeA03_20120926.asm
          ChannelConfSend   0x000237    program     static C:\jww\Projects\PPMScope\Contributions\Paul Messer\DSOscope_A03\FW\A03\DSOscopeA03_20120926.asm
         ChannelConfStore   0x000243    program     static C:\jww\Projects\PPMScope\Contributions\Paul Messer\DSOscope_A03\FW\A03\DSOscopeA03_20120926.asm
              ConfReceive   0x0001fa    program     static C:\jww\Projects\PPMScope\Contributions\Paul Messer\DSOscope_A03\FW\A03\DSOscopeA03_20120926.asm
      ConfReceiveRateOnly   0x000211    program     static C:\jww\Projects\PPMScope\Contributions\Paul Messer\DSOscope_A03\FW\A03\DSOscopeA03_20120926.asm
                 ConfSend   0x00021c    program     static C:\jww\Projects\PPMScope\Contributions\Paul Messer\DSOscope_A03\FW\A03\DSOscopeA03_20120926.asm
                    Delay   0x000118    program     static C:\jww\Projects\PPMScope\Contributions\Paul Messer\DSOscope_A03\FW\A03\DSOscopeA03_20120926.asm
                DelayFive   0x000431    program     static C:\jww\Projects\PPMScope\Contributions\Paul Messer\DSOscope_A03\FW\A03\DSOscopeA03_20120926.asm
                DelayLoop   0x000119    program     static C:\jww\Projects\PPMScope\Contributions\Paul Messer\DSOscope_A03\FW\A03\DSOscopeA03_20120926.asm
               DelaySeven   0x000430    program     static C:\jww\Projects\PPMScope\Contributions\Paul Messer\DSOscope_A03\FW\A03\DSOscopeA03_20120926.asm
                 DelayTwo   0x000433    program     static C:\jww\Projects\PPMScope\Contributions\Paul Messer\DSOscope_A03\FW\A03\DSOscopeA03_20120926.asm
                  GetByte   0x000102    program     static C:\jww\Projects\PPMScope\Contributions\Paul Messer\DSOscope_A03\FW\A03\DSOscopeA03_20120926.asm
                 GetByteB   0x000104    program     static C:\jww\Projects\PPMScope\Contributions\Paul Messer\DSOscope_A03\FW\A03\DSOscopeA03_20120926.asm
                 GetByteC   0x000108    program     static C:\jww\Projects\PPMScope\Contributions\Paul Messer\DSOscope_A03\FW\A03\DSOscopeA03_20120926.asm
                 GetByteD   0x00010c    program     static C:\jww\Projects\PPMScope\Contributions\Paul Messer\DSOscope_A03\FW\A03\DSOscopeA03_20120926.asm
                 GetByteE   0x000110    program     static C:\jww\Projects\PPMScope\Contributions\Paul Messer\DSOscope_A03\FW\A03\DSOscopeA03_20120926.asm
                  Initial   0x000050    program     static C:\jww\Projects\PPMScope\Contributions\Paul Messer\DSOscope_A03\FW\A03\DSOscopeA03_20120926.asm
               IntHandler   0x000004    program     static C:\jww\Projects\PPMScope\Contributions\Paul Messer\DSOscope_A03\FW\A03\DSOscopeA03_20120926.asm
         IrqServiceTimer1   0x000128    program     static C:\jww\Projects\PPMScope\Contributions\Paul Messer\DSOscope_A03\FW\A03\DSOscopeA03_20120926.asm
                     Main   0x000079    program     static C:\jww\Projects\PPMScope\Contributions\Paul Messer\DSOscope_A03\FW\A03\DSOscopeA03_20120926.asm
                    MainB   0x000088    program     static C:\jww\Projects\PPMScope\Contributions\Paul Messer\DSOscope_A03\FW\A03\DSOscopeA03_20120926.asm
               MainSelect   0x000011    program     static C:\jww\Projects\PPMScope\Contributions\Paul Messer\DSOscope_A03\FW\A03\DSOscopeA03_20120926.asm
               MainWTrigB   0x0000a6    program     static C:\jww\Projects\PPMScope\Contributions\Paul Messer\DSOscope_A03\FW\A03\DSOscopeA03_20120926.asm
             MainWaitTrig   0x000095    program     static C:\jww\Projects\PPMScope\Contributions\Paul Messer\DSOscope_A03\FW\A03\DSOscopeA03_20120926.asm
                  PutByte   0x000113    program     static C:\jww\Projects\PPMScope\Contributions\Paul Messer\DSOscope_A03\FW\A03\DSOscopeA03_20120926.asm
            PutByteSerial   0x000113    program     static C:\jww\Projects\PPMScope\Contributions\Paul Messer\DSOscope_A03\FW\A03\DSOscopeA03_20120926.asm
                 Sample1M   0x0004c7    program     static C:\jww\Projects\PPMScope\Contributions\Paul Messer\DSOscope_A03\FW\A03\DSOscopeA03_20120926.asm
            Sample1MhzEnd   0x0008cc    program     static C:\jww\Projects\PPMScope\Contributions\Paul Messer\DSOscope_A03\FW\A03\DSOscopeA03_20120926.asm
              Sample250kA   0x0003e1    program     static C:\jww\Projects\PPMScope\Contributions\Paul Messer\DSOscope_A03\FW\A03\DSOscopeA03_20120926.asm
              Sample250kB   0x0003f8    program     static C:\jww\Projects\PPMScope\Contributions\Paul Messer\DSOscope_A03\FW\A03\DSOscopeA03_20120926.asm
              Sample250kC   0x00040f    program     static C:\jww\Projects\PPMScope\Contributions\Paul Messer\DSOscope_A03\FW\A03\DSOscopeA03_20120926.asm
              Sample250kD   0x000426    program     static C:\jww\Projects\PPMScope\Contributions\Paul Messer\DSOscope_A03\FW\A03\DSOscopeA03_20120926.asm
           Sample417k250k   0x0003d1    program     static C:\jww\Projects\PPMScope\Contributions\Paul Messer\DSOscope_A03\FW\A03\DSOscopeA03_20120926.asm
              Sample417kA   0x0003e2    program     static C:\jww\Projects\PPMScope\Contributions\Paul Messer\DSOscope_A03\FW\A03\DSOscopeA03_20120926.asm
              Sample417kB   0x0003f9    program     static C:\jww\Projects\PPMScope\Contributions\Paul Messer\DSOscope_A03\FW\A03\DSOscopeA03_20120926.asm
              Sample417kC   0x000410    program     static C:\jww\Projects\PPMScope\Contributions\Paul Messer\DSOscope_A03\FW\A03\DSOscopeA03_20120926.asm
              Sample417kD   0x000427    program     static C:\jww\Projects\PPMScope\Contributions\Paul Messer\DSOscope_A03\FW\A03\DSOscopeA03_20120926.asm
          Sample417kLoopA   0x0003da    program     static C:\jww\Projects\PPMScope\Contributions\Paul Messer\DSOscope_A03\FW\A03\DSOscopeA03_20120926.asm
          Sample417kLoopB   0x0003f1    program     static C:\jww\Projects\PPMScope\Contributions\Paul Messer\DSOscope_A03\FW\A03\DSOscopeA03_20120926.asm
          Sample417kLoopC   0x000408    program     static C:\jww\Projects\PPMScope\Contributions\Paul Messer\DSOscope_A03\FW\A03\DSOscopeA03_20120926.asm
          Sample417kLoopD   0x00041f    program     static C:\jww\Projects\PPMScope\Contributions\Paul Messer\DSOscope_A03\FW\A03\DSOscopeA03_20120926.asm
               Sample625k   0x00038e    program     static C:\jww\Projects\PPMScope\Contributions\Paul Messer\DSOscope_A03\FW\A03\DSOscopeA03_20120926.asm
          Sample625kLoopA   0x000394    program     static C:\jww\Projects\PPMScope\Contributions\Paul Messer\DSOscope_A03\FW\A03\DSOscopeA03_20120926.asm
          Sample625kLoopB   0x0003a4    program     static C:\jww\Projects\PPMScope\Contributions\Paul Messer\DSOscope_A03\FW\A03\DSOscopeA03_20120926.asm
          Sample625kLoopC   0x0003b4    program     static C:\jww\Projects\PPMScope\Contributions\Paul Messer\DSOscope_A03\FW\A03\DSOscopeA03_20120926.asm
          Sample625kLoopD   0x0003c4    program     static C:\jww\Projects\PPMScope\Contributions\Paul Messer\DSOscope_A03\FW\A03\DSOscopeA03_20120926.asm
               Sample833k   0x000fce    program     static C:\jww\Projects\PPMScope\Contributions\Paul Messer\DSOscope_A03\FW\A03\DSOscopeA03_20120926.asm
            Sample833kEnd   0x0013d4    program     static C:\jww\Projects\PPMScope\Contributions\Paul Messer\DSOscope_A03\FW\A03\DSOscopeA03_20120926.asm
            SampleDelayed   0x000280    program     static C:\jww\Projects\PPMScope\Contributions\Paul Messer\DSOscope_A03\FW\A03\DSOscopeA03_20120926.asm
       SampleDelayedLoopA   0x00028b    program     static C:\jww\Projects\PPMScope\Contributions\Paul Messer\DSOscope_A03\FW\A03\DSOscopeA03_20120926.asm
       SampleDelayedLoopB   0x0002a5    program     static C:\jww\Projects\PPMScope\Contributions\Paul Messer\DSOscope_A03\FW\A03\DSOscopeA03_20120926.asm
       SampleDelayedLoopC   0x0002bf    program     static C:\jww\Projects\PPMScope\Contributions\Paul Messer\DSOscope_A03\FW\A03\DSOscopeA03_20120926.asm
       SampleDelayedLoopD   0x0002d9    program     static C:\jww\Projects\PPMScope\Contributions\Paul Messer\DSOscope_A03\FW\A03\DSOscopeA03_20120926.asm
            SampleIntDrvn   0x000177    program     static C:\jww\Projects\PPMScope\Contributions\Paul Messer\DSOscope_A03\FW\A03\DSOscopeA03_20120926.asm
           SampleRealTime   0x0001f9    program     static C:\jww\Projects\PPMScope\Contributions\Paul Messer\DSOscope_A03\FW\A03\DSOscopeA03_20120926.asm
              SampleRep2M   0x001a04    program     static C:\jww\Projects\PPMScope\Contributions\Paul Messer\DSOscope_A03\FW\A03\DSOscopeA03_20120926.asm
        SampleRep2MPickEn   0x001a11    program     static C:\jww\Projects\PPMScope\Contributions\Paul Messer\DSOscope_A03\FW\A03\DSOscopeA03_20120926.asm
        SampleRep2MPickSt   0x001a08    program     static C:\jww\Projects\PPMScope\Contributions\Paul Messer\DSOscope_A03\FW\A03\DSOscopeA03_20120926.asm
         SampleRep2MStep1   0x001a11    program     static C:\jww\Projects\PPMScope\Contributions\Paul Messer\DSOscope_A03\FW\A03\DSOscopeA03_20120926.asm
         SampleRep2MStep2   0x001c18    program     static C:\jww\Projects\PPMScope\Contributions\Paul Messer\DSOscope_A03\FW\A03\DSOscopeA03_20120926.asm
         SampleRep2MStep3   0x001e19    program     static C:\jww\Projects\PPMScope\Contributions\Paul Messer\DSOscope_A03\FW\A03\DSOscopeA03_20120926.asm
              SampleRep5M   0x0015d1    program     static C:\jww\Projects\PPMScope\Contributions\Paul Messer\DSOscope_A03\FW\A03\DSOscopeA03_20120926.asm
          SampleRep5MEndA   0x0016e9    program     static C:\jww\Projects\PPMScope\Contributions\Paul Messer\DSOscope_A03\FW\A03\DSOscopeA03_20120926.asm
          SampleRep5MEndB   0x0016ee    program     static C:\jww\Projects\PPMScope\Contributions\Paul Messer\DSOscope_A03\FW\A03\DSOscopeA03_20120926.asm
          SampleRep5MEndC   0x0016ec    program     static C:\jww\Projects\PPMScope\Contributions\Paul Messer\DSOscope_A03\FW\A03\DSOscopeA03_20120926.asm
        SampleRep5MPickEn   0x0015e4    program     static C:\jww\Projects\PPMScope\Contributions\Paul Messer\DSOscope_A03\FW\A03\DSOscopeA03_20120926.asm
        SampleRep5MPickSt   0x0015d5    program     static C:\jww\Projects\PPMScope\Contributions\Paul Messer\DSOscope_A03\FW\A03\DSOscopeA03_20120926.asm
         SampleRep5MStep1   0x0015e4    program     static C:\jww\Projects\PPMScope\Contributions\Paul Messer\DSOscope_A03\FW\A03\DSOscopeA03_20120926.asm
         SampleRep5MStep2   0x0016f4    program     static C:\jww\Projects\PPMScope\Contributions\Paul Messer\DSOscope_A03\FW\A03\DSOscopeA03_20120926.asm
         SampleRep5MStep3   0x0017f7    program     static C:\jww\Projects\PPMScope\Contributions\Paul Messer\DSOscope_A03\FW\A03\DSOscopeA03_20120926.asm
         SampleRep5MStep4   0x0018fa    program     static C:\jww\Projects\PPMScope\Contributions\Paul Messer\DSOscope_A03\FW\A03\DSOscopeA03_20120926.asm
         SampleRep5MStep5   0x0019fe    program     static C:\jww\Projects\PPMScope\Contributions\Paul Messer\DSOscope_A03\FW\A03\DSOscopeA03_20120926.asm
         SampleXY250k192k   0x000434    program     static C:\jww\Projects\PPMScope\Contributions\Paul Messer\DSOscope_A03\FW\A03\DSOscopeA03_20120926.asm
           SampleXY250kLA   0x000443    program     static C:\jww\Projects\PPMScope\Contributions\Paul Messer\DSOscope_A03\FW\A03\DSOscopeA03_20120926.asm
           SampleXY250kLB   0x000467    program     static C:\jww\Projects\PPMScope\Contributions\Paul Messer\DSOscope_A03\FW\A03\DSOscopeA03_20120926.asm
           SampleXY250kLC   0x00048b    program     static C:\jww\Projects\PPMScope\Contributions\Paul Messer\DSOscope_A03\FW\A03\DSOscopeA03_20120926.asm
           SampleXY250kLD   0x0004af    program     static C:\jww\Projects\PPMScope\Contributions\Paul Messer\DSOscope_A03\FW\A03\DSOscopeA03_20120926.asm
             SampleXY417k   0x0009cb    program     static C:\jww\Projects\PPMScope\Contributions\Paul Messer\DSOscope_A03\FW\A03\DSOscopeA03_20120926.asm
          SampleXYDelayed   0x0002eb    program     static C:\jww\Projects\PPMScope\Contributions\Paul Messer\DSOscope_A03\FW\A03\DSOscopeA03_20120926.asm
        SampleXYDelayedLA   0x0002fd    program     static C:\jww\Projects\PPMScope\Contributions\Paul Messer\DSOscope_A03\FW\A03\DSOscopeA03_20120926.asm
        SampleXYDelayedLB   0x000325    program     static C:\jww\Projects\PPMScope\Contributions\Paul Messer\DSOscope_A03\FW\A03\DSOscopeA03_20120926.asm
        SampleXYDelayedLC   0x00034d    program     static C:\jww\Projects\PPMScope\Contributions\Paul Messer\DSOscope_A03\FW\A03\DSOscopeA03_20120926.asm
        SampleXYDelayedLD   0x000375    program     static C:\jww\Projects\PPMScope\Contributions\Paul Messer\DSOscope_A03\FW\A03\DSOscopeA03_20120926.asm
        StSample417kLoopB   0x0003f6    program     static C:\jww\Projects\PPMScope\Contributions\Paul Messer\DSOscope_A03\FW\A03\DSOscopeA03_20120926.asm
        StSample417kLoopC   0x00040d    program     static C:\jww\Projects\PPMScope\Contributions\Paul Messer\DSOscope_A03\FW\A03\DSOscopeA03_20120926.asm
        StSample417kLoopD   0x000424    program     static C:\jww\Projects\PPMScope\Contributions\Paul Messer\DSOscope_A03\FW\A03\DSOscopeA03_20120926.asm
     StSampleDelayedLoopA   0x000290    program     static C:\jww\Projects\PPMScope\Contributions\Paul Messer\DSOscope_A03\FW\A03\DSOscopeA03_20120926.asm
                 WaitComm   0x0000b1    program     static C:\jww\Projects\PPMScope\Contributions\Paul Messer\DSOscope_A03\FW\A03\DSOscopeA03_20120926.asm
           WaitComm_Break   0x0000fa    program     static C:\jww\Projects\PPMScope\Contributions\Paul Messer\DSOscope_A03\FW\A03\DSOscopeA03_20120926.asm
            WaitComm_Conf   0x0000e4    program     static C:\jww\Projects\PPMScope\Contributions\Paul Messer\DSOscope_A03\FW\A03\DSOscopeA03_20120926.asm
            WaitComm_Data   0x0000b2    program     static C:\jww\Projects\PPMScope\Contributions\Paul Messer\DSOscope_A03\FW\A03\DSOscopeA03_20120926.asm
             WaitComm_Rec   0x0000ed    program     static C:\jww\Projects\PPMScope\Contributions\Paul Messer\DSOscope_A03\FW\A03\DSOscopeA03_20120926.asm
       WaitComm_SendDataA   0x0000bd    program     static C:\jww\Projects\PPMScope\Contributions\Paul Messer\DSOscope_A03\FW\A03\DSOscopeA03_20120926.asm
       WaitComm_SendDataB   0x0000c7    program     static C:\jww\Projects\PPMScope\Contributions\Paul Messer\DSOscope_A03\FW\A03\DSOscopeA03_20120926.asm
       WaitComm_SendDataC   0x0000d1    program     static C:\jww\Projects\PPMScope\Contributions\Paul Messer\DSOscope_A03\FW\A03\DSOscopeA03_20120926.asm
       WaitComm_SendDataD   0x0000db    program     static C:\jww\Projects\PPMScope\Contributions\Paul Messer\DSOscope_A03\FW\A03\DSOscopeA03_20120926.asm
    WaitComm_SendDataExit   0x0000e1    program     static C:\jww\Projects\PPMScope\Contributions\Paul Messer\DSOscope_A03\FW\A03\DSOscopeA03_20120926.asm
                     ih_1   0x00000a    program     static C:\jww\Projects\PPMScope\Contributions\Paul Messer\DSOscope_A03\FW\A03\DSOscopeA03_20120926.asm
                     ih_2   0x000042    program     static C:\jww\Projects\PPMScope\Contributions\Paul Messer\DSOscope_A03\FW\A03\DSOscopeA03_20120926.asm
                     ih_3   0x00004b    program     static C:\jww\Projects\PPMScope\Contributions\Paul Messer\DSOscope_A03\FW\A03\DSOscopeA03_20120926.asm
                 irqst1_5   0x000172    program     static C:\jww\Projects\PPMScope\Contributions\Paul Messer\DSOscope_A03\FW\A03\DSOscopeA03_20120926.asm
                 irqst1_6   0x000166    program     static C:\jww\Projects\PPMScope\Contributions\Paul Messer\DSOscope_A03\FW\A03\DSOscopeA03_20120926.asm
                 irqst1_7   0x000168    program     static C:\jww\Projects\PPMScope\Contributions\Paul Messer\DSOscope_A03\FW\A03\DSOscopeA03_20120926.asm
                 sid_Exit   0x0001ef    program     static C:\jww\Projects\PPMScope\Contributions\Paul Messer\DSOscope_A03\FW\A03\DSOscopeA03_20120926.asm
              sid_GetByte   0x00018c    program     static C:\jww\Projects\PPMScope\Contributions\Paul Messer\DSOscope_A03\FW\A03\DSOscopeA03_20120926.asm
             sid_GetByteB   0x000194    program     static C:\jww\Projects\PPMScope\Contributions\Paul Messer\DSOscope_A03\FW\A03\DSOscopeA03_20120926.asm
             sid_GetByteC   0x000198    program     static C:\jww\Projects\PPMScope\Contributions\Paul Messer\DSOscope_A03\FW\A03\DSOscopeA03_20120926.asm
             sid_GetByteD   0x00019c    program     static C:\jww\Projects\PPMScope\Contributions\Paul Messer\DSOscope_A03\FW\A03\DSOscopeA03_20120926.asm
             sid_GetByteE   0x0001a0    program     static C:\jww\Projects\PPMScope\Contributions\Paul Messer\DSOscope_A03\FW\A03\DSOscopeA03_20120926.asm
       sid_WaitComm_Break   0x0001e7    program     static C:\jww\Projects\PPMScope\Contributions\Paul Messer\DSOscope_A03\FW\A03\DSOscopeA03_20120926.asm
        sid_WaitComm_Conf   0x0001d5    program     static C:\jww\Projects\PPMScope\Contributions\Paul Messer\DSOscope_A03\FW\A03\DSOscopeA03_20120926.asm
        sid_WaitComm_Data   0x0001a2    program     static C:\jww\Projects\PPMScope\Contributions\Paul Messer\DSOscope_A03\FW\A03\DSOscopeA03_20120926.asm
         sid_WaitComm_Rec   0x0001de    program     static C:\jww\Projects\PPMScope\Contributions\Paul Messer\DSOscope_A03\FW\A03\DSOscopeA03_20120926.asm
   sid_WaitComm_SendDataA   0x0001ae    program     static C:\jww\Projects\PPMScope\Contributions\Paul Messer\DSOscope_A03\FW\A03\DSOscopeA03_20120926.asm
   sid_WaitComm_SendDataB   0x0001b8    program     static C:\jww\Projects\PPMScope\Contributions\Paul Messer\DSOscope_A03\FW\A03\DSOscopeA03_20120926.asm
   sid_WaitComm_SendDataC   0x0001c2    program     static C:\jww\Projects\PPMScope\Contributions\Paul Messer\DSOscope_A03\FW\A03\DSOscopeA03_20120926.asm
   sid_WaitComm_SendDataD   0x0001cc    program     static C:\jww\Projects\PPMScope\Contributions\Paul Messer\DSOscope_A03\FW\A03\DSOscopeA03_20120926.asm
sid_WaitComm_SendDataExit   0x0001d2    program     static C:\jww\Projects\PPMScope\Contributions\Paul Messer\DSOscope_A03\FW\A03\DSOscopeA03_20120926.asm



                              Symbols - Sorted by Address
                     Name    Address   Location    Storage File                     
                ---------  ---------  ---------  --------- ---------                
               IntHandler   0x000004    program     static C:\jww\Projects\PPMScope\Contributions\Paul Messer\DSOscope_A03\FW\A03\DSOscopeA03_20120926.asm
                     ih_1   0x00000a    program     static C:\jww\Projects\PPMScope\Contributions\Paul Messer\DSOscope_A03\FW\A03\DSOscopeA03_20120926.asm
               MainSelect   0x000011    program     static C:\jww\Projects\PPMScope\Contributions\Paul Messer\DSOscope_A03\FW\A03\DSOscopeA03_20120926.asm
                     ih_2   0x000042    program     static C:\jww\Projects\PPMScope\Contributions\Paul Messer\DSOscope_A03\FW\A03\DSOscopeA03_20120926.asm
                     ih_3   0x00004b    program     static C:\jww\Projects\PPMScope\Contributions\Paul Messer\DSOscope_A03\FW\A03\DSOscopeA03_20120926.asm
                  Initial   0x000050    program     static C:\jww\Projects\PPMScope\Contributions\Paul Messer\DSOscope_A03\FW\A03\DSOscopeA03_20120926.asm
                     Main   0x000079    program     static C:\jww\Projects\PPMScope\Contributions\Paul Messer\DSOscope_A03\FW\A03\DSOscopeA03_20120926.asm
                    MainB   0x000088    program     static C:\jww\Projects\PPMScope\Contributions\Paul Messer\DSOscope_A03\FW\A03\DSOscopeA03_20120926.asm
             MainWaitTrig   0x000095    program     static C:\jww\Projects\PPMScope\Contributions\Paul Messer\DSOscope_A03\FW\A03\DSOscopeA03_20120926.asm
               MainWTrigB   0x0000a6    program     static C:\jww\Projects\PPMScope\Contributions\Paul Messer\DSOscope_A03\FW\A03\DSOscopeA03_20120926.asm
                 WaitComm   0x0000b1    program     static C:\jww\Projects\PPMScope\Contributions\Paul Messer\DSOscope_A03\FW\A03\DSOscopeA03_20120926.asm
            WaitComm_Data   0x0000b2    program     static C:\jww\Projects\PPMScope\Contributions\Paul Messer\DSOscope_A03\FW\A03\DSOscopeA03_20120926.asm
       WaitComm_SendDataA   0x0000bd    program     static C:\jww\Projects\PPMScope\Contributions\Paul Messer\DSOscope_A03\FW\A03\DSOscopeA03_20120926.asm
       WaitComm_SendDataB   0x0000c7    program     static C:\jww\Projects\PPMScope\Contributions\Paul Messer\DSOscope_A03\FW\A03\DSOscopeA03_20120926.asm
       WaitComm_SendDataC   0x0000d1    program     static C:\jww\Projects\PPMScope\Contributions\Paul Messer\DSOscope_A03\FW\A03\DSOscopeA03_20120926.asm
       WaitComm_SendDataD   0x0000db    program     static C:\jww\Projects\PPMScope\Contributions\Paul Messer\DSOscope_A03\FW\A03\DSOscopeA03_20120926.asm
    WaitComm_SendDataExit   0x0000e1    program     static C:\jww\Projects\PPMScope\Contributions\Paul Messer\DSOscope_A03\FW\A03\DSOscopeA03_20120926.asm
            WaitComm_Conf   0x0000e4    program     static C:\jww\Projects\PPMScope\Contributions\Paul Messer\DSOscope_A03\FW\A03\DSOscopeA03_20120926.asm
             WaitComm_Rec   0x0000ed    program     static C:\jww\Projects\PPMScope\Contributions\Paul Messer\DSOscope_A03\FW\A03\DSOscopeA03_20120926.asm
           WaitComm_Break   0x0000fa    program     static C:\jww\Projects\PPMScope\Contributions\Paul Messer\DSOscope_A03\FW\A03\DSOscopeA03_20120926.asm
                  GetByte   0x000102    program     static C:\jww\Projects\PPMScope\Contributions\Paul Messer\DSOscope_A03\FW\A03\DSOscopeA03_20120926.asm
                 GetByteB   0x000104    program     static C:\jww\Projects\PPMScope\Contributions\Paul Messer\DSOscope_A03\FW\A03\DSOscopeA03_20120926.asm
                 GetByteC   0x000108    program     static C:\jww\Projects\PPMScope\Contributions\Paul Messer\DSOscope_A03\FW\A03\DSOscopeA03_20120926.asm
                 GetByteD   0x00010c    program     static C:\jww\Projects\PPMScope\Contributions\Paul Messer\DSOscope_A03\FW\A03\DSOscopeA03_20120926.asm
                 GetByteE   0x000110    program     static C:\jww\Projects\PPMScope\Contributions\Paul Messer\DSOscope_A03\FW\A03\DSOscopeA03_20120926.asm
                  PutByte   0x000113    program     static C:\jww\Projects\PPMScope\Contributions\Paul Messer\DSOscope_A03\FW\A03\DSOscopeA03_20120926.asm
            PutByteSerial   0x000113    program     static C:\jww\Projects\PPMScope\Contributions\Paul Messer\DSOscope_A03\FW\A03\DSOscopeA03_20120926.asm
                    Delay   0x000118    program     static C:\jww\Projects\PPMScope\Contributions\Paul Messer\DSOscope_A03\FW\A03\DSOscopeA03_20120926.asm
                DelayLoop   0x000119    program     static C:\jww\Projects\PPMScope\Contributions\Paul Messer\DSOscope_A03\FW\A03\DSOscopeA03_20120926.asm
              ADCShutdown   0x000123    program     static C:\jww\Projects\PPMScope\Contributions\Paul Messer\DSOscope_A03\FW\A03\DSOscopeA03_20120926.asm
         IrqServiceTimer1   0x000128    program     static C:\jww\Projects\PPMScope\Contributions\Paul Messer\DSOscope_A03\FW\A03\DSOscopeA03_20120926.asm
                 irqst1_6   0x000166    program     static C:\jww\Projects\PPMScope\Contributions\Paul Messer\DSOscope_A03\FW\A03\DSOscopeA03_20120926.asm
                 irqst1_7   0x000168    program     static C:\jww\Projects\PPMScope\Contributions\Paul Messer\DSOscope_A03\FW\A03\DSOscopeA03_20120926.asm
                 irqst1_5   0x000172    program     static C:\jww\Projects\PPMScope\Contributions\Paul Messer\DSOscope_A03\FW\A03\DSOscopeA03_20120926.asm
            SampleIntDrvn   0x000177    program     static C:\jww\Projects\PPMScope\Contributions\Paul Messer\DSOscope_A03\FW\A03\DSOscopeA03_20120926.asm
              sid_GetByte   0x00018c    program     static C:\jww\Projects\PPMScope\Contributions\Paul Messer\DSOscope_A03\FW\A03\DSOscopeA03_20120926.asm
             sid_GetByteB   0x000194    program     static C:\jww\Projects\PPMScope\Contributions\Paul Messer\DSOscope_A03\FW\A03\DSOscopeA03_20120926.asm
             sid_GetByteC   0x000198    program     static C:\jww\Projects\PPMScope\Contributions\Paul Messer\DSOscope_A03\FW\A03\DSOscopeA03_20120926.asm
             sid_GetByteD   0x00019c    program     static C:\jww\Projects\PPMScope\Contributions\Paul Messer\DSOscope_A03\FW\A03\DSOscopeA03_20120926.asm
             sid_GetByteE   0x0001a0    program     static C:\jww\Projects\PPMScope\Contributions\Paul Messer\DSOscope_A03\FW\A03\DSOscopeA03_20120926.asm
        sid_WaitComm_Data   0x0001a2    program     static C:\jww\Projects\PPMScope\Contributions\Paul Messer\DSOscope_A03\FW\A03\DSOscopeA03_20120926.asm
   sid_WaitComm_SendDataA   0x0001ae    program     static C:\jww\Projects\PPMScope\Contributions\Paul Messer\DSOscope_A03\FW\A03\DSOscopeA03_20120926.asm
   sid_WaitComm_SendDataB   0x0001b8    program     static C:\jww\Projects\PPMScope\Contributions\Paul Messer\DSOscope_A03\FW\A03\DSOscopeA03_20120926.asm
   sid_WaitComm_SendDataC   0x0001c2    program     static C:\jww\Projects\PPMScope\Contributions\Paul Messer\DSOscope_A03\FW\A03\DSOscopeA03_20120926.asm
   sid_WaitComm_SendDataD   0x0001cc    program     static C:\jww\Projects\PPMScope\Contributions\Paul Messer\DSOscope_A03\FW\A03\DSOscopeA03_20120926.asm
sid_WaitComm_SendDataExit   0x0001d2    program     static C:\jww\Projects\PPMScope\Contributions\Paul Messer\DSOscope_A03\FW\A03\DSOscopeA03_20120926.asm
        sid_WaitComm_Conf   0x0001d5    program     static C:\jww\Projects\PPMScope\Contributions\Paul Messer\DSOscope_A03\FW\A03\DSOscopeA03_20120926.asm
         sid_WaitComm_Rec   0x0001de    program     static C:\jww\Projects\PPMScope\Contributions\Paul Messer\DSOscope_A03\FW\A03\DSOscopeA03_20120926.asm
       sid_WaitComm_Break   0x0001e7    program     static C:\jww\Projects\PPMScope\Contributions\Paul Messer\DSOscope_A03\FW\A03\DSOscopeA03_20120926.asm
                 sid_Exit   0x0001ef    program     static C:\jww\Projects\PPMScope\Contributions\Paul Messer\DSOscope_A03\FW\A03\DSOscopeA03_20120926.asm
           SampleRealTime   0x0001f9    program     static C:\jww\Projects\PPMScope\Contributions\Paul Messer\DSOscope_A03\FW\A03\DSOscopeA03_20120926.asm
              ConfReceive   0x0001fa    program     static C:\jww\Projects\PPMScope\Contributions\Paul Messer\DSOscope_A03\FW\A03\DSOscopeA03_20120926.asm
      ConfReceiveRateOnly   0x000211    program     static C:\jww\Projects\PPMScope\Contributions\Paul Messer\DSOscope_A03\FW\A03\DSOscopeA03_20120926.asm
                 ConfSend   0x00021c    program     static C:\jww\Projects\PPMScope\Contributions\Paul Messer\DSOscope_A03\FW\A03\DSOscopeA03_20120926.asm
          ChannelConfSend   0x000237    program     static C:\jww\Projects\PPMScope\Contributions\Paul Messer\DSOscope_A03\FW\A03\DSOscopeA03_20120926.asm
         ChannelConfStore   0x000243    program     static C:\jww\Projects\PPMScope\Contributions\Paul Messer\DSOscope_A03\FW\A03\DSOscopeA03_20120926.asm
            SampleDelayed   0x000280    program     static C:\jww\Projects\PPMScope\Contributions\Paul Messer\DSOscope_A03\FW\A03\DSOscopeA03_20120926.asm
       SampleDelayedLoopA   0x00028b    program     static C:\jww\Projects\PPMScope\Contributions\Paul Messer\DSOscope_A03\FW\A03\DSOscopeA03_20120926.asm
     StSampleDelayedLoopA   0x000290    program     static C:\jww\Projects\PPMScope\Contributions\Paul Messer\DSOscope_A03\FW\A03\DSOscopeA03_20120926.asm
       SampleDelayedLoopB   0x0002a5    program     static C:\jww\Projects\PPMScope\Contributions\Paul Messer\DSOscope_A03\FW\A03\DSOscopeA03_20120926.asm
       SampleDelayedLoopC   0x0002bf    program     static C:\jww\Projects\PPMScope\Contributions\Paul Messer\DSOscope_A03\FW\A03\DSOscopeA03_20120926.asm
       SampleDelayedLoopD   0x0002d9    program     static C:\jww\Projects\PPMScope\Contributions\Paul Messer\DSOscope_A03\FW\A03\DSOscopeA03_20120926.asm
          SampleXYDelayed   0x0002eb    program     static C:\jww\Projects\PPMScope\Contributions\Paul Messer\DSOscope_A03\FW\A03\DSOscopeA03_20120926.asm
        SampleXYDelayedLA   0x0002fd    program     static C:\jww\Projects\PPMScope\Contributions\Paul Messer\DSOscope_A03\FW\A03\DSOscopeA03_20120926.asm
        SampleXYDelayedLB   0x000325    program     static C:\jww\Projects\PPMScope\Contributions\Paul Messer\DSOscope_A03\FW\A03\DSOscopeA03_20120926.asm
        SampleXYDelayedLC   0x00034d    program     static C:\jww\Projects\PPMScope\Contributions\Paul Messer\DSOscope_A03\FW\A03\DSOscopeA03_20120926.asm
        SampleXYDelayedLD   0x000375    program     static C:\jww\Projects\PPMScope\Contributions\Paul Messer\DSOscope_A03\FW\A03\DSOscopeA03_20120926.asm
               Sample625k   0x00038e    program     static C:\jww\Projects\PPMScope\Contributions\Paul Messer\DSOscope_A03\FW\A03\DSOscopeA03_20120926.asm
          Sample625kLoopA   0x000394    program     static C:\jww\Projects\PPMScope\Contributions\Paul Messer\DSOscope_A03\FW\A03\DSOscopeA03_20120926.asm
          Sample625kLoopB   0x0003a4    program     static C:\jww\Projects\PPMScope\Contributions\Paul Messer\DSOscope_A03\FW\A03\DSOscopeA03_20120926.asm
          Sample625kLoopC   0x0003b4    program     static C:\jww\Projects\PPMScope\Contributions\Paul Messer\DSOscope_A03\FW\A03\DSOscopeA03_20120926.asm
          Sample625kLoopD   0x0003c4    program     static C:\jww\Projects\PPMScope\Contributions\Paul Messer\DSOscope_A03\FW\A03\DSOscopeA03_20120926.asm
           Sample417k250k   0x0003d1    program     static C:\jww\Projects\PPMScope\Contributions\Paul Messer\DSOscope_A03\FW\A03\DSOscopeA03_20120926.asm
          Sample417kLoopA   0x0003da    program     static C:\jww\Projects\PPMScope\Contributions\Paul Messer\DSOscope_A03\FW\A03\DSOscopeA03_20120926.asm
              Sample250kA   0x0003e1    program     static C:\jww\Projects\PPMScope\Contributions\Paul Messer\DSOscope_A03\FW\A03\DSOscopeA03_20120926.asm
              Sample417kA   0x0003e2    program     static C:\jww\Projects\PPMScope\Contributions\Paul Messer\DSOscope_A03\FW\A03\DSOscopeA03_20120926.asm
          Sample417kLoopB   0x0003f1    program     static C:\jww\Projects\PPMScope\Contributions\Paul Messer\DSOscope_A03\FW\A03\DSOscopeA03_20120926.asm
        StSample417kLoopB   0x0003f6    program     static C:\jww\Projects\PPMScope\Contributions\Paul Messer\DSOscope_A03\FW\A03\DSOscopeA03_20120926.asm
              Sample250kB   0x0003f8    program     static C:\jww\Projects\PPMScope\Contributions\Paul Messer\DSOscope_A03\FW\A03\DSOscopeA03_20120926.asm
              Sample417kB   0x0003f9    program     static C:\jww\Projects\PPMScope\Contributions\Paul Messer\DSOscope_A03\FW\A03\DSOscopeA03_20120926.asm
          Sample417kLoopC   0x000408    program     static C:\jww\Projects\PPMScope\Contributions\Paul Messer\DSOscope_A03\FW\A03\DSOscopeA03_20120926.asm
        StSample417kLoopC   0x00040d    program     static C:\jww\Projects\PPMScope\Contributions\Paul Messer\DSOscope_A03\FW\A03\DSOscopeA03_20120926.asm
              Sample250kC   0x00040f    program     static C:\jww\Projects\PPMScope\Contributions\Paul Messer\DSOscope_A03\FW\A03\DSOscopeA03_20120926.asm
              Sample417kC   0x000410    program     static C:\jww\Projects\PPMScope\Contributions\Paul Messer\DSOscope_A03\FW\A03\DSOscopeA03_20120926.asm
          Sample417kLoopD   0x00041f    program     static C:\jww\Projects\PPMScope\Contributions\Paul Messer\DSOscope_A03\FW\A03\DSOscopeA03_20120926.asm
        StSample417kLoopD   0x000424    program     static C:\jww\Projects\PPMScope\Contributions\Paul Messer\DSOscope_A03\FW\A03\DSOscopeA03_20120926.asm
              Sample250kD   0x000426    program     static C:\jww\Projects\PPMScope\Contributions\Paul Messer\DSOscope_A03\FW\A03\DSOscopeA03_20120926.asm
              Sample417kD   0x000427    program     static C:\jww\Projects\PPMScope\Contributions\Paul Messer\DSOscope_A03\FW\A03\DSOscopeA03_20120926.asm
               DelaySeven   0x000430    program     static C:\jww\Projects\PPMScope\Contributions\Paul Messer\DSOscope_A03\FW\A03\DSOscopeA03_20120926.asm
                DelayFive   0x000431    program     static C:\jww\Projects\PPMScope\Contributions\Paul Messer\DSOscope_A03\FW\A03\DSOscopeA03_20120926.asm
                 DelayTwo   0x000433    program     static C:\jww\Projects\PPMScope\Contributions\Paul Messer\DSOscope_A03\FW\A03\DSOscopeA03_20120926.asm
         SampleXY250k192k   0x000434    program     static C:\jww\Projects\PPMScope\Contributions\Paul Messer\DSOscope_A03\FW\A03\DSOscopeA03_20120926.asm
           SampleXY250kLA   0x000443    program     static C:\jww\Projects\PPMScope\Contributions\Paul Messer\DSOscope_A03\FW\A03\DSOscopeA03_20120926.asm
           SampleXY250kLB   0x000467    program     static C:\jww\Projects\PPMScope\Contributions\Paul Messer\DSOscope_A03\FW\A03\DSOscopeA03_20120926.asm
           SampleXY250kLC   0x00048b    program     static C:\jww\Projects\PPMScope\Contributions\Paul Messer\DSOscope_A03\FW\A03\DSOscopeA03_20120926.asm
           SampleXY250kLD   0x0004af    program     static C:\jww\Projects\PPMScope\Contributions\Paul Messer\DSOscope_A03\FW\A03\DSOscopeA03_20120926.asm
                 Sample1M   0x0004c7    program     static C:\jww\Projects\PPMScope\Contributions\Paul Messer\DSOscope_A03\FW\A03\DSOscopeA03_20120926.asm
            Sample1MhzEnd   0x0008cc    program     static C:\jww\Projects\PPMScope\Contributions\Paul Messer\DSOscope_A03\FW\A03\DSOscopeA03_20120926.asm
             SampleXY417k   0x0009cb    program     static C:\jww\Projects\PPMScope\Contributions\Paul Messer\DSOscope_A03\FW\A03\DSOscopeA03_20120926.asm
               Sample833k   0x000fce    program     static C:\jww\Projects\PPMScope\Contributions\Paul Messer\DSOscope_A03\FW\A03\DSOscopeA03_20120926.asm
            Sample833kEnd   0x0013d4    program     static C:\jww\Projects\PPMScope\Contributions\Paul Messer\DSOscope_A03\FW\A03\DSOscopeA03_20120926.asm
              SampleRep5M   0x0015d1    program     static C:\jww\Projects\PPMScope\Contributions\Paul Messer\DSOscope_A03\FW\A03\DSOscopeA03_20120926.asm
        SampleRep5MPickSt   0x0015d5    program     static C:\jww\Projects\PPMScope\Contributions\Paul Messer\DSOscope_A03\FW\A03\DSOscopeA03_20120926.asm
         SampleRep5MStep1   0x0015e4    program     static C:\jww\Projects\PPMScope\Contributions\Paul Messer\DSOscope_A03\FW\A03\DSOscopeA03_20120926.asm
        SampleRep5MPickEn   0x0015e4    program     static C:\jww\Projects\PPMScope\Contributions\Paul Messer\DSOscope_A03\FW\A03\DSOscopeA03_20120926.asm
          SampleRep5MEndA   0x0016e9    program     static C:\jww\Projects\PPMScope\Contributions\Paul Messer\DSOscope_A03\FW\A03\DSOscopeA03_20120926.asm
          SampleRep5MEndC   0x0016ec    program     static C:\jww\Projects\PPMScope\Contributions\Paul Messer\DSOscope_A03\FW\A03\DSOscopeA03_20120926.asm
          SampleRep5MEndB   0x0016ee    program     static C:\jww\Projects\PPMScope\Contributions\Paul Messer\DSOscope_A03\FW\A03\DSOscopeA03_20120926.asm
         SampleRep5MStep2   0x0016f4    program     static C:\jww\Projects\PPMScope\Contributions\Paul Messer\DSOscope_A03\FW\A03\DSOscopeA03_20120926.asm
         SampleRep5MStep3   0x0017f7    program     static C:\jww\Projects\PPMScope\Contributions\Paul Messer\DSOscope_A03\FW\A03\DSOscopeA03_20120926.asm
         SampleRep5MStep4   0x0018fa    program     static C:\jww\Projects\PPMScope\Contributions\Paul Messer\DSOscope_A03\FW\A03\DSOscopeA03_20120926.asm
         SampleRep5MStep5   0x0019fe    program     static C:\jww\Projects\PPMScope\Contributions\Paul Messer\DSOscope_A03\FW\A03\DSOscopeA03_20120926.asm
              SampleRep2M   0x001a04    program     static C:\jww\Projects\PPMScope\Contributions\Paul Messer\DSOscope_A03\FW\A03\DSOscopeA03_20120926.asm
        SampleRep2MPickSt   0x001a08    program     static C:\jww\Projects\PPMScope\Contributions\Paul Messer\DSOscope_A03\FW\A03\DSOscopeA03_20120926.asm
         SampleRep2MStep1   0x001a11    program     static C:\jww\Projects\PPMScope\Contributions\Paul Messer\DSOscope_A03\FW\A03\DSOscopeA03_20120926.asm
        SampleRep2MPickEn   0x001a11    program     static C:\jww\Projects\PPMScope\Contributions\Paul Messer\DSOscope_A03\FW\A03\DSOscopeA03_20120926.asm
         SampleRep2MStep2   0x001c18    program     static C:\jww\Projects\PPMScope\Contributions\Paul Messer\DSOscope_A03\FW\A03\DSOscopeA03_20120926.asm
         SampleRep2MStep3   0x001e19    program     static C:\jww\Projects\PPMScope\Contributions\Paul Messer\DSOscope_A03\FW\A03\DSOscopeA03_20120926.asm


