MPLINK 4.31, Linker
Linker Map File - Created Tue Apr 24 14:24:34 2012

                                 Section Info
                  Section       Type    Address   Location Size(Bytes)
                ---------  ---------  ---------  ---------  ---------
                   .org_0       code   0x000000    program   0x000000
                   .org_1       code   0x000000    program   0x000008
                   .org_2       code   0x000004    program   0x003a8a



                              Program Memory Usage 
                               Start         End      
                           ---------   ---------      
                            0x000000    0x001d48      
            7497 out of 8454 program addresses used, program memory utilization is 88%



                              Symbols - Sorted by Name
                     Name    Address   Location    Storage File                     
                ---------  ---------  ---------  --------- ---------                
              ADCShutdown   0x000170    program     static C:\Users\pmesser\_Paul\Design\DSOscope\FW\A01\DSOscopeA01.asm
                    Delay   0x000165    program     static C:\Users\pmesser\_Paul\Design\DSOscope\FW\A01\DSOscopeA01.asm
                DelayFive   0x00035b    program     static C:\Users\pmesser\_Paul\Design\DSOscope\FW\A01\DSOscopeA01.asm
                DelayFour   0x00035c    program     static C:\Users\pmesser\_Paul\Design\DSOscope\FW\A01\DSOscopeA01.asm
                DelayLoop   0x000166    program     static C:\Users\pmesser\_Paul\Design\DSOscope\FW\A01\DSOscopeA01.asm
               DelaySeven   0x000359    program     static C:\Users\pmesser\_Paul\Design\DSOscope\FW\A01\DSOscopeA01.asm
                 DelaySix   0x00035a    program     static C:\Users\pmesser\_Paul\Design\DSOscope\FW\A01\DSOscopeA01.asm
                 DelayTwo   0x00035d    program     static C:\Users\pmesser\_Paul\Design\DSOscope\FW\A01\DSOscopeA01.asm
                  GetByte   0x000155    program     static C:\Users\pmesser\_Paul\Design\DSOscope\FW\A01\DSOscopeA01.asm
            GetByteSerial   0x000157    program     static C:\Users\pmesser\_Paul\Design\DSOscope\FW\A01\DSOscopeA01.asm
           GetByteSerialB   0x000159    program     static C:\Users\pmesser\_Paul\Design\DSOscope\FW\A01\DSOscopeA01.asm
           GetByteSerialC   0x00015d    program     static C:\Users\pmesser\_Paul\Design\DSOscope\FW\A01\DSOscopeA01.asm
               I2CSGetAck   0x000081    program     static C:\Users\pmesser\_Paul\Design\DSOscope\FW\A01\i2cs.inc
             I2CSGetAckL1   0x000086    program     static C:\Users\pmesser\_Paul\Design\DSOscope\FW\A01\i2cs.inc
              I2CSGetByte   0x000053    program     static C:\Users\pmesser\_Paul\Design\DSOscope\FW\A01\i2cs.inc
            I2CSGetByteL1   0x000056    program     static C:\Users\pmesser\_Paul\Design\DSOscope\FW\A01\i2cs.inc
            I2CSGetByteL2   0x00005c    program     static C:\Users\pmesser\_Paul\Design\DSOscope\FW\A01\i2cs.inc
              I2CSGetStop   0x000031    program     static C:\Users\pmesser\_Paul\Design\DSOscope\FW\A01\i2cs.inc
            I2CSGetStopL1   0x000035    program     static C:\Users\pmesser\_Paul\Design\DSOscope\FW\A01\i2cs.inc
            I2CSGetStopL2   0x00003c    program     static C:\Users\pmesser\_Paul\Design\DSOscope\FW\A01\i2cs.inc
            I2CSGetStopL3   0x000043    program     static C:\Users\pmesser\_Paul\Design\DSOscope\FW\A01\i2cs.inc
               I2CSPutAck   0x000060    program     static C:\Users\pmesser\_Paul\Design\DSOscope\FW\A01\i2cs.inc
             I2CSPutAckL1   0x000064    program     static C:\Users\pmesser\_Paul\Design\DSOscope\FW\A01\i2cs.inc
             I2CSPutAckL2   0x000066    program     static C:\Users\pmesser\_Paul\Design\DSOscope\FW\A01\i2cs.inc
              I2CSPutByte   0x00006c    program     static C:\Users\pmesser\_Paul\Design\DSOscope\FW\A01\i2cs.inc
            I2CSPutByteL1   0x000070    program     static C:\Users\pmesser\_Paul\Design\DSOscope\FW\A01\i2cs.inc
           I2CSPutByteL1S   0x000072    program     static C:\Users\pmesser\_Paul\Design\DSOscope\FW\A01\i2cs.inc
            I2CSPutByteL2   0x000077    program     static C:\Users\pmesser\_Paul\Design\DSOscope\FW\A01\i2cs.inc
            I2CSPutByteL3   0x00007c    program     static C:\Users\pmesser\_Paul\Design\DSOscope\FW\A01\i2cs.inc
            I2CSWaitStart   0x000046    program     static C:\Users\pmesser\_Paul\Design\DSOscope\FW\A01\i2cs.inc
          I2CSWaitStartL1   0x000051    program     static C:\Users\pmesser\_Paul\Design\DSOscope\FW\A01\i2cs.inc
          I2CSWaitStartL2   0x00004d    program     static C:\Users\pmesser\_Paul\Design\DSOscope\FW\A01\i2cs.inc
          I2CSWaitStartL3   0x000049    program     static C:\Users\pmesser\_Paul\Design\DSOscope\FW\A01\i2cs.inc
                  Initial   0x000089    program     static C:\Users\pmesser\_Paul\Design\DSOscope\FW\A01\DSOscopeA01.asm
               IntHandler   0x000004    program     static C:\Users\pmesser\_Paul\Design\DSOscope\FW\A01\DSOscopeA01.asm
                     Main   0x0000a6    program     static C:\Users\pmesser\_Paul\Design\DSOscope\FW\A01\DSOscopeA01.asm
                    MainB   0x0000a8    program     static C:\Users\pmesser\_Paul\Design\DSOscope\FW\A01\DSOscopeA01.asm
               MainSelect   0x00000c    program     static C:\Users\pmesser\_Paul\Design\DSOscope\FW\A01\DSOscopeA01.asm
               MainWTrigB   0x0000c5    program     static C:\Users\pmesser\_Paul\Design\DSOscope\FW\A01\DSOscopeA01.asm
             MainWaitTrig   0x0000b5    program     static C:\Users\pmesser\_Paul\Design\DSOscope\FW\A01\DSOscopeA01.asm
                  PutByte   0x00015e    program     static C:\Users\pmesser\_Paul\Design\DSOscope\FW\A01\DSOscopeA01.asm
            PutByteSerial   0x000160    program     static C:\Users\pmesser\_Paul\Design\DSOscope\FW\A01\DSOscopeA01.asm
                 Sample1M   0x0003f1    program     static C:\Users\pmesser\_Paul\Design\DSOscope\FW\A01\DSOscopeA01.asm
            Sample1MhzEnd   0x0007f6    program     static C:\Users\pmesser\_Paul\Design\DSOscope\FW\A01\DSOscopeA01.asm
              Sample250kA   0x00030a    program     static C:\Users\pmesser\_Paul\Design\DSOscope\FW\A01\DSOscopeA01.asm
              Sample250kB   0x000321    program     static C:\Users\pmesser\_Paul\Design\DSOscope\FW\A01\DSOscopeA01.asm
              Sample250kC   0x000338    program     static C:\Users\pmesser\_Paul\Design\DSOscope\FW\A01\DSOscopeA01.asm
              Sample250kD   0x00034f    program     static C:\Users\pmesser\_Paul\Design\DSOscope\FW\A01\DSOscopeA01.asm
           Sample417k250k   0x0002fa    program     static C:\Users\pmesser\_Paul\Design\DSOscope\FW\A01\DSOscopeA01.asm
              Sample417kA   0x00030b    program     static C:\Users\pmesser\_Paul\Design\DSOscope\FW\A01\DSOscopeA01.asm
              Sample417kB   0x000322    program     static C:\Users\pmesser\_Paul\Design\DSOscope\FW\A01\DSOscopeA01.asm
              Sample417kC   0x000339    program     static C:\Users\pmesser\_Paul\Design\DSOscope\FW\A01\DSOscopeA01.asm
              Sample417kD   0x000350    program     static C:\Users\pmesser\_Paul\Design\DSOscope\FW\A01\DSOscopeA01.asm
          Sample417kLoopA   0x000303    program     static C:\Users\pmesser\_Paul\Design\DSOscope\FW\A01\DSOscopeA01.asm
          Sample417kLoopB   0x00031a    program     static C:\Users\pmesser\_Paul\Design\DSOscope\FW\A01\DSOscopeA01.asm
          Sample417kLoopC   0x000331    program     static C:\Users\pmesser\_Paul\Design\DSOscope\FW\A01\DSOscopeA01.asm
          Sample417kLoopD   0x000348    program     static C:\Users\pmesser\_Paul\Design\DSOscope\FW\A01\DSOscopeA01.asm
               Sample625k   0x0002b7    program     static C:\Users\pmesser\_Paul\Design\DSOscope\FW\A01\DSOscopeA01.asm
          Sample625kLoopA   0x0002bd    program     static C:\Users\pmesser\_Paul\Design\DSOscope\FW\A01\DSOscopeA01.asm
          Sample625kLoopB   0x0002cd    program     static C:\Users\pmesser\_Paul\Design\DSOscope\FW\A01\DSOscopeA01.asm
          Sample625kLoopC   0x0002dd    program     static C:\Users\pmesser\_Paul\Design\DSOscope\FW\A01\DSOscopeA01.asm
          Sample625kLoopD   0x0002ed    program     static C:\Users\pmesser\_Paul\Design\DSOscope\FW\A01\DSOscopeA01.asm
               Sample833k   0x000ef8    program     static C:\Users\pmesser\_Paul\Design\DSOscope\FW\A01\DSOscopeA01.asm
            Sample833kEnd   0x0012fe    program     static C:\Users\pmesser\_Paul\Design\DSOscope\FW\A01\DSOscopeA01.asm
            SampleDelayed   0x0001a9    program     static C:\Users\pmesser\_Paul\Design\DSOscope\FW\A01\DSOscopeA01.asm
       SampleDelayedLoopA   0x0001b4    program     static C:\Users\pmesser\_Paul\Design\DSOscope\FW\A01\DSOscopeA01.asm
       SampleDelayedLoopB   0x0001ce    program     static C:\Users\pmesser\_Paul\Design\DSOscope\FW\A01\DSOscopeA01.asm
       SampleDelayedLoopC   0x0001e8    program     static C:\Users\pmesser\_Paul\Design\DSOscope\FW\A01\DSOscopeA01.asm
       SampleDelayedLoopD   0x000202    program     static C:\Users\pmesser\_Paul\Design\DSOscope\FW\A01\DSOscopeA01.asm
              SampleRep2M   0x00192e    program     static C:\Users\pmesser\_Paul\Design\DSOscope\FW\A01\DSOscopeA01.asm
        SampleRep2MPickEn   0x00193b    program     static C:\Users\pmesser\_Paul\Design\DSOscope\FW\A01\DSOscopeA01.asm
        SampleRep2MPickSt   0x001932    program     static C:\Users\pmesser\_Paul\Design\DSOscope\FW\A01\DSOscopeA01.asm
         SampleRep2MStep1   0x00193b    program     static C:\Users\pmesser\_Paul\Design\DSOscope\FW\A01\DSOscopeA01.asm
         SampleRep2MStep2   0x001b42    program     static C:\Users\pmesser\_Paul\Design\DSOscope\FW\A01\DSOscopeA01.asm
         SampleRep2MStep3   0x001d43    program     static C:\Users\pmesser\_Paul\Design\DSOscope\FW\A01\DSOscopeA01.asm
              SampleRep5M   0x0014fb    program     static C:\Users\pmesser\_Paul\Design\DSOscope\FW\A01\DSOscopeA01.asm
          SampleRep5MEndA   0x001613    program     static C:\Users\pmesser\_Paul\Design\DSOscope\FW\A01\DSOscopeA01.asm
          SampleRep5MEndB   0x001618    program     static C:\Users\pmesser\_Paul\Design\DSOscope\FW\A01\DSOscopeA01.asm
          SampleRep5MEndC   0x001616    program     static C:\Users\pmesser\_Paul\Design\DSOscope\FW\A01\DSOscopeA01.asm
        SampleRep5MPickEn   0x00150e    program     static C:\Users\pmesser\_Paul\Design\DSOscope\FW\A01\DSOscopeA01.asm
        SampleRep5MPickSt   0x0014ff    program     static C:\Users\pmesser\_Paul\Design\DSOscope\FW\A01\DSOscopeA01.asm
         SampleRep5MStep1   0x00150e    program     static C:\Users\pmesser\_Paul\Design\DSOscope\FW\A01\DSOscopeA01.asm
         SampleRep5MStep2   0x00161e    program     static C:\Users\pmesser\_Paul\Design\DSOscope\FW\A01\DSOscopeA01.asm
         SampleRep5MStep3   0x001721    program     static C:\Users\pmesser\_Paul\Design\DSOscope\FW\A01\DSOscopeA01.asm
         SampleRep5MStep4   0x001824    program     static C:\Users\pmesser\_Paul\Design\DSOscope\FW\A01\DSOscopeA01.asm
         SampleRep5MStep5   0x001928    program     static C:\Users\pmesser\_Paul\Design\DSOscope\FW\A01\DSOscopeA01.asm
         SampleXY250k192k   0x00035e    program     static C:\Users\pmesser\_Paul\Design\DSOscope\FW\A01\DSOscopeA01.asm
           SampleXY250kLA   0x00036d    program     static C:\Users\pmesser\_Paul\Design\DSOscope\FW\A01\DSOscopeA01.asm
           SampleXY250kLB   0x000391    program     static C:\Users\pmesser\_Paul\Design\DSOscope\FW\A01\DSOscopeA01.asm
           SampleXY250kLC   0x0003b5    program     static C:\Users\pmesser\_Paul\Design\DSOscope\FW\A01\DSOscopeA01.asm
           SampleXY250kLD   0x0003d9    program     static C:\Users\pmesser\_Paul\Design\DSOscope\FW\A01\DSOscopeA01.asm
             SampleXY417k   0x0008f5    program     static C:\Users\pmesser\_Paul\Design\DSOscope\FW\A01\DSOscopeA01.asm
          SampleXYDelayed   0x000214    program     static C:\Users\pmesser\_Paul\Design\DSOscope\FW\A01\DSOscopeA01.asm
        SampleXYDelayedLA   0x000226    program     static C:\Users\pmesser\_Paul\Design\DSOscope\FW\A01\DSOscopeA01.asm
        SampleXYDelayedLB   0x00024e    program     static C:\Users\pmesser\_Paul\Design\DSOscope\FW\A01\DSOscopeA01.asm
        SampleXYDelayedLC   0x000276    program     static C:\Users\pmesser\_Paul\Design\DSOscope\FW\A01\DSOscopeA01.asm
        SampleXYDelayedLD   0x00029e    program     static C:\Users\pmesser\_Paul\Design\DSOscope\FW\A01\DSOscopeA01.asm
        StSample417kLoopB   0x00031f    program     static C:\Users\pmesser\_Paul\Design\DSOscope\FW\A01\DSOscopeA01.asm
        StSample417kLoopC   0x000336    program     static C:\Users\pmesser\_Paul\Design\DSOscope\FW\A01\DSOscopeA01.asm
        StSample417kLoopD   0x00034d    program     static C:\Users\pmesser\_Paul\Design\DSOscope\FW\A01\DSOscopeA01.asm
     StSampleDelayedLoopA   0x0001b9    program     static C:\Users\pmesser\_Paul\Design\DSOscope\FW\A01\DSOscopeA01.asm
                 WaitByte   0x000152    program     static C:\Users\pmesser\_Paul\Design\DSOscope\FW\A01\DSOscopeA01.asm
                 WaitComm   0x0000ce    program     static C:\Users\pmesser\_Paul\Design\DSOscope\FW\A01\DSOscopeA01.asm
            WaitComm_Conf   0x000116    program     static C:\Users\pmesser\_Paul\Design\DSOscope\FW\A01\DSOscopeA01.asm
            WaitComm_Data   0x0000d3    program     static C:\Users\pmesser\_Paul\Design\DSOscope\FW\A01\DSOscopeA01.asm
             WaitComm_Rec   0x000136    program     static C:\Users\pmesser\_Paul\Design\DSOscope\FW\A01\DSOscopeA01.asm
       WaitComm_SendDataA   0x0000da    program     static C:\Users\pmesser\_Paul\Design\DSOscope\FW\A01\DSOscopeA01.asm
       WaitComm_SendDataB   0x0000e7    program     static C:\Users\pmesser\_Paul\Design\DSOscope\FW\A01\DSOscopeA01.asm
       WaitComm_SendDataC   0x0000f4    program     static C:\Users\pmesser\_Paul\Design\DSOscope\FW\A01\DSOscopeA01.asm
       WaitComm_SendDataD   0x000101    program     static C:\Users\pmesser\_Paul\Design\DSOscope\FW\A01\DSOscopeA01.asm
    WaitComm_SendDataExit   0x00010a    program     static C:\Users\pmesser\_Paul\Design\DSOscope\FW\A01\DSOscopeA01.asm
            WaitComm_Test   0x0000cf    program     static C:\Users\pmesser\_Paul\Design\DSOscope\FW\A01\DSOscopeA01.asm



                              Symbols - Sorted by Address
                     Name    Address   Location    Storage File                     
                ---------  ---------  ---------  --------- ---------                
               IntHandler   0x000004    program     static C:\Users\pmesser\_Paul\Design\DSOscope\FW\A01\DSOscopeA01.asm
               MainSelect   0x00000c    program     static C:\Users\pmesser\_Paul\Design\DSOscope\FW\A01\DSOscopeA01.asm
              I2CSGetStop   0x000031    program     static C:\Users\pmesser\_Paul\Design\DSOscope\FW\A01\i2cs.inc
            I2CSGetStopL1   0x000035    program     static C:\Users\pmesser\_Paul\Design\DSOscope\FW\A01\i2cs.inc
            I2CSGetStopL2   0x00003c    program     static C:\Users\pmesser\_Paul\Design\DSOscope\FW\A01\i2cs.inc
            I2CSGetStopL3   0x000043    program     static C:\Users\pmesser\_Paul\Design\DSOscope\FW\A01\i2cs.inc
            I2CSWaitStart   0x000046    program     static C:\Users\pmesser\_Paul\Design\DSOscope\FW\A01\i2cs.inc
          I2CSWaitStartL3   0x000049    program     static C:\Users\pmesser\_Paul\Design\DSOscope\FW\A01\i2cs.inc
          I2CSWaitStartL2   0x00004d    program     static C:\Users\pmesser\_Paul\Design\DSOscope\FW\A01\i2cs.inc
          I2CSWaitStartL1   0x000051    program     static C:\Users\pmesser\_Paul\Design\DSOscope\FW\A01\i2cs.inc
              I2CSGetByte   0x000053    program     static C:\Users\pmesser\_Paul\Design\DSOscope\FW\A01\i2cs.inc
            I2CSGetByteL1   0x000056    program     static C:\Users\pmesser\_Paul\Design\DSOscope\FW\A01\i2cs.inc
            I2CSGetByteL2   0x00005c    program     static C:\Users\pmesser\_Paul\Design\DSOscope\FW\A01\i2cs.inc
               I2CSPutAck   0x000060    program     static C:\Users\pmesser\_Paul\Design\DSOscope\FW\A01\i2cs.inc
             I2CSPutAckL1   0x000064    program     static C:\Users\pmesser\_Paul\Design\DSOscope\FW\A01\i2cs.inc
             I2CSPutAckL2   0x000066    program     static C:\Users\pmesser\_Paul\Design\DSOscope\FW\A01\i2cs.inc
              I2CSPutByte   0x00006c    program     static C:\Users\pmesser\_Paul\Design\DSOscope\FW\A01\i2cs.inc
            I2CSPutByteL1   0x000070    program     static C:\Users\pmesser\_Paul\Design\DSOscope\FW\A01\i2cs.inc
           I2CSPutByteL1S   0x000072    program     static C:\Users\pmesser\_Paul\Design\DSOscope\FW\A01\i2cs.inc
            I2CSPutByteL2   0x000077    program     static C:\Users\pmesser\_Paul\Design\DSOscope\FW\A01\i2cs.inc
            I2CSPutByteL3   0x00007c    program     static C:\Users\pmesser\_Paul\Design\DSOscope\FW\A01\i2cs.inc
               I2CSGetAck   0x000081    program     static C:\Users\pmesser\_Paul\Design\DSOscope\FW\A01\i2cs.inc
             I2CSGetAckL1   0x000086    program     static C:\Users\pmesser\_Paul\Design\DSOscope\FW\A01\i2cs.inc
                  Initial   0x000089    program     static C:\Users\pmesser\_Paul\Design\DSOscope\FW\A01\DSOscopeA01.asm
                     Main   0x0000a6    program     static C:\Users\pmesser\_Paul\Design\DSOscope\FW\A01\DSOscopeA01.asm
                    MainB   0x0000a8    program     static C:\Users\pmesser\_Paul\Design\DSOscope\FW\A01\DSOscopeA01.asm
             MainWaitTrig   0x0000b5    program     static C:\Users\pmesser\_Paul\Design\DSOscope\FW\A01\DSOscopeA01.asm
               MainWTrigB   0x0000c5    program     static C:\Users\pmesser\_Paul\Design\DSOscope\FW\A01\DSOscopeA01.asm
                 WaitComm   0x0000ce    program     static C:\Users\pmesser\_Paul\Design\DSOscope\FW\A01\DSOscopeA01.asm
            WaitComm_Test   0x0000cf    program     static C:\Users\pmesser\_Paul\Design\DSOscope\FW\A01\DSOscopeA01.asm
            WaitComm_Data   0x0000d3    program     static C:\Users\pmesser\_Paul\Design\DSOscope\FW\A01\DSOscopeA01.asm
       WaitComm_SendDataA   0x0000da    program     static C:\Users\pmesser\_Paul\Design\DSOscope\FW\A01\DSOscopeA01.asm
       WaitComm_SendDataB   0x0000e7    program     static C:\Users\pmesser\_Paul\Design\DSOscope\FW\A01\DSOscopeA01.asm
       WaitComm_SendDataC   0x0000f4    program     static C:\Users\pmesser\_Paul\Design\DSOscope\FW\A01\DSOscopeA01.asm
       WaitComm_SendDataD   0x000101    program     static C:\Users\pmesser\_Paul\Design\DSOscope\FW\A01\DSOscopeA01.asm
    WaitComm_SendDataExit   0x00010a    program     static C:\Users\pmesser\_Paul\Design\DSOscope\FW\A01\DSOscopeA01.asm
            WaitComm_Conf   0x000116    program     static C:\Users\pmesser\_Paul\Design\DSOscope\FW\A01\DSOscopeA01.asm
             WaitComm_Rec   0x000136    program     static C:\Users\pmesser\_Paul\Design\DSOscope\FW\A01\DSOscopeA01.asm
                 WaitByte   0x000152    program     static C:\Users\pmesser\_Paul\Design\DSOscope\FW\A01\DSOscopeA01.asm
                  GetByte   0x000155    program     static C:\Users\pmesser\_Paul\Design\DSOscope\FW\A01\DSOscopeA01.asm
            GetByteSerial   0x000157    program     static C:\Users\pmesser\_Paul\Design\DSOscope\FW\A01\DSOscopeA01.asm
           GetByteSerialB   0x000159    program     static C:\Users\pmesser\_Paul\Design\DSOscope\FW\A01\DSOscopeA01.asm
           GetByteSerialC   0x00015d    program     static C:\Users\pmesser\_Paul\Design\DSOscope\FW\A01\DSOscopeA01.asm
                  PutByte   0x00015e    program     static C:\Users\pmesser\_Paul\Design\DSOscope\FW\A01\DSOscopeA01.asm
            PutByteSerial   0x000160    program     static C:\Users\pmesser\_Paul\Design\DSOscope\FW\A01\DSOscopeA01.asm
                    Delay   0x000165    program     static C:\Users\pmesser\_Paul\Design\DSOscope\FW\A01\DSOscopeA01.asm
                DelayLoop   0x000166    program     static C:\Users\pmesser\_Paul\Design\DSOscope\FW\A01\DSOscopeA01.asm
              ADCShutdown   0x000170    program     static C:\Users\pmesser\_Paul\Design\DSOscope\FW\A01\DSOscopeA01.asm
            SampleDelayed   0x0001a9    program     static C:\Users\pmesser\_Paul\Design\DSOscope\FW\A01\DSOscopeA01.asm
       SampleDelayedLoopA   0x0001b4    program     static C:\Users\pmesser\_Paul\Design\DSOscope\FW\A01\DSOscopeA01.asm
     StSampleDelayedLoopA   0x0001b9    program     static C:\Users\pmesser\_Paul\Design\DSOscope\FW\A01\DSOscopeA01.asm
       SampleDelayedLoopB   0x0001ce    program     static C:\Users\pmesser\_Paul\Design\DSOscope\FW\A01\DSOscopeA01.asm
       SampleDelayedLoopC   0x0001e8    program     static C:\Users\pmesser\_Paul\Design\DSOscope\FW\A01\DSOscopeA01.asm
       SampleDelayedLoopD   0x000202    program     static C:\Users\pmesser\_Paul\Design\DSOscope\FW\A01\DSOscopeA01.asm
          SampleXYDelayed   0x000214    program     static C:\Users\pmesser\_Paul\Design\DSOscope\FW\A01\DSOscopeA01.asm
        SampleXYDelayedLA   0x000226    program     static C:\Users\pmesser\_Paul\Design\DSOscope\FW\A01\DSOscopeA01.asm
        SampleXYDelayedLB   0x00024e    program     static C:\Users\pmesser\_Paul\Design\DSOscope\FW\A01\DSOscopeA01.asm
        SampleXYDelayedLC   0x000276    program     static C:\Users\pmesser\_Paul\Design\DSOscope\FW\A01\DSOscopeA01.asm
        SampleXYDelayedLD   0x00029e    program     static C:\Users\pmesser\_Paul\Design\DSOscope\FW\A01\DSOscopeA01.asm
               Sample625k   0x0002b7    program     static C:\Users\pmesser\_Paul\Design\DSOscope\FW\A01\DSOscopeA01.asm
          Sample625kLoopA   0x0002bd    program     static C:\Users\pmesser\_Paul\Design\DSOscope\FW\A01\DSOscopeA01.asm
          Sample625kLoopB   0x0002cd    program     static C:\Users\pmesser\_Paul\Design\DSOscope\FW\A01\DSOscopeA01.asm
          Sample625kLoopC   0x0002dd    program     static C:\Users\pmesser\_Paul\Design\DSOscope\FW\A01\DSOscopeA01.asm
          Sample625kLoopD   0x0002ed    program     static C:\Users\pmesser\_Paul\Design\DSOscope\FW\A01\DSOscopeA01.asm
           Sample417k250k   0x0002fa    program     static C:\Users\pmesser\_Paul\Design\DSOscope\FW\A01\DSOscopeA01.asm
          Sample417kLoopA   0x000303    program     static C:\Users\pmesser\_Paul\Design\DSOscope\FW\A01\DSOscopeA01.asm
              Sample250kA   0x00030a    program     static C:\Users\pmesser\_Paul\Design\DSOscope\FW\A01\DSOscopeA01.asm
              Sample417kA   0x00030b    program     static C:\Users\pmesser\_Paul\Design\DSOscope\FW\A01\DSOscopeA01.asm
          Sample417kLoopB   0x00031a    program     static C:\Users\pmesser\_Paul\Design\DSOscope\FW\A01\DSOscopeA01.asm
        StSample417kLoopB   0x00031f    program     static C:\Users\pmesser\_Paul\Design\DSOscope\FW\A01\DSOscopeA01.asm
              Sample250kB   0x000321    program     static C:\Users\pmesser\_Paul\Design\DSOscope\FW\A01\DSOscopeA01.asm
              Sample417kB   0x000322    program     static C:\Users\pmesser\_Paul\Design\DSOscope\FW\A01\DSOscopeA01.asm
          Sample417kLoopC   0x000331    program     static C:\Users\pmesser\_Paul\Design\DSOscope\FW\A01\DSOscopeA01.asm
        StSample417kLoopC   0x000336    program     static C:\Users\pmesser\_Paul\Design\DSOscope\FW\A01\DSOscopeA01.asm
              Sample250kC   0x000338    program     static C:\Users\pmesser\_Paul\Design\DSOscope\FW\A01\DSOscopeA01.asm
              Sample417kC   0x000339    program     static C:\Users\pmesser\_Paul\Design\DSOscope\FW\A01\DSOscopeA01.asm
          Sample417kLoopD   0x000348    program     static C:\Users\pmesser\_Paul\Design\DSOscope\FW\A01\DSOscopeA01.asm
        StSample417kLoopD   0x00034d    program     static C:\Users\pmesser\_Paul\Design\DSOscope\FW\A01\DSOscopeA01.asm
              Sample250kD   0x00034f    program     static C:\Users\pmesser\_Paul\Design\DSOscope\FW\A01\DSOscopeA01.asm
              Sample417kD   0x000350    program     static C:\Users\pmesser\_Paul\Design\DSOscope\FW\A01\DSOscopeA01.asm
               DelaySeven   0x000359    program     static C:\Users\pmesser\_Paul\Design\DSOscope\FW\A01\DSOscopeA01.asm
                 DelaySix   0x00035a    program     static C:\Users\pmesser\_Paul\Design\DSOscope\FW\A01\DSOscopeA01.asm
                DelayFive   0x00035b    program     static C:\Users\pmesser\_Paul\Design\DSOscope\FW\A01\DSOscopeA01.asm
                DelayFour   0x00035c    program     static C:\Users\pmesser\_Paul\Design\DSOscope\FW\A01\DSOscopeA01.asm
                 DelayTwo   0x00035d    program     static C:\Users\pmesser\_Paul\Design\DSOscope\FW\A01\DSOscopeA01.asm
         SampleXY250k192k   0x00035e    program     static C:\Users\pmesser\_Paul\Design\DSOscope\FW\A01\DSOscopeA01.asm
           SampleXY250kLA   0x00036d    program     static C:\Users\pmesser\_Paul\Design\DSOscope\FW\A01\DSOscopeA01.asm
           SampleXY250kLB   0x000391    program     static C:\Users\pmesser\_Paul\Design\DSOscope\FW\A01\DSOscopeA01.asm
           SampleXY250kLC   0x0003b5    program     static C:\Users\pmesser\_Paul\Design\DSOscope\FW\A01\DSOscopeA01.asm
           SampleXY250kLD   0x0003d9    program     static C:\Users\pmesser\_Paul\Design\DSOscope\FW\A01\DSOscopeA01.asm
                 Sample1M   0x0003f1    program     static C:\Users\pmesser\_Paul\Design\DSOscope\FW\A01\DSOscopeA01.asm
            Sample1MhzEnd   0x0007f6    program     static C:\Users\pmesser\_Paul\Design\DSOscope\FW\A01\DSOscopeA01.asm
             SampleXY417k   0x0008f5    program     static C:\Users\pmesser\_Paul\Design\DSOscope\FW\A01\DSOscopeA01.asm
               Sample833k   0x000ef8    program     static C:\Users\pmesser\_Paul\Design\DSOscope\FW\A01\DSOscopeA01.asm
            Sample833kEnd   0x0012fe    program     static C:\Users\pmesser\_Paul\Design\DSOscope\FW\A01\DSOscopeA01.asm
              SampleRep5M   0x0014fb    program     static C:\Users\pmesser\_Paul\Design\DSOscope\FW\A01\DSOscopeA01.asm
        SampleRep5MPickSt   0x0014ff    program     static C:\Users\pmesser\_Paul\Design\DSOscope\FW\A01\DSOscopeA01.asm
         SampleRep5MStep1   0x00150e    program     static C:\Users\pmesser\_Paul\Design\DSOscope\FW\A01\DSOscopeA01.asm
        SampleRep5MPickEn   0x00150e    program     static C:\Users\pmesser\_Paul\Design\DSOscope\FW\A01\DSOscopeA01.asm
          SampleRep5MEndA   0x001613    program     static C:\Users\pmesser\_Paul\Design\DSOscope\FW\A01\DSOscopeA01.asm
          SampleRep5MEndC   0x001616    program     static C:\Users\pmesser\_Paul\Design\DSOscope\FW\A01\DSOscopeA01.asm
          SampleRep5MEndB   0x001618    program     static C:\Users\pmesser\_Paul\Design\DSOscope\FW\A01\DSOscopeA01.asm
         SampleRep5MStep2   0x00161e    program     static C:\Users\pmesser\_Paul\Design\DSOscope\FW\A01\DSOscopeA01.asm
         SampleRep5MStep3   0x001721    program     static C:\Users\pmesser\_Paul\Design\DSOscope\FW\A01\DSOscopeA01.asm
         SampleRep5MStep4   0x001824    program     static C:\Users\pmesser\_Paul\Design\DSOscope\FW\A01\DSOscopeA01.asm
         SampleRep5MStep5   0x001928    program     static C:\Users\pmesser\_Paul\Design\DSOscope\FW\A01\DSOscopeA01.asm
              SampleRep2M   0x00192e    program     static C:\Users\pmesser\_Paul\Design\DSOscope\FW\A01\DSOscopeA01.asm
        SampleRep2MPickSt   0x001932    program     static C:\Users\pmesser\_Paul\Design\DSOscope\FW\A01\DSOscopeA01.asm
        SampleRep2MPickEn   0x00193b    program     static C:\Users\pmesser\_Paul\Design\DSOscope\FW\A01\DSOscopeA01.asm
         SampleRep2MStep1   0x00193b    program     static C:\Users\pmesser\_Paul\Design\DSOscope\FW\A01\DSOscopeA01.asm
         SampleRep2MStep2   0x001b42    program     static C:\Users\pmesser\_Paul\Design\DSOscope\FW\A01\DSOscopeA01.asm
         SampleRep2MStep3   0x001d43    program     static C:\Users\pmesser\_Paul\Design\DSOscope\FW\A01\DSOscopeA01.asm


