MPLINK 4.43, Linker
Linker Map File - Created Thu Apr 18 16:21:30 2013

                                 Section Info
                  Section       Type    Address   Location Size(Bytes)
                ---------  ---------  ---------  ---------  ---------
                   .org_0       code   0x000000    program   0x000000
                   .org_1       code   0x000000    program   0x000008
                   .org_2       code   0x000004    program   0x003dda
                  .idlocs       code   0x002000    program   0x000008
.config_2007_DSOSCOPEA03_20130403.O       code   0x002007    program   0x000002
.config_2008_DSOSCOPEA03_20130403.O       code   0x002008    program   0x000002



                              Program Memory Usage 
                               Start         End      
                           ---------   ---------      
                            0x000000    0x001ef0      
                            0x002000    0x002003      
                            0x002007    0x002008      
            7927 out of 8455 program addresses used, program memory utilization is 93%



                              Symbols - Sorted by Name
                     Name    Address   Location    Storage File                     
                ---------  ---------  ---------  --------- ---------                
              ADCShutdown   0x00013a    program     static C:\Google Drive\Projects\PPMScope\Contributions\Paul Messer\DSOscope_A03\DSOscope_Rev_A03_20130306\FW\A03\DSOscopeA03_20130403.asm
          ChannelConfSend   0x0002ff    program     static C:\Google Drive\Projects\PPMScope\Contributions\Paul Messer\DSOscope_A03\DSOscope_Rev_A03_20130306\FW\A03\DSOscopeA03_20130403.asm
         ChannelConfStore   0x00030e    program     static C:\Google Drive\Projects\PPMScope\Contributions\Paul Messer\DSOscope_A03\DSOscope_Rev_A03_20130306\FW\A03\DSOscopeA03_20130403.asm
              ConfReceive   0x0002b2    program     static C:\Google Drive\Projects\PPMScope\Contributions\Paul Messer\DSOscope_A03\DSOscope_Rev_A03_20130306\FW\A03\DSOscopeA03_20130403.asm
      ConfReceiveRateOnly   0x0002cf    program     static C:\Google Drive\Projects\PPMScope\Contributions\Paul Messer\DSOscope_A03\DSOscope_Rev_A03_20130306\FW\A03\DSOscopeA03_20130403.asm
                 ConfSend   0x0002de    program     static C:\Google Drive\Projects\PPMScope\Contributions\Paul Messer\DSOscope_A03\DSOscope_Rev_A03_20130306\FW\A03\DSOscopeA03_20130403.asm
                    Delay   0x00012f    program     static C:\Google Drive\Projects\PPMScope\Contributions\Paul Messer\DSOscope_A03\DSOscope_Rev_A03_20130306\FW\A03\DSOscopeA03_20130403.asm
                DelayFive   0x000503    program     static C:\Google Drive\Projects\PPMScope\Contributions\Paul Messer\DSOscope_A03\DSOscope_Rev_A03_20130306\FW\A03\DSOscopeA03_20130403.asm
                DelayLoop   0x000130    program     static C:\Google Drive\Projects\PPMScope\Contributions\Paul Messer\DSOscope_A03\DSOscope_Rev_A03_20130306\FW\A03\DSOscopeA03_20130403.asm
               DelaySeven   0x000502    program     static C:\Google Drive\Projects\PPMScope\Contributions\Paul Messer\DSOscope_A03\DSOscope_Rev_A03_20130306\FW\A03\DSOscopeA03_20130403.asm
                 DelayTwo   0x000505    program     static C:\Google Drive\Projects\PPMScope\Contributions\Paul Messer\DSOscope_A03\DSOscope_Rev_A03_20130306\FW\A03\DSOscopeA03_20130403.asm
                  GetByte   0x000119    program     static C:\Google Drive\Projects\PPMScope\Contributions\Paul Messer\DSOscope_A03\DSOscope_Rev_A03_20130306\FW\A03\DSOscopeA03_20130403.asm
                 GetByteB   0x00011b    program     static C:\Google Drive\Projects\PPMScope\Contributions\Paul Messer\DSOscope_A03\DSOscope_Rev_A03_20130306\FW\A03\DSOscopeA03_20130403.asm
                 GetByteC   0x00011f    program     static C:\Google Drive\Projects\PPMScope\Contributions\Paul Messer\DSOscope_A03\DSOscope_Rev_A03_20130306\FW\A03\DSOscopeA03_20130403.asm
                 GetByteD   0x000123    program     static C:\Google Drive\Projects\PPMScope\Contributions\Paul Messer\DSOscope_A03\DSOscope_Rev_A03_20130306\FW\A03\DSOscopeA03_20130403.asm
                 GetByteE   0x000127    program     static C:\Google Drive\Projects\PPMScope\Contributions\Paul Messer\DSOscope_A03\DSOscope_Rev_A03_20130306\FW\A03\DSOscopeA03_20130403.asm
                  Initial   0x00005d    program     static C:\Google Drive\Projects\PPMScope\Contributions\Paul Messer\DSOscope_A03\DSOscope_Rev_A03_20130306\FW\A03\DSOscopeA03_20130403.asm
               IntHandler   0x000004    program     static C:\Google Drive\Projects\PPMScope\Contributions\Paul Messer\DSOscope_A03\DSOscope_Rev_A03_20130306\FW\A03\DSOscopeA03_20130403.asm
         IrqServiceTimer1   0x00013f    program     static C:\Google Drive\Projects\PPMScope\Contributions\Paul Messer\DSOscope_A03\DSOscope_Rev_A03_20130306\FW\A03\DSOscopeA03_20130403.asm
                     Main   0x000089    program     static C:\Google Drive\Projects\PPMScope\Contributions\Paul Messer\DSOscope_A03\DSOscope_Rev_A03_20130306\FW\A03\DSOscopeA03_20130403.asm
                    MainB   0x00008c    program     static C:\Google Drive\Projects\PPMScope\Contributions\Paul Messer\DSOscope_A03\DSOscope_Rev_A03_20130306\FW\A03\DSOscopeA03_20130403.asm
               MainSelect   0x000017    program     static C:\Google Drive\Projects\PPMScope\Contributions\Paul Messer\DSOscope_A03\DSOscope_Rev_A03_20130306\FW\A03\DSOscopeA03_20130403.asm
               MainWTrigB   0x0000b8    program     static C:\Google Drive\Projects\PPMScope\Contributions\Paul Messer\DSOscope_A03\DSOscope_Rev_A03_20130306\FW\A03\DSOscopeA03_20130403.asm
             MainWTrigB_1   0x0000bb    program     static C:\Google Drive\Projects\PPMScope\Contributions\Paul Messer\DSOscope_A03\DSOscope_Rev_A03_20130306\FW\A03\DSOscopeA03_20130403.asm
             MainWaitTrig   0x000099    program     static C:\Google Drive\Projects\PPMScope\Contributions\Paul Messer\DSOscope_A03\DSOscope_Rev_A03_20130306\FW\A03\DSOscopeA03_20130403.asm
                  PutByte   0x00012a    program     static C:\Google Drive\Projects\PPMScope\Contributions\Paul Messer\DSOscope_A03\DSOscope_Rev_A03_20130306\FW\A03\DSOscopeA03_20130403.asm
            PutByteSerial   0x00012a    program     static C:\Google Drive\Projects\PPMScope\Contributions\Paul Messer\DSOscope_A03\DSOscope_Rev_A03_20130306\FW\A03\DSOscopeA03_20130403.asm
      RotateSampleMemLeft   0x000250    program     static C:\Google Drive\Projects\PPMScope\Contributions\Paul Messer\DSOscope_A03\DSOscope_Rev_A03_20130306\FW\A03\DSOscopeA03_20130403.asm
     RotateSampleMemRight   0x000275    program     static C:\Google Drive\Projects\PPMScope\Contributions\Paul Messer\DSOscope_A03\DSOscope_Rev_A03_20130306\FW\A03\DSOscopeA03_20130403.asm
                 Sample1M   0x000599    program     static C:\Google Drive\Projects\PPMScope\Contributions\Paul Messer\DSOscope_A03\DSOscope_Rev_A03_20130306\FW\A03\DSOscopeA03_20130403.asm
            Sample1MhzEnd   0x00099e    program     static C:\Google Drive\Projects\PPMScope\Contributions\Paul Messer\DSOscope_A03\DSOscope_Rev_A03_20130306\FW\A03\DSOscopeA03_20130403.asm
              Sample250kA   0x0004b3    program     static C:\Google Drive\Projects\PPMScope\Contributions\Paul Messer\DSOscope_A03\DSOscope_Rev_A03_20130306\FW\A03\DSOscopeA03_20130403.asm
              Sample250kB   0x0004ca    program     static C:\Google Drive\Projects\PPMScope\Contributions\Paul Messer\DSOscope_A03\DSOscope_Rev_A03_20130306\FW\A03\DSOscopeA03_20130403.asm
              Sample250kC   0x0004e1    program     static C:\Google Drive\Projects\PPMScope\Contributions\Paul Messer\DSOscope_A03\DSOscope_Rev_A03_20130306\FW\A03\DSOscopeA03_20130403.asm
              Sample250kD   0x0004f8    program     static C:\Google Drive\Projects\PPMScope\Contributions\Paul Messer\DSOscope_A03\DSOscope_Rev_A03_20130306\FW\A03\DSOscopeA03_20130403.asm
           Sample417k250k   0x0004a3    program     static C:\Google Drive\Projects\PPMScope\Contributions\Paul Messer\DSOscope_A03\DSOscope_Rev_A03_20130306\FW\A03\DSOscopeA03_20130403.asm
              Sample417kA   0x0004b4    program     static C:\Google Drive\Projects\PPMScope\Contributions\Paul Messer\DSOscope_A03\DSOscope_Rev_A03_20130306\FW\A03\DSOscopeA03_20130403.asm
              Sample417kB   0x0004cb    program     static C:\Google Drive\Projects\PPMScope\Contributions\Paul Messer\DSOscope_A03\DSOscope_Rev_A03_20130306\FW\A03\DSOscopeA03_20130403.asm
              Sample417kC   0x0004e2    program     static C:\Google Drive\Projects\PPMScope\Contributions\Paul Messer\DSOscope_A03\DSOscope_Rev_A03_20130306\FW\A03\DSOscopeA03_20130403.asm
              Sample417kD   0x0004f9    program     static C:\Google Drive\Projects\PPMScope\Contributions\Paul Messer\DSOscope_A03\DSOscope_Rev_A03_20130306\FW\A03\DSOscopeA03_20130403.asm
          Sample417kLoopA   0x0004ac    program     static C:\Google Drive\Projects\PPMScope\Contributions\Paul Messer\DSOscope_A03\DSOscope_Rev_A03_20130306\FW\A03\DSOscopeA03_20130403.asm
          Sample417kLoopB   0x0004c3    program     static C:\Google Drive\Projects\PPMScope\Contributions\Paul Messer\DSOscope_A03\DSOscope_Rev_A03_20130306\FW\A03\DSOscopeA03_20130403.asm
          Sample417kLoopC   0x0004da    program     static C:\Google Drive\Projects\PPMScope\Contributions\Paul Messer\DSOscope_A03\DSOscope_Rev_A03_20130306\FW\A03\DSOscopeA03_20130403.asm
          Sample417kLoopD   0x0004f1    program     static C:\Google Drive\Projects\PPMScope\Contributions\Paul Messer\DSOscope_A03\DSOscope_Rev_A03_20130306\FW\A03\DSOscopeA03_20130403.asm
               Sample625k   0x000460    program     static C:\Google Drive\Projects\PPMScope\Contributions\Paul Messer\DSOscope_A03\DSOscope_Rev_A03_20130306\FW\A03\DSOscopeA03_20130403.asm
          Sample625kLoopA   0x000466    program     static C:\Google Drive\Projects\PPMScope\Contributions\Paul Messer\DSOscope_A03\DSOscope_Rev_A03_20130306\FW\A03\DSOscopeA03_20130403.asm
          Sample625kLoopB   0x000476    program     static C:\Google Drive\Projects\PPMScope\Contributions\Paul Messer\DSOscope_A03\DSOscope_Rev_A03_20130306\FW\A03\DSOscopeA03_20130403.asm
          Sample625kLoopC   0x000486    program     static C:\Google Drive\Projects\PPMScope\Contributions\Paul Messer\DSOscope_A03\DSOscope_Rev_A03_20130306\FW\A03\DSOscopeA03_20130403.asm
          Sample625kLoopD   0x000496    program     static C:\Google Drive\Projects\PPMScope\Contributions\Paul Messer\DSOscope_A03\DSOscope_Rev_A03_20130306\FW\A03\DSOscopeA03_20130403.asm
               Sample833k   0x0010a0    program     static C:\Google Drive\Projects\PPMScope\Contributions\Paul Messer\DSOscope_A03\DSOscope_Rev_A03_20130306\FW\A03\DSOscopeA03_20130403.asm
            Sample833kEnd   0x0014a6    program     static C:\Google Drive\Projects\PPMScope\Contributions\Paul Messer\DSOscope_A03\DSOscope_Rev_A03_20130306\FW\A03\DSOscopeA03_20130403.asm
            SampleDelayed   0x000352    program     static C:\Google Drive\Projects\PPMScope\Contributions\Paul Messer\DSOscope_A03\DSOscope_Rev_A03_20130306\FW\A03\DSOscopeA03_20130403.asm
       SampleDelayedLoopA   0x00035d    program     static C:\Google Drive\Projects\PPMScope\Contributions\Paul Messer\DSOscope_A03\DSOscope_Rev_A03_20130306\FW\A03\DSOscopeA03_20130403.asm
       SampleDelayedLoopB   0x000377    program     static C:\Google Drive\Projects\PPMScope\Contributions\Paul Messer\DSOscope_A03\DSOscope_Rev_A03_20130306\FW\A03\DSOscopeA03_20130403.asm
       SampleDelayedLoopC   0x000391    program     static C:\Google Drive\Projects\PPMScope\Contributions\Paul Messer\DSOscope_A03\DSOscope_Rev_A03_20130306\FW\A03\DSOscopeA03_20130403.asm
       SampleDelayedLoopD   0x0003ab    program     static C:\Google Drive\Projects\PPMScope\Contributions\Paul Messer\DSOscope_A03\DSOscope_Rev_A03_20130306\FW\A03\DSOscopeA03_20130403.asm
            SampleIntDrvn   0x0001c7    program     static C:\Google Drive\Projects\PPMScope\Contributions\Paul Messer\DSOscope_A03\DSOscope_Rev_A03_20130306\FW\A03\DSOscopeA03_20130403.asm
              SampleRep2M   0x001ad6    program     static C:\Google Drive\Projects\PPMScope\Contributions\Paul Messer\DSOscope_A03\DSOscope_Rev_A03_20130306\FW\A03\DSOscopeA03_20130403.asm
        SampleRep2MPickEn   0x001ae3    program     static C:\Google Drive\Projects\PPMScope\Contributions\Paul Messer\DSOscope_A03\DSOscope_Rev_A03_20130306\FW\A03\DSOscopeA03_20130403.asm
        SampleRep2MPickSt   0x001ada    program     static C:\Google Drive\Projects\PPMScope\Contributions\Paul Messer\DSOscope_A03\DSOscope_Rev_A03_20130306\FW\A03\DSOscopeA03_20130403.asm
         SampleRep2MStep1   0x001ae3    program     static C:\Google Drive\Projects\PPMScope\Contributions\Paul Messer\DSOscope_A03\DSOscope_Rev_A03_20130306\FW\A03\DSOscopeA03_20130403.asm
         SampleRep2MStep2   0x001cea    program     static C:\Google Drive\Projects\PPMScope\Contributions\Paul Messer\DSOscope_A03\DSOscope_Rev_A03_20130306\FW\A03\DSOscopeA03_20130403.asm
         SampleRep2MStep3   0x001eeb    program     static C:\Google Drive\Projects\PPMScope\Contributions\Paul Messer\DSOscope_A03\DSOscope_Rev_A03_20130306\FW\A03\DSOscopeA03_20130403.asm
              SampleRep5M   0x0016a3    program     static C:\Google Drive\Projects\PPMScope\Contributions\Paul Messer\DSOscope_A03\DSOscope_Rev_A03_20130306\FW\A03\DSOscopeA03_20130403.asm
          SampleRep5MEndA   0x0017bb    program     static C:\Google Drive\Projects\PPMScope\Contributions\Paul Messer\DSOscope_A03\DSOscope_Rev_A03_20130306\FW\A03\DSOscopeA03_20130403.asm
          SampleRep5MEndB   0x0017c0    program     static C:\Google Drive\Projects\PPMScope\Contributions\Paul Messer\DSOscope_A03\DSOscope_Rev_A03_20130306\FW\A03\DSOscopeA03_20130403.asm
          SampleRep5MEndC   0x0017be    program     static C:\Google Drive\Projects\PPMScope\Contributions\Paul Messer\DSOscope_A03\DSOscope_Rev_A03_20130306\FW\A03\DSOscopeA03_20130403.asm
        SampleRep5MPickEn   0x0016b6    program     static C:\Google Drive\Projects\PPMScope\Contributions\Paul Messer\DSOscope_A03\DSOscope_Rev_A03_20130306\FW\A03\DSOscopeA03_20130403.asm
        SampleRep5MPickSt   0x0016a7    program     static C:\Google Drive\Projects\PPMScope\Contributions\Paul Messer\DSOscope_A03\DSOscope_Rev_A03_20130306\FW\A03\DSOscopeA03_20130403.asm
         SampleRep5MStep1   0x0016b6    program     static C:\Google Drive\Projects\PPMScope\Contributions\Paul Messer\DSOscope_A03\DSOscope_Rev_A03_20130306\FW\A03\DSOscopeA03_20130403.asm
         SampleRep5MStep2   0x0017c6    program     static C:\Google Drive\Projects\PPMScope\Contributions\Paul Messer\DSOscope_A03\DSOscope_Rev_A03_20130306\FW\A03\DSOscopeA03_20130403.asm
         SampleRep5MStep3   0x0018c9    program     static C:\Google Drive\Projects\PPMScope\Contributions\Paul Messer\DSOscope_A03\DSOscope_Rev_A03_20130306\FW\A03\DSOscopeA03_20130403.asm
         SampleRep5MStep4   0x0019cc    program     static C:\Google Drive\Projects\PPMScope\Contributions\Paul Messer\DSOscope_A03\DSOscope_Rev_A03_20130306\FW\A03\DSOscopeA03_20130403.asm
         SampleRep5MStep5   0x001ad0    program     static C:\Google Drive\Projects\PPMScope\Contributions\Paul Messer\DSOscope_A03\DSOscope_Rev_A03_20130306\FW\A03\DSOscopeA03_20130403.asm
         SampleXY250k192k   0x000506    program     static C:\Google Drive\Projects\PPMScope\Contributions\Paul Messer\DSOscope_A03\DSOscope_Rev_A03_20130306\FW\A03\DSOscopeA03_20130403.asm
           SampleXY250kLA   0x000515    program     static C:\Google Drive\Projects\PPMScope\Contributions\Paul Messer\DSOscope_A03\DSOscope_Rev_A03_20130306\FW\A03\DSOscopeA03_20130403.asm
           SampleXY250kLB   0x000539    program     static C:\Google Drive\Projects\PPMScope\Contributions\Paul Messer\DSOscope_A03\DSOscope_Rev_A03_20130306\FW\A03\DSOscopeA03_20130403.asm
           SampleXY250kLC   0x00055d    program     static C:\Google Drive\Projects\PPMScope\Contributions\Paul Messer\DSOscope_A03\DSOscope_Rev_A03_20130306\FW\A03\DSOscopeA03_20130403.asm
           SampleXY250kLD   0x000581    program     static C:\Google Drive\Projects\PPMScope\Contributions\Paul Messer\DSOscope_A03\DSOscope_Rev_A03_20130306\FW\A03\DSOscopeA03_20130403.asm
             SampleXY417k   0x000a9d    program     static C:\Google Drive\Projects\PPMScope\Contributions\Paul Messer\DSOscope_A03\DSOscope_Rev_A03_20130306\FW\A03\DSOscopeA03_20130403.asm
          SampleXYDelayed   0x0003bd    program     static C:\Google Drive\Projects\PPMScope\Contributions\Paul Messer\DSOscope_A03\DSOscope_Rev_A03_20130306\FW\A03\DSOscopeA03_20130403.asm
        SampleXYDelayedLA   0x0003cf    program     static C:\Google Drive\Projects\PPMScope\Contributions\Paul Messer\DSOscope_A03\DSOscope_Rev_A03_20130306\FW\A03\DSOscopeA03_20130403.asm
        SampleXYDelayedLB   0x0003f7    program     static C:\Google Drive\Projects\PPMScope\Contributions\Paul Messer\DSOscope_A03\DSOscope_Rev_A03_20130306\FW\A03\DSOscopeA03_20130403.asm
        SampleXYDelayedLC   0x00041f    program     static C:\Google Drive\Projects\PPMScope\Contributions\Paul Messer\DSOscope_A03\DSOscope_Rev_A03_20130306\FW\A03\DSOscopeA03_20130403.asm
        SampleXYDelayedLD   0x000447    program     static C:\Google Drive\Projects\PPMScope\Contributions\Paul Messer\DSOscope_A03\DSOscope_Rev_A03_20130306\FW\A03\DSOscopeA03_20130403.asm
        StSample417kLoopB   0x0004c8    program     static C:\Google Drive\Projects\PPMScope\Contributions\Paul Messer\DSOscope_A03\DSOscope_Rev_A03_20130306\FW\A03\DSOscopeA03_20130403.asm
        StSample417kLoopC   0x0004df    program     static C:\Google Drive\Projects\PPMScope\Contributions\Paul Messer\DSOscope_A03\DSOscope_Rev_A03_20130306\FW\A03\DSOscopeA03_20130403.asm
        StSample417kLoopD   0x0004f6    program     static C:\Google Drive\Projects\PPMScope\Contributions\Paul Messer\DSOscope_A03\DSOscope_Rev_A03_20130306\FW\A03\DSOscopeA03_20130403.asm
     StSampleDelayedLoopA   0x000362    program     static C:\Google Drive\Projects\PPMScope\Contributions\Paul Messer\DSOscope_A03\DSOscope_Rev_A03_20130306\FW\A03\DSOscopeA03_20130403.asm
                 WaitComm   0x0000c6    program     static C:\Google Drive\Projects\PPMScope\Contributions\Paul Messer\DSOscope_A03\DSOscope_Rev_A03_20130306\FW\A03\DSOscopeA03_20130403.asm
           WaitComm_Break   0x000111    program     static C:\Google Drive\Projects\PPMScope\Contributions\Paul Messer\DSOscope_A03\DSOscope_Rev_A03_20130306\FW\A03\DSOscopeA03_20130403.asm
            WaitComm_Conf   0x0000fa    program     static C:\Google Drive\Projects\PPMScope\Contributions\Paul Messer\DSOscope_A03\DSOscope_Rev_A03_20130306\FW\A03\DSOscopeA03_20130403.asm
            WaitComm_Data   0x0000c7    program     static C:\Google Drive\Projects\PPMScope\Contributions\Paul Messer\DSOscope_A03\DSOscope_Rev_A03_20130306\FW\A03\DSOscopeA03_20130403.asm
             WaitComm_Rec   0x000103    program     static C:\Google Drive\Projects\PPMScope\Contributions\Paul Messer\DSOscope_A03\DSOscope_Rev_A03_20130306\FW\A03\DSOscopeA03_20130403.asm
       WaitComm_SendDataA   0x0000d3    program     static C:\Google Drive\Projects\PPMScope\Contributions\Paul Messer\DSOscope_A03\DSOscope_Rev_A03_20130306\FW\A03\DSOscopeA03_20130403.asm
       WaitComm_SendDataB   0x0000dd    program     static C:\Google Drive\Projects\PPMScope\Contributions\Paul Messer\DSOscope_A03\DSOscope_Rev_A03_20130306\FW\A03\DSOscopeA03_20130403.asm
       WaitComm_SendDataC   0x0000e7    program     static C:\Google Drive\Projects\PPMScope\Contributions\Paul Messer\DSOscope_A03\DSOscope_Rev_A03_20130306\FW\A03\DSOscopeA03_20130403.asm
       WaitComm_SendDataD   0x0000f1    program     static C:\Google Drive\Projects\PPMScope\Contributions\Paul Messer\DSOscope_A03\DSOscope_Rev_A03_20130306\FW\A03\DSOscopeA03_20130403.asm
    WaitComm_SendDataExit   0x0000f7    program     static C:\Google Drive\Projects\PPMScope\Contributions\Paul Messer\DSOscope_A03\DSOscope_Rev_A03_20130306\FW\A03\DSOscopeA03_20130403.asm
                     ih_1   0x00000e    program     static C:\Google Drive\Projects\PPMScope\Contributions\Paul Messer\DSOscope_A03\DSOscope_Rev_A03_20130306\FW\A03\DSOscopeA03_20130403.asm
                     ih_2   0x00004f    program     static C:\Google Drive\Projects\PPMScope\Contributions\Paul Messer\DSOscope_A03\DSOscope_Rev_A03_20130306\FW\A03\DSOscopeA03_20130403.asm
                     ih_3   0x000058    program     static C:\Google Drive\Projects\PPMScope\Contributions\Paul Messer\DSOscope_A03\DSOscope_Rev_A03_20130306\FW\A03\DSOscopeA03_20130403.asm
                    ih_pt   0x000048    program     static C:\Google Drive\Projects\PPMScope\Contributions\Paul Messer\DSOscope_A03\DSOscope_Rev_A03_20130306\FW\A03\DSOscopeA03_20130403.asm
                 irqst1_1   0x000181    program     static C:\Google Drive\Projects\PPMScope\Contributions\Paul Messer\DSOscope_A03\DSOscope_Rev_A03_20130306\FW\A03\DSOscopeA03_20130403.asm
                 irqst1_2   0x000183    program     static C:\Google Drive\Projects\PPMScope\Contributions\Paul Messer\DSOscope_A03\DSOscope_Rev_A03_20130306\FW\A03\DSOscopeA03_20130403.asm
                 irqst1_3   0x00018b    program     static C:\Google Drive\Projects\PPMScope\Contributions\Paul Messer\DSOscope_A03\DSOscope_Rev_A03_20130306\FW\A03\DSOscopeA03_20130403.asm
               irqst1_3_1   0x0001ba    program     static C:\Google Drive\Projects\PPMScope\Contributions\Paul Messer\DSOscope_A03\DSOscope_Rev_A03_20130306\FW\A03\DSOscopeA03_20130403.asm
               irqst1_3_2   0x0001bb    program     static C:\Google Drive\Projects\PPMScope\Contributions\Paul Messer\DSOscope_A03\DSOscope_Rev_A03_20130306\FW\A03\DSOscopeA03_20130403.asm
               irqst1_3_a   0x00019d    program     static C:\Google Drive\Projects\PPMScope\Contributions\Paul Messer\DSOscope_A03\DSOscope_Rev_A03_20130306\FW\A03\DSOscopeA03_20130403.asm
                 irqst1_4   0x0001bc    program     static C:\Google Drive\Projects\PPMScope\Contributions\Paul Messer\DSOscope_A03\DSOscope_Rev_A03_20130306\FW\A03\DSOscopeA03_20130403.asm
                 irqst1_5   0x0001c2    program     static C:\Google Drive\Projects\PPMScope\Contributions\Paul Messer\DSOscope_A03\DSOscope_Rev_A03_20130306\FW\A03\DSOscopeA03_20130403.asm
                   rsmL_1   0x000254    program     static C:\Google Drive\Projects\PPMScope\Contributions\Paul Messer\DSOscope_A03\DSOscope_Rev_A03_20130306\FW\A03\DSOscopeA03_20130403.asm
                   rsmR_1   0x000279    program     static C:\Google Drive\Projects\PPMScope\Contributions\Paul Messer\DSOscope_A03\DSOscope_Rev_A03_20130306\FW\A03\DSOscopeA03_20130403.asm
                 rsm_exit   0x000299    program     static C:\Google Drive\Projects\PPMScope\Contributions\Paul Messer\DSOscope_A03\DSOscope_Rev_A03_20130306\FW\A03\DSOscopeA03_20130403.asm
         rsm_slide_higher   0x0002a7    program     static C:\Google Drive\Projects\PPMScope\Contributions\Paul Messer\DSOscope_A03\DSOscope_Rev_A03_20130306\FW\A03\DSOscopeA03_20130403.asm
          rsm_slide_lower   0x00029c    program     static C:\Google Drive\Projects\PPMScope\Contributions\Paul Messer\DSOscope_A03\DSOscope_Rev_A03_20130306\FW\A03\DSOscopeA03_20130403.asm
                 sid_Exit   0x000245    program     static C:\Google Drive\Projects\PPMScope\Contributions\Paul Messer\DSOscope_A03\DSOscope_Rev_A03_20130306\FW\A03\DSOscopeA03_20130403.asm
              sid_GetByte   0x0001de    program     static C:\Google Drive\Projects\PPMScope\Contributions\Paul Messer\DSOscope_A03\DSOscope_Rev_A03_20130306\FW\A03\DSOscopeA03_20130403.asm
             sid_GetByteB   0x0001e6    program     static C:\Google Drive\Projects\PPMScope\Contributions\Paul Messer\DSOscope_A03\DSOscope_Rev_A03_20130306\FW\A03\DSOscopeA03_20130403.asm
             sid_GetByteC   0x0001ea    program     static C:\Google Drive\Projects\PPMScope\Contributions\Paul Messer\DSOscope_A03\DSOscope_Rev_A03_20130306\FW\A03\DSOscopeA03_20130403.asm
             sid_GetByteD   0x0001ee    program     static C:\Google Drive\Projects\PPMScope\Contributions\Paul Messer\DSOscope_A03\DSOscope_Rev_A03_20130306\FW\A03\DSOscopeA03_20130403.asm
             sid_GetByteE   0x0001f2    program     static C:\Google Drive\Projects\PPMScope\Contributions\Paul Messer\DSOscope_A03\DSOscope_Rev_A03_20130306\FW\A03\DSOscopeA03_20130403.asm
       sid_WaitComm_Break   0x00023d    program     static C:\Google Drive\Projects\PPMScope\Contributions\Paul Messer\DSOscope_A03\DSOscope_Rev_A03_20130306\FW\A03\DSOscopeA03_20130403.asm
        sid_WaitComm_Conf   0x00022b    program     static C:\Google Drive\Projects\PPMScope\Contributions\Paul Messer\DSOscope_A03\DSOscope_Rev_A03_20130306\FW\A03\DSOscopeA03_20130403.asm
        sid_WaitComm_Data   0x0001f8    program     static C:\Google Drive\Projects\PPMScope\Contributions\Paul Messer\DSOscope_A03\DSOscope_Rev_A03_20130306\FW\A03\DSOscopeA03_20130403.asm
         sid_WaitComm_Rec   0x000234    program     static C:\Google Drive\Projects\PPMScope\Contributions\Paul Messer\DSOscope_A03\DSOscope_Rev_A03_20130306\FW\A03\DSOscopeA03_20130403.asm
   sid_WaitComm_SendDataA   0x000204    program     static C:\Google Drive\Projects\PPMScope\Contributions\Paul Messer\DSOscope_A03\DSOscope_Rev_A03_20130306\FW\A03\DSOscopeA03_20130403.asm
   sid_WaitComm_SendDataB   0x00020e    program     static C:\Google Drive\Projects\PPMScope\Contributions\Paul Messer\DSOscope_A03\DSOscope_Rev_A03_20130306\FW\A03\DSOscopeA03_20130403.asm
   sid_WaitComm_SendDataC   0x000218    program     static C:\Google Drive\Projects\PPMScope\Contributions\Paul Messer\DSOscope_A03\DSOscope_Rev_A03_20130306\FW\A03\DSOscopeA03_20130403.asm
   sid_WaitComm_SendDataD   0x000222    program     static C:\Google Drive\Projects\PPMScope\Contributions\Paul Messer\DSOscope_A03\DSOscope_Rev_A03_20130306\FW\A03\DSOscopeA03_20130403.asm
sid_WaitComm_SendDataExit   0x000228    program     static C:\Google Drive\Projects\PPMScope\Contributions\Paul Messer\DSOscope_A03\DSOscope_Rev_A03_20130306\FW\A03\DSOscopeA03_20130403.asm



                              Symbols - Sorted by Address
                     Name    Address   Location    Storage File                     
                ---------  ---------  ---------  --------- ---------                
               IntHandler   0x000004    program     static C:\Google Drive\Projects\PPMScope\Contributions\Paul Messer\DSOscope_A03\DSOscope_Rev_A03_20130306\FW\A03\DSOscopeA03_20130403.asm
                     ih_1   0x00000e    program     static C:\Google Drive\Projects\PPMScope\Contributions\Paul Messer\DSOscope_A03\DSOscope_Rev_A03_20130306\FW\A03\DSOscopeA03_20130403.asm
               MainSelect   0x000017    program     static C:\Google Drive\Projects\PPMScope\Contributions\Paul Messer\DSOscope_A03\DSOscope_Rev_A03_20130306\FW\A03\DSOscopeA03_20130403.asm
                    ih_pt   0x000048    program     static C:\Google Drive\Projects\PPMScope\Contributions\Paul Messer\DSOscope_A03\DSOscope_Rev_A03_20130306\FW\A03\DSOscopeA03_20130403.asm
                     ih_2   0x00004f    program     static C:\Google Drive\Projects\PPMScope\Contributions\Paul Messer\DSOscope_A03\DSOscope_Rev_A03_20130306\FW\A03\DSOscopeA03_20130403.asm
                     ih_3   0x000058    program     static C:\Google Drive\Projects\PPMScope\Contributions\Paul Messer\DSOscope_A03\DSOscope_Rev_A03_20130306\FW\A03\DSOscopeA03_20130403.asm
                  Initial   0x00005d    program     static C:\Google Drive\Projects\PPMScope\Contributions\Paul Messer\DSOscope_A03\DSOscope_Rev_A03_20130306\FW\A03\DSOscopeA03_20130403.asm
                     Main   0x000089    program     static C:\Google Drive\Projects\PPMScope\Contributions\Paul Messer\DSOscope_A03\DSOscope_Rev_A03_20130306\FW\A03\DSOscopeA03_20130403.asm
                    MainB   0x00008c    program     static C:\Google Drive\Projects\PPMScope\Contributions\Paul Messer\DSOscope_A03\DSOscope_Rev_A03_20130306\FW\A03\DSOscopeA03_20130403.asm
             MainWaitTrig   0x000099    program     static C:\Google Drive\Projects\PPMScope\Contributions\Paul Messer\DSOscope_A03\DSOscope_Rev_A03_20130306\FW\A03\DSOscopeA03_20130403.asm
               MainWTrigB   0x0000b8    program     static C:\Google Drive\Projects\PPMScope\Contributions\Paul Messer\DSOscope_A03\DSOscope_Rev_A03_20130306\FW\A03\DSOscopeA03_20130403.asm
             MainWTrigB_1   0x0000bb    program     static C:\Google Drive\Projects\PPMScope\Contributions\Paul Messer\DSOscope_A03\DSOscope_Rev_A03_20130306\FW\A03\DSOscopeA03_20130403.asm
                 WaitComm   0x0000c6    program     static C:\Google Drive\Projects\PPMScope\Contributions\Paul Messer\DSOscope_A03\DSOscope_Rev_A03_20130306\FW\A03\DSOscopeA03_20130403.asm
            WaitComm_Data   0x0000c7    program     static C:\Google Drive\Projects\PPMScope\Contributions\Paul Messer\DSOscope_A03\DSOscope_Rev_A03_20130306\FW\A03\DSOscopeA03_20130403.asm
       WaitComm_SendDataA   0x0000d3    program     static C:\Google Drive\Projects\PPMScope\Contributions\Paul Messer\DSOscope_A03\DSOscope_Rev_A03_20130306\FW\A03\DSOscopeA03_20130403.asm
       WaitComm_SendDataB   0x0000dd    program     static C:\Google Drive\Projects\PPMScope\Contributions\Paul Messer\DSOscope_A03\DSOscope_Rev_A03_20130306\FW\A03\DSOscopeA03_20130403.asm
       WaitComm_SendDataC   0x0000e7    program     static C:\Google Drive\Projects\PPMScope\Contributions\Paul Messer\DSOscope_A03\DSOscope_Rev_A03_20130306\FW\A03\DSOscopeA03_20130403.asm
       WaitComm_SendDataD   0x0000f1    program     static C:\Google Drive\Projects\PPMScope\Contributions\Paul Messer\DSOscope_A03\DSOscope_Rev_A03_20130306\FW\A03\DSOscopeA03_20130403.asm
    WaitComm_SendDataExit   0x0000f7    program     static C:\Google Drive\Projects\PPMScope\Contributions\Paul Messer\DSOscope_A03\DSOscope_Rev_A03_20130306\FW\A03\DSOscopeA03_20130403.asm
            WaitComm_Conf   0x0000fa    program     static C:\Google Drive\Projects\PPMScope\Contributions\Paul Messer\DSOscope_A03\DSOscope_Rev_A03_20130306\FW\A03\DSOscopeA03_20130403.asm
             WaitComm_Rec   0x000103    program     static C:\Google Drive\Projects\PPMScope\Contributions\Paul Messer\DSOscope_A03\DSOscope_Rev_A03_20130306\FW\A03\DSOscopeA03_20130403.asm
           WaitComm_Break   0x000111    program     static C:\Google Drive\Projects\PPMScope\Contributions\Paul Messer\DSOscope_A03\DSOscope_Rev_A03_20130306\FW\A03\DSOscopeA03_20130403.asm
                  GetByte   0x000119    program     static C:\Google Drive\Projects\PPMScope\Contributions\Paul Messer\DSOscope_A03\DSOscope_Rev_A03_20130306\FW\A03\DSOscopeA03_20130403.asm
                 GetByteB   0x00011b    program     static C:\Google Drive\Projects\PPMScope\Contributions\Paul Messer\DSOscope_A03\DSOscope_Rev_A03_20130306\FW\A03\DSOscopeA03_20130403.asm
                 GetByteC   0x00011f    program     static C:\Google Drive\Projects\PPMScope\Contributions\Paul Messer\DSOscope_A03\DSOscope_Rev_A03_20130306\FW\A03\DSOscopeA03_20130403.asm
                 GetByteD   0x000123    program     static C:\Google Drive\Projects\PPMScope\Contributions\Paul Messer\DSOscope_A03\DSOscope_Rev_A03_20130306\FW\A03\DSOscopeA03_20130403.asm
                 GetByteE   0x000127    program     static C:\Google Drive\Projects\PPMScope\Contributions\Paul Messer\DSOscope_A03\DSOscope_Rev_A03_20130306\FW\A03\DSOscopeA03_20130403.asm
                  PutByte   0x00012a    program     static C:\Google Drive\Projects\PPMScope\Contributions\Paul Messer\DSOscope_A03\DSOscope_Rev_A03_20130306\FW\A03\DSOscopeA03_20130403.asm
            PutByteSerial   0x00012a    program     static C:\Google Drive\Projects\PPMScope\Contributions\Paul Messer\DSOscope_A03\DSOscope_Rev_A03_20130306\FW\A03\DSOscopeA03_20130403.asm
                    Delay   0x00012f    program     static C:\Google Drive\Projects\PPMScope\Contributions\Paul Messer\DSOscope_A03\DSOscope_Rev_A03_20130306\FW\A03\DSOscopeA03_20130403.asm
                DelayLoop   0x000130    program     static C:\Google Drive\Projects\PPMScope\Contributions\Paul Messer\DSOscope_A03\DSOscope_Rev_A03_20130306\FW\A03\DSOscopeA03_20130403.asm
              ADCShutdown   0x00013a    program     static C:\Google Drive\Projects\PPMScope\Contributions\Paul Messer\DSOscope_A03\DSOscope_Rev_A03_20130306\FW\A03\DSOscopeA03_20130403.asm
         IrqServiceTimer1   0x00013f    program     static C:\Google Drive\Projects\PPMScope\Contributions\Paul Messer\DSOscope_A03\DSOscope_Rev_A03_20130306\FW\A03\DSOscopeA03_20130403.asm
                 irqst1_1   0x000181    program     static C:\Google Drive\Projects\PPMScope\Contributions\Paul Messer\DSOscope_A03\DSOscope_Rev_A03_20130306\FW\A03\DSOscopeA03_20130403.asm
                 irqst1_2   0x000183    program     static C:\Google Drive\Projects\PPMScope\Contributions\Paul Messer\DSOscope_A03\DSOscope_Rev_A03_20130306\FW\A03\DSOscopeA03_20130403.asm
                 irqst1_3   0x00018b    program     static C:\Google Drive\Projects\PPMScope\Contributions\Paul Messer\DSOscope_A03\DSOscope_Rev_A03_20130306\FW\A03\DSOscopeA03_20130403.asm
               irqst1_3_a   0x00019d    program     static C:\Google Drive\Projects\PPMScope\Contributions\Paul Messer\DSOscope_A03\DSOscope_Rev_A03_20130306\FW\A03\DSOscopeA03_20130403.asm
               irqst1_3_1   0x0001ba    program     static C:\Google Drive\Projects\PPMScope\Contributions\Paul Messer\DSOscope_A03\DSOscope_Rev_A03_20130306\FW\A03\DSOscopeA03_20130403.asm
               irqst1_3_2   0x0001bb    program     static C:\Google Drive\Projects\PPMScope\Contributions\Paul Messer\DSOscope_A03\DSOscope_Rev_A03_20130306\FW\A03\DSOscopeA03_20130403.asm
                 irqst1_4   0x0001bc    program     static C:\Google Drive\Projects\PPMScope\Contributions\Paul Messer\DSOscope_A03\DSOscope_Rev_A03_20130306\FW\A03\DSOscopeA03_20130403.asm
                 irqst1_5   0x0001c2    program     static C:\Google Drive\Projects\PPMScope\Contributions\Paul Messer\DSOscope_A03\DSOscope_Rev_A03_20130306\FW\A03\DSOscopeA03_20130403.asm
            SampleIntDrvn   0x0001c7    program     static C:\Google Drive\Projects\PPMScope\Contributions\Paul Messer\DSOscope_A03\DSOscope_Rev_A03_20130306\FW\A03\DSOscopeA03_20130403.asm
              sid_GetByte   0x0001de    program     static C:\Google Drive\Projects\PPMScope\Contributions\Paul Messer\DSOscope_A03\DSOscope_Rev_A03_20130306\FW\A03\DSOscopeA03_20130403.asm
             sid_GetByteB   0x0001e6    program     static C:\Google Drive\Projects\PPMScope\Contributions\Paul Messer\DSOscope_A03\DSOscope_Rev_A03_20130306\FW\A03\DSOscopeA03_20130403.asm
             sid_GetByteC   0x0001ea    program     static C:\Google Drive\Projects\PPMScope\Contributions\Paul Messer\DSOscope_A03\DSOscope_Rev_A03_20130306\FW\A03\DSOscopeA03_20130403.asm
             sid_GetByteD   0x0001ee    program     static C:\Google Drive\Projects\PPMScope\Contributions\Paul Messer\DSOscope_A03\DSOscope_Rev_A03_20130306\FW\A03\DSOscopeA03_20130403.asm
             sid_GetByteE   0x0001f2    program     static C:\Google Drive\Projects\PPMScope\Contributions\Paul Messer\DSOscope_A03\DSOscope_Rev_A03_20130306\FW\A03\DSOscopeA03_20130403.asm
        sid_WaitComm_Data   0x0001f8    program     static C:\Google Drive\Projects\PPMScope\Contributions\Paul Messer\DSOscope_A03\DSOscope_Rev_A03_20130306\FW\A03\DSOscopeA03_20130403.asm
   sid_WaitComm_SendDataA   0x000204    program     static C:\Google Drive\Projects\PPMScope\Contributions\Paul Messer\DSOscope_A03\DSOscope_Rev_A03_20130306\FW\A03\DSOscopeA03_20130403.asm
   sid_WaitComm_SendDataB   0x00020e    program     static C:\Google Drive\Projects\PPMScope\Contributions\Paul Messer\DSOscope_A03\DSOscope_Rev_A03_20130306\FW\A03\DSOscopeA03_20130403.asm
   sid_WaitComm_SendDataC   0x000218    program     static C:\Google Drive\Projects\PPMScope\Contributions\Paul Messer\DSOscope_A03\DSOscope_Rev_A03_20130306\FW\A03\DSOscopeA03_20130403.asm
   sid_WaitComm_SendDataD   0x000222    program     static C:\Google Drive\Projects\PPMScope\Contributions\Paul Messer\DSOscope_A03\DSOscope_Rev_A03_20130306\FW\A03\DSOscopeA03_20130403.asm
sid_WaitComm_SendDataExit   0x000228    program     static C:\Google Drive\Projects\PPMScope\Contributions\Paul Messer\DSOscope_A03\DSOscope_Rev_A03_20130306\FW\A03\DSOscopeA03_20130403.asm
        sid_WaitComm_Conf   0x00022b    program     static C:\Google Drive\Projects\PPMScope\Contributions\Paul Messer\DSOscope_A03\DSOscope_Rev_A03_20130306\FW\A03\DSOscopeA03_20130403.asm
         sid_WaitComm_Rec   0x000234    program     static C:\Google Drive\Projects\PPMScope\Contributions\Paul Messer\DSOscope_A03\DSOscope_Rev_A03_20130306\FW\A03\DSOscopeA03_20130403.asm
       sid_WaitComm_Break   0x00023d    program     static C:\Google Drive\Projects\PPMScope\Contributions\Paul Messer\DSOscope_A03\DSOscope_Rev_A03_20130306\FW\A03\DSOscopeA03_20130403.asm
                 sid_Exit   0x000245    program     static C:\Google Drive\Projects\PPMScope\Contributions\Paul Messer\DSOscope_A03\DSOscope_Rev_A03_20130306\FW\A03\DSOscopeA03_20130403.asm
      RotateSampleMemLeft   0x000250    program     static C:\Google Drive\Projects\PPMScope\Contributions\Paul Messer\DSOscope_A03\DSOscope_Rev_A03_20130306\FW\A03\DSOscopeA03_20130403.asm
                   rsmL_1   0x000254    program     static C:\Google Drive\Projects\PPMScope\Contributions\Paul Messer\DSOscope_A03\DSOscope_Rev_A03_20130306\FW\A03\DSOscopeA03_20130403.asm
     RotateSampleMemRight   0x000275    program     static C:\Google Drive\Projects\PPMScope\Contributions\Paul Messer\DSOscope_A03\DSOscope_Rev_A03_20130306\FW\A03\DSOscopeA03_20130403.asm
                   rsmR_1   0x000279    program     static C:\Google Drive\Projects\PPMScope\Contributions\Paul Messer\DSOscope_A03\DSOscope_Rev_A03_20130306\FW\A03\DSOscopeA03_20130403.asm
                 rsm_exit   0x000299    program     static C:\Google Drive\Projects\PPMScope\Contributions\Paul Messer\DSOscope_A03\DSOscope_Rev_A03_20130306\FW\A03\DSOscopeA03_20130403.asm
          rsm_slide_lower   0x00029c    program     static C:\Google Drive\Projects\PPMScope\Contributions\Paul Messer\DSOscope_A03\DSOscope_Rev_A03_20130306\FW\A03\DSOscopeA03_20130403.asm
         rsm_slide_higher   0x0002a7    program     static C:\Google Drive\Projects\PPMScope\Contributions\Paul Messer\DSOscope_A03\DSOscope_Rev_A03_20130306\FW\A03\DSOscopeA03_20130403.asm
              ConfReceive   0x0002b2    program     static C:\Google Drive\Projects\PPMScope\Contributions\Paul Messer\DSOscope_A03\DSOscope_Rev_A03_20130306\FW\A03\DSOscopeA03_20130403.asm
      ConfReceiveRateOnly   0x0002cf    program     static C:\Google Drive\Projects\PPMScope\Contributions\Paul Messer\DSOscope_A03\DSOscope_Rev_A03_20130306\FW\A03\DSOscopeA03_20130403.asm
                 ConfSend   0x0002de    program     static C:\Google Drive\Projects\PPMScope\Contributions\Paul Messer\DSOscope_A03\DSOscope_Rev_A03_20130306\FW\A03\DSOscopeA03_20130403.asm
          ChannelConfSend   0x0002ff    program     static C:\Google Drive\Projects\PPMScope\Contributions\Paul Messer\DSOscope_A03\DSOscope_Rev_A03_20130306\FW\A03\DSOscopeA03_20130403.asm
         ChannelConfStore   0x00030e    program     static C:\Google Drive\Projects\PPMScope\Contributions\Paul Messer\DSOscope_A03\DSOscope_Rev_A03_20130306\FW\A03\DSOscopeA03_20130403.asm
            SampleDelayed   0x000352    program     static C:\Google Drive\Projects\PPMScope\Contributions\Paul Messer\DSOscope_A03\DSOscope_Rev_A03_20130306\FW\A03\DSOscopeA03_20130403.asm
       SampleDelayedLoopA   0x00035d    program     static C:\Google Drive\Projects\PPMScope\Contributions\Paul Messer\DSOscope_A03\DSOscope_Rev_A03_20130306\FW\A03\DSOscopeA03_20130403.asm
     StSampleDelayedLoopA   0x000362    program     static C:\Google Drive\Projects\PPMScope\Contributions\Paul Messer\DSOscope_A03\DSOscope_Rev_A03_20130306\FW\A03\DSOscopeA03_20130403.asm
       SampleDelayedLoopB   0x000377    program     static C:\Google Drive\Projects\PPMScope\Contributions\Paul Messer\DSOscope_A03\DSOscope_Rev_A03_20130306\FW\A03\DSOscopeA03_20130403.asm
       SampleDelayedLoopC   0x000391    program     static C:\Google Drive\Projects\PPMScope\Contributions\Paul Messer\DSOscope_A03\DSOscope_Rev_A03_20130306\FW\A03\DSOscopeA03_20130403.asm
       SampleDelayedLoopD   0x0003ab    program     static C:\Google Drive\Projects\PPMScope\Contributions\Paul Messer\DSOscope_A03\DSOscope_Rev_A03_20130306\FW\A03\DSOscopeA03_20130403.asm
          SampleXYDelayed   0x0003bd    program     static C:\Google Drive\Projects\PPMScope\Contributions\Paul Messer\DSOscope_A03\DSOscope_Rev_A03_20130306\FW\A03\DSOscopeA03_20130403.asm
        SampleXYDelayedLA   0x0003cf    program     static C:\Google Drive\Projects\PPMScope\Contributions\Paul Messer\DSOscope_A03\DSOscope_Rev_A03_20130306\FW\A03\DSOscopeA03_20130403.asm
        SampleXYDelayedLB   0x0003f7    program     static C:\Google Drive\Projects\PPMScope\Contributions\Paul Messer\DSOscope_A03\DSOscope_Rev_A03_20130306\FW\A03\DSOscopeA03_20130403.asm
        SampleXYDelayedLC   0x00041f    program     static C:\Google Drive\Projects\PPMScope\Contributions\Paul Messer\DSOscope_A03\DSOscope_Rev_A03_20130306\FW\A03\DSOscopeA03_20130403.asm
        SampleXYDelayedLD   0x000447    program     static C:\Google Drive\Projects\PPMScope\Contributions\Paul Messer\DSOscope_A03\DSOscope_Rev_A03_20130306\FW\A03\DSOscopeA03_20130403.asm
               Sample625k   0x000460    program     static C:\Google Drive\Projects\PPMScope\Contributions\Paul Messer\DSOscope_A03\DSOscope_Rev_A03_20130306\FW\A03\DSOscopeA03_20130403.asm
          Sample625kLoopA   0x000466    program     static C:\Google Drive\Projects\PPMScope\Contributions\Paul Messer\DSOscope_A03\DSOscope_Rev_A03_20130306\FW\A03\DSOscopeA03_20130403.asm
          Sample625kLoopB   0x000476    program     static C:\Google Drive\Projects\PPMScope\Contributions\Paul Messer\DSOscope_A03\DSOscope_Rev_A03_20130306\FW\A03\DSOscopeA03_20130403.asm
          Sample625kLoopC   0x000486    program     static C:\Google Drive\Projects\PPMScope\Contributions\Paul Messer\DSOscope_A03\DSOscope_Rev_A03_20130306\FW\A03\DSOscopeA03_20130403.asm
          Sample625kLoopD   0x000496    program     static C:\Google Drive\Projects\PPMScope\Contributions\Paul Messer\DSOscope_A03\DSOscope_Rev_A03_20130306\FW\A03\DSOscopeA03_20130403.asm
           Sample417k250k   0x0004a3    program     static C:\Google Drive\Projects\PPMScope\Contributions\Paul Messer\DSOscope_A03\DSOscope_Rev_A03_20130306\FW\A03\DSOscopeA03_20130403.asm
          Sample417kLoopA   0x0004ac    program     static C:\Google Drive\Projects\PPMScope\Contributions\Paul Messer\DSOscope_A03\DSOscope_Rev_A03_20130306\FW\A03\DSOscopeA03_20130403.asm
              Sample250kA   0x0004b3    program     static C:\Google Drive\Projects\PPMScope\Contributions\Paul Messer\DSOscope_A03\DSOscope_Rev_A03_20130306\FW\A03\DSOscopeA03_20130403.asm
              Sample417kA   0x0004b4    program     static C:\Google Drive\Projects\PPMScope\Contributions\Paul Messer\DSOscope_A03\DSOscope_Rev_A03_20130306\FW\A03\DSOscopeA03_20130403.asm
          Sample417kLoopB   0x0004c3    program     static C:\Google Drive\Projects\PPMScope\Contributions\Paul Messer\DSOscope_A03\DSOscope_Rev_A03_20130306\FW\A03\DSOscopeA03_20130403.asm
        StSample417kLoopB   0x0004c8    program     static C:\Google Drive\Projects\PPMScope\Contributions\Paul Messer\DSOscope_A03\DSOscope_Rev_A03_20130306\FW\A03\DSOscopeA03_20130403.asm
              Sample250kB   0x0004ca    program     static C:\Google Drive\Projects\PPMScope\Contributions\Paul Messer\DSOscope_A03\DSOscope_Rev_A03_20130306\FW\A03\DSOscopeA03_20130403.asm
              Sample417kB   0x0004cb    program     static C:\Google Drive\Projects\PPMScope\Contributions\Paul Messer\DSOscope_A03\DSOscope_Rev_A03_20130306\FW\A03\DSOscopeA03_20130403.asm
          Sample417kLoopC   0x0004da    program     static C:\Google Drive\Projects\PPMScope\Contributions\Paul Messer\DSOscope_A03\DSOscope_Rev_A03_20130306\FW\A03\DSOscopeA03_20130403.asm
        StSample417kLoopC   0x0004df    program     static C:\Google Drive\Projects\PPMScope\Contributions\Paul Messer\DSOscope_A03\DSOscope_Rev_A03_20130306\FW\A03\DSOscopeA03_20130403.asm
              Sample250kC   0x0004e1    program     static C:\Google Drive\Projects\PPMScope\Contributions\Paul Messer\DSOscope_A03\DSOscope_Rev_A03_20130306\FW\A03\DSOscopeA03_20130403.asm
              Sample417kC   0x0004e2    program     static C:\Google Drive\Projects\PPMScope\Contributions\Paul Messer\DSOscope_A03\DSOscope_Rev_A03_20130306\FW\A03\DSOscopeA03_20130403.asm
          Sample417kLoopD   0x0004f1    program     static C:\Google Drive\Projects\PPMScope\Contributions\Paul Messer\DSOscope_A03\DSOscope_Rev_A03_20130306\FW\A03\DSOscopeA03_20130403.asm
        StSample417kLoopD   0x0004f6    program     static C:\Google Drive\Projects\PPMScope\Contributions\Paul Messer\DSOscope_A03\DSOscope_Rev_A03_20130306\FW\A03\DSOscopeA03_20130403.asm
              Sample250kD   0x0004f8    program     static C:\Google Drive\Projects\PPMScope\Contributions\Paul Messer\DSOscope_A03\DSOscope_Rev_A03_20130306\FW\A03\DSOscopeA03_20130403.asm
              Sample417kD   0x0004f9    program     static C:\Google Drive\Projects\PPMScope\Contributions\Paul Messer\DSOscope_A03\DSOscope_Rev_A03_20130306\FW\A03\DSOscopeA03_20130403.asm
               DelaySeven   0x000502    program     static C:\Google Drive\Projects\PPMScope\Contributions\Paul Messer\DSOscope_A03\DSOscope_Rev_A03_20130306\FW\A03\DSOscopeA03_20130403.asm
                DelayFive   0x000503    program     static C:\Google Drive\Projects\PPMScope\Contributions\Paul Messer\DSOscope_A03\DSOscope_Rev_A03_20130306\FW\A03\DSOscopeA03_20130403.asm
                 DelayTwo   0x000505    program     static C:\Google Drive\Projects\PPMScope\Contributions\Paul Messer\DSOscope_A03\DSOscope_Rev_A03_20130306\FW\A03\DSOscopeA03_20130403.asm
         SampleXY250k192k   0x000506    program     static C:\Google Drive\Projects\PPMScope\Contributions\Paul Messer\DSOscope_A03\DSOscope_Rev_A03_20130306\FW\A03\DSOscopeA03_20130403.asm
           SampleXY250kLA   0x000515    program     static C:\Google Drive\Projects\PPMScope\Contributions\Paul Messer\DSOscope_A03\DSOscope_Rev_A03_20130306\FW\A03\DSOscopeA03_20130403.asm
           SampleXY250kLB   0x000539    program     static C:\Google Drive\Projects\PPMScope\Contributions\Paul Messer\DSOscope_A03\DSOscope_Rev_A03_20130306\FW\A03\DSOscopeA03_20130403.asm
           SampleXY250kLC   0x00055d    program     static C:\Google Drive\Projects\PPMScope\Contributions\Paul Messer\DSOscope_A03\DSOscope_Rev_A03_20130306\FW\A03\DSOscopeA03_20130403.asm
           SampleXY250kLD   0x000581    program     static C:\Google Drive\Projects\PPMScope\Contributions\Paul Messer\DSOscope_A03\DSOscope_Rev_A03_20130306\FW\A03\DSOscopeA03_20130403.asm
                 Sample1M   0x000599    program     static C:\Google Drive\Projects\PPMScope\Contributions\Paul Messer\DSOscope_A03\DSOscope_Rev_A03_20130306\FW\A03\DSOscopeA03_20130403.asm
            Sample1MhzEnd   0x00099e    program     static C:\Google Drive\Projects\PPMScope\Contributions\Paul Messer\DSOscope_A03\DSOscope_Rev_A03_20130306\FW\A03\DSOscopeA03_20130403.asm
             SampleXY417k   0x000a9d    program     static C:\Google Drive\Projects\PPMScope\Contributions\Paul Messer\DSOscope_A03\DSOscope_Rev_A03_20130306\FW\A03\DSOscopeA03_20130403.asm
               Sample833k   0x0010a0    program     static C:\Google Drive\Projects\PPMScope\Contributions\Paul Messer\DSOscope_A03\DSOscope_Rev_A03_20130306\FW\A03\DSOscopeA03_20130403.asm
            Sample833kEnd   0x0014a6    program     static C:\Google Drive\Projects\PPMScope\Contributions\Paul Messer\DSOscope_A03\DSOscope_Rev_A03_20130306\FW\A03\DSOscopeA03_20130403.asm
              SampleRep5M   0x0016a3    program     static C:\Google Drive\Projects\PPMScope\Contributions\Paul Messer\DSOscope_A03\DSOscope_Rev_A03_20130306\FW\A03\DSOscopeA03_20130403.asm
        SampleRep5MPickSt   0x0016a7    program     static C:\Google Drive\Projects\PPMScope\Contributions\Paul Messer\DSOscope_A03\DSOscope_Rev_A03_20130306\FW\A03\DSOscopeA03_20130403.asm
         SampleRep5MStep1   0x0016b6    program     static C:\Google Drive\Projects\PPMScope\Contributions\Paul Messer\DSOscope_A03\DSOscope_Rev_A03_20130306\FW\A03\DSOscopeA03_20130403.asm
        SampleRep5MPickEn   0x0016b6    program     static C:\Google Drive\Projects\PPMScope\Contributions\Paul Messer\DSOscope_A03\DSOscope_Rev_A03_20130306\FW\A03\DSOscopeA03_20130403.asm
          SampleRep5MEndA   0x0017bb    program     static C:\Google Drive\Projects\PPMScope\Contributions\Paul Messer\DSOscope_A03\DSOscope_Rev_A03_20130306\FW\A03\DSOscopeA03_20130403.asm
          SampleRep5MEndC   0x0017be    program     static C:\Google Drive\Projects\PPMScope\Contributions\Paul Messer\DSOscope_A03\DSOscope_Rev_A03_20130306\FW\A03\DSOscopeA03_20130403.asm
          SampleRep5MEndB   0x0017c0    program     static C:\Google Drive\Projects\PPMScope\Contributions\Paul Messer\DSOscope_A03\DSOscope_Rev_A03_20130306\FW\A03\DSOscopeA03_20130403.asm
         SampleRep5MStep2   0x0017c6    program     static C:\Google Drive\Projects\PPMScope\Contributions\Paul Messer\DSOscope_A03\DSOscope_Rev_A03_20130306\FW\A03\DSOscopeA03_20130403.asm
         SampleRep5MStep3   0x0018c9    program     static C:\Google Drive\Projects\PPMScope\Contributions\Paul Messer\DSOscope_A03\DSOscope_Rev_A03_20130306\FW\A03\DSOscopeA03_20130403.asm
         SampleRep5MStep4   0x0019cc    program     static C:\Google Drive\Projects\PPMScope\Contributions\Paul Messer\DSOscope_A03\DSOscope_Rev_A03_20130306\FW\A03\DSOscopeA03_20130403.asm
         SampleRep5MStep5   0x001ad0    program     static C:\Google Drive\Projects\PPMScope\Contributions\Paul Messer\DSOscope_A03\DSOscope_Rev_A03_20130306\FW\A03\DSOscopeA03_20130403.asm
              SampleRep2M   0x001ad6    program     static C:\Google Drive\Projects\PPMScope\Contributions\Paul Messer\DSOscope_A03\DSOscope_Rev_A03_20130306\FW\A03\DSOscopeA03_20130403.asm
        SampleRep2MPickSt   0x001ada    program     static C:\Google Drive\Projects\PPMScope\Contributions\Paul Messer\DSOscope_A03\DSOscope_Rev_A03_20130306\FW\A03\DSOscopeA03_20130403.asm
         SampleRep2MStep1   0x001ae3    program     static C:\Google Drive\Projects\PPMScope\Contributions\Paul Messer\DSOscope_A03\DSOscope_Rev_A03_20130306\FW\A03\DSOscopeA03_20130403.asm
        SampleRep2MPickEn   0x001ae3    program     static C:\Google Drive\Projects\PPMScope\Contributions\Paul Messer\DSOscope_A03\DSOscope_Rev_A03_20130306\FW\A03\DSOscopeA03_20130403.asm
         SampleRep2MStep2   0x001cea    program     static C:\Google Drive\Projects\PPMScope\Contributions\Paul Messer\DSOscope_A03\DSOscope_Rev_A03_20130306\FW\A03\DSOscopeA03_20130403.asm
         SampleRep2MStep3   0x001eeb    program     static C:\Google Drive\Projects\PPMScope\Contributions\Paul Messer\DSOscope_A03\DSOscope_Rev_A03_20130306\FW\A03\DSOscopeA03_20130403.asm


