MPLINK 4.45, Linker
Linker Map File - Created Fri Nov 22 11:17:19 2013

                                 Section Info
                  Section       Type    Address   Location Size(Bytes)
                ---------  ---------  ---------  ---------  ---------
                   .org_0       code   0x000000    program   0x000000
                   .org_1       code   0x000000    program   0x000008
                   .org_2       code   0x000004    program   0x003de2
                  .idlocs       code   0x002000    program   0x000008
.config_2007_DSOSCOPEA03_20130501.O       code   0x002007    program   0x000002
.config_2008_DSOSCOPEA03_20130501.O       code   0x002008    program   0x000002



                              Program Memory Usage 
                               Start         End      
                           ---------   ---------      
                            0x000000    0x001ef4      
                            0x002000    0x002003      
                            0x002007    0x002008      
            7931 out of 8455 program addresses used, program memory utilization is 93%



                              Symbols - Sorted by Name
                     Name    Address   Location    Storage File                     
                ---------  ---------  ---------  --------- ---------                
              ADCShutdown   0x00013a    program     static C:\SkyDrive\Projects\PPMScope\Contributions\Paul Messer\DSOscope_A03\DSOscope_Rev_A03_20130501\FW\DSOscopeA03_20130501.asm
          ChannelConfSend   0x000303    program     static C:\SkyDrive\Projects\PPMScope\Contributions\Paul Messer\DSOscope_A03\DSOscope_Rev_A03_20130501\FW\DSOscopeA03_20130501.asm
         ChannelConfStore   0x000312    program     static C:\SkyDrive\Projects\PPMScope\Contributions\Paul Messer\DSOscope_A03\DSOscope_Rev_A03_20130501\FW\DSOscopeA03_20130501.asm
              ConfReceive   0x0002b6    program     static C:\SkyDrive\Projects\PPMScope\Contributions\Paul Messer\DSOscope_A03\DSOscope_Rev_A03_20130501\FW\DSOscopeA03_20130501.asm
      ConfReceiveRateOnly   0x0002d3    program     static C:\SkyDrive\Projects\PPMScope\Contributions\Paul Messer\DSOscope_A03\DSOscope_Rev_A03_20130501\FW\DSOscopeA03_20130501.asm
                 ConfSend   0x0002e2    program     static C:\SkyDrive\Projects\PPMScope\Contributions\Paul Messer\DSOscope_A03\DSOscope_Rev_A03_20130501\FW\DSOscopeA03_20130501.asm
                    Delay   0x00012f    program     static C:\SkyDrive\Projects\PPMScope\Contributions\Paul Messer\DSOscope_A03\DSOscope_Rev_A03_20130501\FW\DSOscopeA03_20130501.asm
                DelayFive   0x000507    program     static C:\SkyDrive\Projects\PPMScope\Contributions\Paul Messer\DSOscope_A03\DSOscope_Rev_A03_20130501\FW\DSOscopeA03_20130501.asm
                DelayLoop   0x000130    program     static C:\SkyDrive\Projects\PPMScope\Contributions\Paul Messer\DSOscope_A03\DSOscope_Rev_A03_20130501\FW\DSOscopeA03_20130501.asm
               DelaySeven   0x000506    program     static C:\SkyDrive\Projects\PPMScope\Contributions\Paul Messer\DSOscope_A03\DSOscope_Rev_A03_20130501\FW\DSOscopeA03_20130501.asm
                 DelayTwo   0x000509    program     static C:\SkyDrive\Projects\PPMScope\Contributions\Paul Messer\DSOscope_A03\DSOscope_Rev_A03_20130501\FW\DSOscopeA03_20130501.asm
                  GetByte   0x000119    program     static C:\SkyDrive\Projects\PPMScope\Contributions\Paul Messer\DSOscope_A03\DSOscope_Rev_A03_20130501\FW\DSOscopeA03_20130501.asm
                 GetByteB   0x00011b    program     static C:\SkyDrive\Projects\PPMScope\Contributions\Paul Messer\DSOscope_A03\DSOscope_Rev_A03_20130501\FW\DSOscopeA03_20130501.asm
                 GetByteC   0x00011f    program     static C:\SkyDrive\Projects\PPMScope\Contributions\Paul Messer\DSOscope_A03\DSOscope_Rev_A03_20130501\FW\DSOscopeA03_20130501.asm
                 GetByteD   0x000123    program     static C:\SkyDrive\Projects\PPMScope\Contributions\Paul Messer\DSOscope_A03\DSOscope_Rev_A03_20130501\FW\DSOscopeA03_20130501.asm
                 GetByteE   0x000127    program     static C:\SkyDrive\Projects\PPMScope\Contributions\Paul Messer\DSOscope_A03\DSOscope_Rev_A03_20130501\FW\DSOscopeA03_20130501.asm
                  Initial   0x00005d    program     static C:\SkyDrive\Projects\PPMScope\Contributions\Paul Messer\DSOscope_A03\DSOscope_Rev_A03_20130501\FW\DSOscopeA03_20130501.asm
               IntHandler   0x000004    program     static C:\SkyDrive\Projects\PPMScope\Contributions\Paul Messer\DSOscope_A03\DSOscope_Rev_A03_20130501\FW\DSOscopeA03_20130501.asm
         IrqServiceTimer1   0x00013f    program     static C:\SkyDrive\Projects\PPMScope\Contributions\Paul Messer\DSOscope_A03\DSOscope_Rev_A03_20130501\FW\DSOscopeA03_20130501.asm
                     Main   0x000089    program     static C:\SkyDrive\Projects\PPMScope\Contributions\Paul Messer\DSOscope_A03\DSOscope_Rev_A03_20130501\FW\DSOscopeA03_20130501.asm
                    MainB   0x00008c    program     static C:\SkyDrive\Projects\PPMScope\Contributions\Paul Messer\DSOscope_A03\DSOscope_Rev_A03_20130501\FW\DSOscopeA03_20130501.asm
               MainSelect   0x000017    program     static C:\SkyDrive\Projects\PPMScope\Contributions\Paul Messer\DSOscope_A03\DSOscope_Rev_A03_20130501\FW\DSOscopeA03_20130501.asm
               MainWTrigB   0x0000b8    program     static C:\SkyDrive\Projects\PPMScope\Contributions\Paul Messer\DSOscope_A03\DSOscope_Rev_A03_20130501\FW\DSOscopeA03_20130501.asm
             MainWTrigB_1   0x0000bb    program     static C:\SkyDrive\Projects\PPMScope\Contributions\Paul Messer\DSOscope_A03\DSOscope_Rev_A03_20130501\FW\DSOscopeA03_20130501.asm
             MainWaitTrig   0x000099    program     static C:\SkyDrive\Projects\PPMScope\Contributions\Paul Messer\DSOscope_A03\DSOscope_Rev_A03_20130501\FW\DSOscopeA03_20130501.asm
                  PutByte   0x00012a    program     static C:\SkyDrive\Projects\PPMScope\Contributions\Paul Messer\DSOscope_A03\DSOscope_Rev_A03_20130501\FW\DSOscopeA03_20130501.asm
            PutByteSerial   0x00012a    program     static C:\SkyDrive\Projects\PPMScope\Contributions\Paul Messer\DSOscope_A03\DSOscope_Rev_A03_20130501\FW\DSOscopeA03_20130501.asm
      RotateSampleMemLeft   0x000254    program     static C:\SkyDrive\Projects\PPMScope\Contributions\Paul Messer\DSOscope_A03\DSOscope_Rev_A03_20130501\FW\DSOscopeA03_20130501.asm
     RotateSampleMemRight   0x000279    program     static C:\SkyDrive\Projects\PPMScope\Contributions\Paul Messer\DSOscope_A03\DSOscope_Rev_A03_20130501\FW\DSOscopeA03_20130501.asm
                 Sample1M   0x00059d    program     static C:\SkyDrive\Projects\PPMScope\Contributions\Paul Messer\DSOscope_A03\DSOscope_Rev_A03_20130501\FW\DSOscopeA03_20130501.asm
            Sample1MhzEnd   0x0009a2    program     static C:\SkyDrive\Projects\PPMScope\Contributions\Paul Messer\DSOscope_A03\DSOscope_Rev_A03_20130501\FW\DSOscopeA03_20130501.asm
              Sample250kA   0x0004b7    program     static C:\SkyDrive\Projects\PPMScope\Contributions\Paul Messer\DSOscope_A03\DSOscope_Rev_A03_20130501\FW\DSOscopeA03_20130501.asm
              Sample250kB   0x0004ce    program     static C:\SkyDrive\Projects\PPMScope\Contributions\Paul Messer\DSOscope_A03\DSOscope_Rev_A03_20130501\FW\DSOscopeA03_20130501.asm
              Sample250kC   0x0004e5    program     static C:\SkyDrive\Projects\PPMScope\Contributions\Paul Messer\DSOscope_A03\DSOscope_Rev_A03_20130501\FW\DSOscopeA03_20130501.asm
              Sample250kD   0x0004fc    program     static C:\SkyDrive\Projects\PPMScope\Contributions\Paul Messer\DSOscope_A03\DSOscope_Rev_A03_20130501\FW\DSOscopeA03_20130501.asm
           Sample417k250k   0x0004a7    program     static C:\SkyDrive\Projects\PPMScope\Contributions\Paul Messer\DSOscope_A03\DSOscope_Rev_A03_20130501\FW\DSOscopeA03_20130501.asm
              Sample417kA   0x0004b8    program     static C:\SkyDrive\Projects\PPMScope\Contributions\Paul Messer\DSOscope_A03\DSOscope_Rev_A03_20130501\FW\DSOscopeA03_20130501.asm
              Sample417kB   0x0004cf    program     static C:\SkyDrive\Projects\PPMScope\Contributions\Paul Messer\DSOscope_A03\DSOscope_Rev_A03_20130501\FW\DSOscopeA03_20130501.asm
              Sample417kC   0x0004e6    program     static C:\SkyDrive\Projects\PPMScope\Contributions\Paul Messer\DSOscope_A03\DSOscope_Rev_A03_20130501\FW\DSOscopeA03_20130501.asm
              Sample417kD   0x0004fd    program     static C:\SkyDrive\Projects\PPMScope\Contributions\Paul Messer\DSOscope_A03\DSOscope_Rev_A03_20130501\FW\DSOscopeA03_20130501.asm
          Sample417kLoopA   0x0004b0    program     static C:\SkyDrive\Projects\PPMScope\Contributions\Paul Messer\DSOscope_A03\DSOscope_Rev_A03_20130501\FW\DSOscopeA03_20130501.asm
          Sample417kLoopB   0x0004c7    program     static C:\SkyDrive\Projects\PPMScope\Contributions\Paul Messer\DSOscope_A03\DSOscope_Rev_A03_20130501\FW\DSOscopeA03_20130501.asm
          Sample417kLoopC   0x0004de    program     static C:\SkyDrive\Projects\PPMScope\Contributions\Paul Messer\DSOscope_A03\DSOscope_Rev_A03_20130501\FW\DSOscopeA03_20130501.asm
          Sample417kLoopD   0x0004f5    program     static C:\SkyDrive\Projects\PPMScope\Contributions\Paul Messer\DSOscope_A03\DSOscope_Rev_A03_20130501\FW\DSOscopeA03_20130501.asm
               Sample625k   0x000464    program     static C:\SkyDrive\Projects\PPMScope\Contributions\Paul Messer\DSOscope_A03\DSOscope_Rev_A03_20130501\FW\DSOscopeA03_20130501.asm
          Sample625kLoopA   0x00046a    program     static C:\SkyDrive\Projects\PPMScope\Contributions\Paul Messer\DSOscope_A03\DSOscope_Rev_A03_20130501\FW\DSOscopeA03_20130501.asm
          Sample625kLoopB   0x00047a    program     static C:\SkyDrive\Projects\PPMScope\Contributions\Paul Messer\DSOscope_A03\DSOscope_Rev_A03_20130501\FW\DSOscopeA03_20130501.asm
          Sample625kLoopC   0x00048a    program     static C:\SkyDrive\Projects\PPMScope\Contributions\Paul Messer\DSOscope_A03\DSOscope_Rev_A03_20130501\FW\DSOscopeA03_20130501.asm
          Sample625kLoopD   0x00049a    program     static C:\SkyDrive\Projects\PPMScope\Contributions\Paul Messer\DSOscope_A03\DSOscope_Rev_A03_20130501\FW\DSOscopeA03_20130501.asm
               Sample833k   0x0010a4    program     static C:\SkyDrive\Projects\PPMScope\Contributions\Paul Messer\DSOscope_A03\DSOscope_Rev_A03_20130501\FW\DSOscopeA03_20130501.asm
            Sample833kEnd   0x0014aa    program     static C:\SkyDrive\Projects\PPMScope\Contributions\Paul Messer\DSOscope_A03\DSOscope_Rev_A03_20130501\FW\DSOscopeA03_20130501.asm
            SampleDelayed   0x000356    program     static C:\SkyDrive\Projects\PPMScope\Contributions\Paul Messer\DSOscope_A03\DSOscope_Rev_A03_20130501\FW\DSOscopeA03_20130501.asm
       SampleDelayedLoopA   0x000361    program     static C:\SkyDrive\Projects\PPMScope\Contributions\Paul Messer\DSOscope_A03\DSOscope_Rev_A03_20130501\FW\DSOscopeA03_20130501.asm
       SampleDelayedLoopB   0x00037b    program     static C:\SkyDrive\Projects\PPMScope\Contributions\Paul Messer\DSOscope_A03\DSOscope_Rev_A03_20130501\FW\DSOscopeA03_20130501.asm
       SampleDelayedLoopC   0x000395    program     static C:\SkyDrive\Projects\PPMScope\Contributions\Paul Messer\DSOscope_A03\DSOscope_Rev_A03_20130501\FW\DSOscopeA03_20130501.asm
       SampleDelayedLoopD   0x0003af    program     static C:\SkyDrive\Projects\PPMScope\Contributions\Paul Messer\DSOscope_A03\DSOscope_Rev_A03_20130501\FW\DSOscopeA03_20130501.asm
            SampleIntDrvn   0x0001cb    program     static C:\SkyDrive\Projects\PPMScope\Contributions\Paul Messer\DSOscope_A03\DSOscope_Rev_A03_20130501\FW\DSOscopeA03_20130501.asm
              SampleRep2M   0x001ada    program     static C:\SkyDrive\Projects\PPMScope\Contributions\Paul Messer\DSOscope_A03\DSOscope_Rev_A03_20130501\FW\DSOscopeA03_20130501.asm
        SampleRep2MPickEn   0x001ae7    program     static C:\SkyDrive\Projects\PPMScope\Contributions\Paul Messer\DSOscope_A03\DSOscope_Rev_A03_20130501\FW\DSOscopeA03_20130501.asm
        SampleRep2MPickSt   0x001ade    program     static C:\SkyDrive\Projects\PPMScope\Contributions\Paul Messer\DSOscope_A03\DSOscope_Rev_A03_20130501\FW\DSOscopeA03_20130501.asm
         SampleRep2MStep1   0x001ae7    program     static C:\SkyDrive\Projects\PPMScope\Contributions\Paul Messer\DSOscope_A03\DSOscope_Rev_A03_20130501\FW\DSOscopeA03_20130501.asm
         SampleRep2MStep2   0x001cee    program     static C:\SkyDrive\Projects\PPMScope\Contributions\Paul Messer\DSOscope_A03\DSOscope_Rev_A03_20130501\FW\DSOscopeA03_20130501.asm
         SampleRep2MStep3   0x001eef    program     static C:\SkyDrive\Projects\PPMScope\Contributions\Paul Messer\DSOscope_A03\DSOscope_Rev_A03_20130501\FW\DSOscopeA03_20130501.asm
              SampleRep5M   0x0016a7    program     static C:\SkyDrive\Projects\PPMScope\Contributions\Paul Messer\DSOscope_A03\DSOscope_Rev_A03_20130501\FW\DSOscopeA03_20130501.asm
          SampleRep5MEndA   0x0017bf    program     static C:\SkyDrive\Projects\PPMScope\Contributions\Paul Messer\DSOscope_A03\DSOscope_Rev_A03_20130501\FW\DSOscopeA03_20130501.asm
          SampleRep5MEndB   0x0017c4    program     static C:\SkyDrive\Projects\PPMScope\Contributions\Paul Messer\DSOscope_A03\DSOscope_Rev_A03_20130501\FW\DSOscopeA03_20130501.asm
          SampleRep5MEndC   0x0017c2    program     static C:\SkyDrive\Projects\PPMScope\Contributions\Paul Messer\DSOscope_A03\DSOscope_Rev_A03_20130501\FW\DSOscopeA03_20130501.asm
        SampleRep5MPickEn   0x0016ba    program     static C:\SkyDrive\Projects\PPMScope\Contributions\Paul Messer\DSOscope_A03\DSOscope_Rev_A03_20130501\FW\DSOscopeA03_20130501.asm
        SampleRep5MPickSt   0x0016ab    program     static C:\SkyDrive\Projects\PPMScope\Contributions\Paul Messer\DSOscope_A03\DSOscope_Rev_A03_20130501\FW\DSOscopeA03_20130501.asm
         SampleRep5MStep1   0x0016ba    program     static C:\SkyDrive\Projects\PPMScope\Contributions\Paul Messer\DSOscope_A03\DSOscope_Rev_A03_20130501\FW\DSOscopeA03_20130501.asm
         SampleRep5MStep2   0x0017ca    program     static C:\SkyDrive\Projects\PPMScope\Contributions\Paul Messer\DSOscope_A03\DSOscope_Rev_A03_20130501\FW\DSOscopeA03_20130501.asm
         SampleRep5MStep3   0x0018cd    program     static C:\SkyDrive\Projects\PPMScope\Contributions\Paul Messer\DSOscope_A03\DSOscope_Rev_A03_20130501\FW\DSOscopeA03_20130501.asm
         SampleRep5MStep4   0x0019d0    program     static C:\SkyDrive\Projects\PPMScope\Contributions\Paul Messer\DSOscope_A03\DSOscope_Rev_A03_20130501\FW\DSOscopeA03_20130501.asm
         SampleRep5MStep5   0x001ad4    program     static C:\SkyDrive\Projects\PPMScope\Contributions\Paul Messer\DSOscope_A03\DSOscope_Rev_A03_20130501\FW\DSOscopeA03_20130501.asm
         SampleXY250k192k   0x00050a    program     static C:\SkyDrive\Projects\PPMScope\Contributions\Paul Messer\DSOscope_A03\DSOscope_Rev_A03_20130501\FW\DSOscopeA03_20130501.asm
           SampleXY250kLA   0x000519    program     static C:\SkyDrive\Projects\PPMScope\Contributions\Paul Messer\DSOscope_A03\DSOscope_Rev_A03_20130501\FW\DSOscopeA03_20130501.asm
           SampleXY250kLB   0x00053d    program     static C:\SkyDrive\Projects\PPMScope\Contributions\Paul Messer\DSOscope_A03\DSOscope_Rev_A03_20130501\FW\DSOscopeA03_20130501.asm
           SampleXY250kLC   0x000561    program     static C:\SkyDrive\Projects\PPMScope\Contributions\Paul Messer\DSOscope_A03\DSOscope_Rev_A03_20130501\FW\DSOscopeA03_20130501.asm
           SampleXY250kLD   0x000585    program     static C:\SkyDrive\Projects\PPMScope\Contributions\Paul Messer\DSOscope_A03\DSOscope_Rev_A03_20130501\FW\DSOscopeA03_20130501.asm
             SampleXY417k   0x000aa1    program     static C:\SkyDrive\Projects\PPMScope\Contributions\Paul Messer\DSOscope_A03\DSOscope_Rev_A03_20130501\FW\DSOscopeA03_20130501.asm
          SampleXYDelayed   0x0003c1    program     static C:\SkyDrive\Projects\PPMScope\Contributions\Paul Messer\DSOscope_A03\DSOscope_Rev_A03_20130501\FW\DSOscopeA03_20130501.asm
        SampleXYDelayedLA   0x0003d3    program     static C:\SkyDrive\Projects\PPMScope\Contributions\Paul Messer\DSOscope_A03\DSOscope_Rev_A03_20130501\FW\DSOscopeA03_20130501.asm
        SampleXYDelayedLB   0x0003fb    program     static C:\SkyDrive\Projects\PPMScope\Contributions\Paul Messer\DSOscope_A03\DSOscope_Rev_A03_20130501\FW\DSOscopeA03_20130501.asm
        SampleXYDelayedLC   0x000423    program     static C:\SkyDrive\Projects\PPMScope\Contributions\Paul Messer\DSOscope_A03\DSOscope_Rev_A03_20130501\FW\DSOscopeA03_20130501.asm
        SampleXYDelayedLD   0x00044b    program     static C:\SkyDrive\Projects\PPMScope\Contributions\Paul Messer\DSOscope_A03\DSOscope_Rev_A03_20130501\FW\DSOscopeA03_20130501.asm
        StSample417kLoopB   0x0004cc    program     static C:\SkyDrive\Projects\PPMScope\Contributions\Paul Messer\DSOscope_A03\DSOscope_Rev_A03_20130501\FW\DSOscopeA03_20130501.asm
        StSample417kLoopC   0x0004e3    program     static C:\SkyDrive\Projects\PPMScope\Contributions\Paul Messer\DSOscope_A03\DSOscope_Rev_A03_20130501\FW\DSOscopeA03_20130501.asm
        StSample417kLoopD   0x0004fa    program     static C:\SkyDrive\Projects\PPMScope\Contributions\Paul Messer\DSOscope_A03\DSOscope_Rev_A03_20130501\FW\DSOscopeA03_20130501.asm
     StSampleDelayedLoopA   0x000366    program     static C:\SkyDrive\Projects\PPMScope\Contributions\Paul Messer\DSOscope_A03\DSOscope_Rev_A03_20130501\FW\DSOscopeA03_20130501.asm
                 WaitComm   0x0000c6    program     static C:\SkyDrive\Projects\PPMScope\Contributions\Paul Messer\DSOscope_A03\DSOscope_Rev_A03_20130501\FW\DSOscopeA03_20130501.asm
           WaitComm_Break   0x000111    program     static C:\SkyDrive\Projects\PPMScope\Contributions\Paul Messer\DSOscope_A03\DSOscope_Rev_A03_20130501\FW\DSOscopeA03_20130501.asm
            WaitComm_Conf   0x0000fa    program     static C:\SkyDrive\Projects\PPMScope\Contributions\Paul Messer\DSOscope_A03\DSOscope_Rev_A03_20130501\FW\DSOscopeA03_20130501.asm
            WaitComm_Data   0x0000c7    program     static C:\SkyDrive\Projects\PPMScope\Contributions\Paul Messer\DSOscope_A03\DSOscope_Rev_A03_20130501\FW\DSOscopeA03_20130501.asm
             WaitComm_Rec   0x000103    program     static C:\SkyDrive\Projects\PPMScope\Contributions\Paul Messer\DSOscope_A03\DSOscope_Rev_A03_20130501\FW\DSOscopeA03_20130501.asm
       WaitComm_SendDataA   0x0000d3    program     static C:\SkyDrive\Projects\PPMScope\Contributions\Paul Messer\DSOscope_A03\DSOscope_Rev_A03_20130501\FW\DSOscopeA03_20130501.asm
       WaitComm_SendDataB   0x0000dd    program     static C:\SkyDrive\Projects\PPMScope\Contributions\Paul Messer\DSOscope_A03\DSOscope_Rev_A03_20130501\FW\DSOscopeA03_20130501.asm
       WaitComm_SendDataC   0x0000e7    program     static C:\SkyDrive\Projects\PPMScope\Contributions\Paul Messer\DSOscope_A03\DSOscope_Rev_A03_20130501\FW\DSOscopeA03_20130501.asm
       WaitComm_SendDataD   0x0000f1    program     static C:\SkyDrive\Projects\PPMScope\Contributions\Paul Messer\DSOscope_A03\DSOscope_Rev_A03_20130501\FW\DSOscopeA03_20130501.asm
    WaitComm_SendDataExit   0x0000f7    program     static C:\SkyDrive\Projects\PPMScope\Contributions\Paul Messer\DSOscope_A03\DSOscope_Rev_A03_20130501\FW\DSOscopeA03_20130501.asm
                     ih_1   0x00000e    program     static C:\SkyDrive\Projects\PPMScope\Contributions\Paul Messer\DSOscope_A03\DSOscope_Rev_A03_20130501\FW\DSOscopeA03_20130501.asm
                     ih_2   0x00004f    program     static C:\SkyDrive\Projects\PPMScope\Contributions\Paul Messer\DSOscope_A03\DSOscope_Rev_A03_20130501\FW\DSOscopeA03_20130501.asm
                     ih_3   0x000058    program     static C:\SkyDrive\Projects\PPMScope\Contributions\Paul Messer\DSOscope_A03\DSOscope_Rev_A03_20130501\FW\DSOscopeA03_20130501.asm
                    ih_pt   0x000048    program     static C:\SkyDrive\Projects\PPMScope\Contributions\Paul Messer\DSOscope_A03\DSOscope_Rev_A03_20130501\FW\DSOscopeA03_20130501.asm
                 irqst1_0   0x000161    program     static C:\SkyDrive\Projects\PPMScope\Contributions\Paul Messer\DSOscope_A03\DSOscope_Rev_A03_20130501\FW\DSOscopeA03_20130501.asm
                 irqst1_1   0x000183    program     static C:\SkyDrive\Projects\PPMScope\Contributions\Paul Messer\DSOscope_A03\DSOscope_Rev_A03_20130501\FW\DSOscopeA03_20130501.asm
                 irqst1_2   0x000185    program     static C:\SkyDrive\Projects\PPMScope\Contributions\Paul Messer\DSOscope_A03\DSOscope_Rev_A03_20130501\FW\DSOscopeA03_20130501.asm
                 irqst1_3   0x00018d    program     static C:\SkyDrive\Projects\PPMScope\Contributions\Paul Messer\DSOscope_A03\DSOscope_Rev_A03_20130501\FW\DSOscopeA03_20130501.asm
               irqst1_3_1   0x0001be    program     static C:\SkyDrive\Projects\PPMScope\Contributions\Paul Messer\DSOscope_A03\DSOscope_Rev_A03_20130501\FW\DSOscopeA03_20130501.asm
               irqst1_3_2   0x0001bf    program     static C:\SkyDrive\Projects\PPMScope\Contributions\Paul Messer\DSOscope_A03\DSOscope_Rev_A03_20130501\FW\DSOscopeA03_20130501.asm
               irqst1_3_a   0x00019f    program     static C:\SkyDrive\Projects\PPMScope\Contributions\Paul Messer\DSOscope_A03\DSOscope_Rev_A03_20130501\FW\DSOscopeA03_20130501.asm
                 irqst1_4   0x0001c0    program     static C:\SkyDrive\Projects\PPMScope\Contributions\Paul Messer\DSOscope_A03\DSOscope_Rev_A03_20130501\FW\DSOscopeA03_20130501.asm
                 irqst1_5   0x0001c6    program     static C:\SkyDrive\Projects\PPMScope\Contributions\Paul Messer\DSOscope_A03\DSOscope_Rev_A03_20130501\FW\DSOscopeA03_20130501.asm
                   rsmL_1   0x000258    program     static C:\SkyDrive\Projects\PPMScope\Contributions\Paul Messer\DSOscope_A03\DSOscope_Rev_A03_20130501\FW\DSOscopeA03_20130501.asm
                   rsmR_1   0x00027d    program     static C:\SkyDrive\Projects\PPMScope\Contributions\Paul Messer\DSOscope_A03\DSOscope_Rev_A03_20130501\FW\DSOscopeA03_20130501.asm
                 rsm_exit   0x00029d    program     static C:\SkyDrive\Projects\PPMScope\Contributions\Paul Messer\DSOscope_A03\DSOscope_Rev_A03_20130501\FW\DSOscopeA03_20130501.asm
         rsm_slide_higher   0x0002ab    program     static C:\SkyDrive\Projects\PPMScope\Contributions\Paul Messer\DSOscope_A03\DSOscope_Rev_A03_20130501\FW\DSOscopeA03_20130501.asm
          rsm_slide_lower   0x0002a0    program     static C:\SkyDrive\Projects\PPMScope\Contributions\Paul Messer\DSOscope_A03\DSOscope_Rev_A03_20130501\FW\DSOscopeA03_20130501.asm
                 sid_Exit   0x000249    program     static C:\SkyDrive\Projects\PPMScope\Contributions\Paul Messer\DSOscope_A03\DSOscope_Rev_A03_20130501\FW\DSOscopeA03_20130501.asm
              sid_GetByte   0x0001e2    program     static C:\SkyDrive\Projects\PPMScope\Contributions\Paul Messer\DSOscope_A03\DSOscope_Rev_A03_20130501\FW\DSOscopeA03_20130501.asm
             sid_GetByteB   0x0001ea    program     static C:\SkyDrive\Projects\PPMScope\Contributions\Paul Messer\DSOscope_A03\DSOscope_Rev_A03_20130501\FW\DSOscopeA03_20130501.asm
             sid_GetByteC   0x0001ee    program     static C:\SkyDrive\Projects\PPMScope\Contributions\Paul Messer\DSOscope_A03\DSOscope_Rev_A03_20130501\FW\DSOscopeA03_20130501.asm
             sid_GetByteD   0x0001f2    program     static C:\SkyDrive\Projects\PPMScope\Contributions\Paul Messer\DSOscope_A03\DSOscope_Rev_A03_20130501\FW\DSOscopeA03_20130501.asm
             sid_GetByteE   0x0001f6    program     static C:\SkyDrive\Projects\PPMScope\Contributions\Paul Messer\DSOscope_A03\DSOscope_Rev_A03_20130501\FW\DSOscopeA03_20130501.asm
       sid_WaitComm_Break   0x000241    program     static C:\SkyDrive\Projects\PPMScope\Contributions\Paul Messer\DSOscope_A03\DSOscope_Rev_A03_20130501\FW\DSOscopeA03_20130501.asm
        sid_WaitComm_Conf   0x00022f    program     static C:\SkyDrive\Projects\PPMScope\Contributions\Paul Messer\DSOscope_A03\DSOscope_Rev_A03_20130501\FW\DSOscopeA03_20130501.asm
        sid_WaitComm_Data   0x0001fc    program     static C:\SkyDrive\Projects\PPMScope\Contributions\Paul Messer\DSOscope_A03\DSOscope_Rev_A03_20130501\FW\DSOscopeA03_20130501.asm
         sid_WaitComm_Rec   0x000238    program     static C:\SkyDrive\Projects\PPMScope\Contributions\Paul Messer\DSOscope_A03\DSOscope_Rev_A03_20130501\FW\DSOscopeA03_20130501.asm
   sid_WaitComm_SendDataA   0x000208    program     static C:\SkyDrive\Projects\PPMScope\Contributions\Paul Messer\DSOscope_A03\DSOscope_Rev_A03_20130501\FW\DSOscopeA03_20130501.asm
   sid_WaitComm_SendDataB   0x000212    program     static C:\SkyDrive\Projects\PPMScope\Contributions\Paul Messer\DSOscope_A03\DSOscope_Rev_A03_20130501\FW\DSOscopeA03_20130501.asm
   sid_WaitComm_SendDataC   0x00021c    program     static C:\SkyDrive\Projects\PPMScope\Contributions\Paul Messer\DSOscope_A03\DSOscope_Rev_A03_20130501\FW\DSOscopeA03_20130501.asm
   sid_WaitComm_SendDataD   0x000226    program     static C:\SkyDrive\Projects\PPMScope\Contributions\Paul Messer\DSOscope_A03\DSOscope_Rev_A03_20130501\FW\DSOscopeA03_20130501.asm
sid_WaitComm_SendDataExit   0x00022c    program     static C:\SkyDrive\Projects\PPMScope\Contributions\Paul Messer\DSOscope_A03\DSOscope_Rev_A03_20130501\FW\DSOscopeA03_20130501.asm



                              Symbols - Sorted by Address
                     Name    Address   Location    Storage File                     
                ---------  ---------  ---------  --------- ---------                
               IntHandler   0x000004    program     static C:\SkyDrive\Projects\PPMScope\Contributions\Paul Messer\DSOscope_A03\DSOscope_Rev_A03_20130501\FW\DSOscopeA03_20130501.asm
                     ih_1   0x00000e    program     static C:\SkyDrive\Projects\PPMScope\Contributions\Paul Messer\DSOscope_A03\DSOscope_Rev_A03_20130501\FW\DSOscopeA03_20130501.asm
               MainSelect   0x000017    program     static C:\SkyDrive\Projects\PPMScope\Contributions\Paul Messer\DSOscope_A03\DSOscope_Rev_A03_20130501\FW\DSOscopeA03_20130501.asm
                    ih_pt   0x000048    program     static C:\SkyDrive\Projects\PPMScope\Contributions\Paul Messer\DSOscope_A03\DSOscope_Rev_A03_20130501\FW\DSOscopeA03_20130501.asm
                     ih_2   0x00004f    program     static C:\SkyDrive\Projects\PPMScope\Contributions\Paul Messer\DSOscope_A03\DSOscope_Rev_A03_20130501\FW\DSOscopeA03_20130501.asm
                     ih_3   0x000058    program     static C:\SkyDrive\Projects\PPMScope\Contributions\Paul Messer\DSOscope_A03\DSOscope_Rev_A03_20130501\FW\DSOscopeA03_20130501.asm
                  Initial   0x00005d    program     static C:\SkyDrive\Projects\PPMScope\Contributions\Paul Messer\DSOscope_A03\DSOscope_Rev_A03_20130501\FW\DSOscopeA03_20130501.asm
                     Main   0x000089    program     static C:\SkyDrive\Projects\PPMScope\Contributions\Paul Messer\DSOscope_A03\DSOscope_Rev_A03_20130501\FW\DSOscopeA03_20130501.asm
                    MainB   0x00008c    program     static C:\SkyDrive\Projects\PPMScope\Contributions\Paul Messer\DSOscope_A03\DSOscope_Rev_A03_20130501\FW\DSOscopeA03_20130501.asm
             MainWaitTrig   0x000099    program     static C:\SkyDrive\Projects\PPMScope\Contributions\Paul Messer\DSOscope_A03\DSOscope_Rev_A03_20130501\FW\DSOscopeA03_20130501.asm
               MainWTrigB   0x0000b8    program     static C:\SkyDrive\Projects\PPMScope\Contributions\Paul Messer\DSOscope_A03\DSOscope_Rev_A03_20130501\FW\DSOscopeA03_20130501.asm
             MainWTrigB_1   0x0000bb    program     static C:\SkyDrive\Projects\PPMScope\Contributions\Paul Messer\DSOscope_A03\DSOscope_Rev_A03_20130501\FW\DSOscopeA03_20130501.asm
                 WaitComm   0x0000c6    program     static C:\SkyDrive\Projects\PPMScope\Contributions\Paul Messer\DSOscope_A03\DSOscope_Rev_A03_20130501\FW\DSOscopeA03_20130501.asm
            WaitComm_Data   0x0000c7    program     static C:\SkyDrive\Projects\PPMScope\Contributions\Paul Messer\DSOscope_A03\DSOscope_Rev_A03_20130501\FW\DSOscopeA03_20130501.asm
       WaitComm_SendDataA   0x0000d3    program     static C:\SkyDrive\Projects\PPMScope\Contributions\Paul Messer\DSOscope_A03\DSOscope_Rev_A03_20130501\FW\DSOscopeA03_20130501.asm
       WaitComm_SendDataB   0x0000dd    program     static C:\SkyDrive\Projects\PPMScope\Contributions\Paul Messer\DSOscope_A03\DSOscope_Rev_A03_20130501\FW\DSOscopeA03_20130501.asm
       WaitComm_SendDataC   0x0000e7    program     static C:\SkyDrive\Projects\PPMScope\Contributions\Paul Messer\DSOscope_A03\DSOscope_Rev_A03_20130501\FW\DSOscopeA03_20130501.asm
       WaitComm_SendDataD   0x0000f1    program     static C:\SkyDrive\Projects\PPMScope\Contributions\Paul Messer\DSOscope_A03\DSOscope_Rev_A03_20130501\FW\DSOscopeA03_20130501.asm
    WaitComm_SendDataExit   0x0000f7    program     static C:\SkyDrive\Projects\PPMScope\Contributions\Paul Messer\DSOscope_A03\DSOscope_Rev_A03_20130501\FW\DSOscopeA03_20130501.asm
            WaitComm_Conf   0x0000fa    program     static C:\SkyDrive\Projects\PPMScope\Contributions\Paul Messer\DSOscope_A03\DSOscope_Rev_A03_20130501\FW\DSOscopeA03_20130501.asm
             WaitComm_Rec   0x000103    program     static C:\SkyDrive\Projects\PPMScope\Contributions\Paul Messer\DSOscope_A03\DSOscope_Rev_A03_20130501\FW\DSOscopeA03_20130501.asm
           WaitComm_Break   0x000111    program     static C:\SkyDrive\Projects\PPMScope\Contributions\Paul Messer\DSOscope_A03\DSOscope_Rev_A03_20130501\FW\DSOscopeA03_20130501.asm
                  GetByte   0x000119    program     static C:\SkyDrive\Projects\PPMScope\Contributions\Paul Messer\DSOscope_A03\DSOscope_Rev_A03_20130501\FW\DSOscopeA03_20130501.asm
                 GetByteB   0x00011b    program     static C:\SkyDrive\Projects\PPMScope\Contributions\Paul Messer\DSOscope_A03\DSOscope_Rev_A03_20130501\FW\DSOscopeA03_20130501.asm
                 GetByteC   0x00011f    program     static C:\SkyDrive\Projects\PPMScope\Contributions\Paul Messer\DSOscope_A03\DSOscope_Rev_A03_20130501\FW\DSOscopeA03_20130501.asm
                 GetByteD   0x000123    program     static C:\SkyDrive\Projects\PPMScope\Contributions\Paul Messer\DSOscope_A03\DSOscope_Rev_A03_20130501\FW\DSOscopeA03_20130501.asm
                 GetByteE   0x000127    program     static C:\SkyDrive\Projects\PPMScope\Contributions\Paul Messer\DSOscope_A03\DSOscope_Rev_A03_20130501\FW\DSOscopeA03_20130501.asm
                  PutByte   0x00012a    program     static C:\SkyDrive\Projects\PPMScope\Contributions\Paul Messer\DSOscope_A03\DSOscope_Rev_A03_20130501\FW\DSOscopeA03_20130501.asm
            PutByteSerial   0x00012a    program     static C:\SkyDrive\Projects\PPMScope\Contributions\Paul Messer\DSOscope_A03\DSOscope_Rev_A03_20130501\FW\DSOscopeA03_20130501.asm
                    Delay   0x00012f    program     static C:\SkyDrive\Projects\PPMScope\Contributions\Paul Messer\DSOscope_A03\DSOscope_Rev_A03_20130501\FW\DSOscopeA03_20130501.asm
                DelayLoop   0x000130    program     static C:\SkyDrive\Projects\PPMScope\Contributions\Paul Messer\DSOscope_A03\DSOscope_Rev_A03_20130501\FW\DSOscopeA03_20130501.asm
              ADCShutdown   0x00013a    program     static C:\SkyDrive\Projects\PPMScope\Contributions\Paul Messer\DSOscope_A03\DSOscope_Rev_A03_20130501\FW\DSOscopeA03_20130501.asm
         IrqServiceTimer1   0x00013f    program     static C:\SkyDrive\Projects\PPMScope\Contributions\Paul Messer\DSOscope_A03\DSOscope_Rev_A03_20130501\FW\DSOscopeA03_20130501.asm
                 irqst1_0   0x000161    program     static C:\SkyDrive\Projects\PPMScope\Contributions\Paul Messer\DSOscope_A03\DSOscope_Rev_A03_20130501\FW\DSOscopeA03_20130501.asm
                 irqst1_1   0x000183    program     static C:\SkyDrive\Projects\PPMScope\Contributions\Paul Messer\DSOscope_A03\DSOscope_Rev_A03_20130501\FW\DSOscopeA03_20130501.asm
                 irqst1_2   0x000185    program     static C:\SkyDrive\Projects\PPMScope\Contributions\Paul Messer\DSOscope_A03\DSOscope_Rev_A03_20130501\FW\DSOscopeA03_20130501.asm
                 irqst1_3   0x00018d    program     static C:\SkyDrive\Projects\PPMScope\Contributions\Paul Messer\DSOscope_A03\DSOscope_Rev_A03_20130501\FW\DSOscopeA03_20130501.asm
               irqst1_3_a   0x00019f    program     static C:\SkyDrive\Projects\PPMScope\Contributions\Paul Messer\DSOscope_A03\DSOscope_Rev_A03_20130501\FW\DSOscopeA03_20130501.asm
               irqst1_3_1   0x0001be    program     static C:\SkyDrive\Projects\PPMScope\Contributions\Paul Messer\DSOscope_A03\DSOscope_Rev_A03_20130501\FW\DSOscopeA03_20130501.asm
               irqst1_3_2   0x0001bf    program     static C:\SkyDrive\Projects\PPMScope\Contributions\Paul Messer\DSOscope_A03\DSOscope_Rev_A03_20130501\FW\DSOscopeA03_20130501.asm
                 irqst1_4   0x0001c0    program     static C:\SkyDrive\Projects\PPMScope\Contributions\Paul Messer\DSOscope_A03\DSOscope_Rev_A03_20130501\FW\DSOscopeA03_20130501.asm
                 irqst1_5   0x0001c6    program     static C:\SkyDrive\Projects\PPMScope\Contributions\Paul Messer\DSOscope_A03\DSOscope_Rev_A03_20130501\FW\DSOscopeA03_20130501.asm
            SampleIntDrvn   0x0001cb    program     static C:\SkyDrive\Projects\PPMScope\Contributions\Paul Messer\DSOscope_A03\DSOscope_Rev_A03_20130501\FW\DSOscopeA03_20130501.asm
              sid_GetByte   0x0001e2    program     static C:\SkyDrive\Projects\PPMScope\Contributions\Paul Messer\DSOscope_A03\DSOscope_Rev_A03_20130501\FW\DSOscopeA03_20130501.asm
             sid_GetByteB   0x0001ea    program     static C:\SkyDrive\Projects\PPMScope\Contributions\Paul Messer\DSOscope_A03\DSOscope_Rev_A03_20130501\FW\DSOscopeA03_20130501.asm
             sid_GetByteC   0x0001ee    program     static C:\SkyDrive\Projects\PPMScope\Contributions\Paul Messer\DSOscope_A03\DSOscope_Rev_A03_20130501\FW\DSOscopeA03_20130501.asm
             sid_GetByteD   0x0001f2    program     static C:\SkyDrive\Projects\PPMScope\Contributions\Paul Messer\DSOscope_A03\DSOscope_Rev_A03_20130501\FW\DSOscopeA03_20130501.asm
             sid_GetByteE   0x0001f6    program     static C:\SkyDrive\Projects\PPMScope\Contributions\Paul Messer\DSOscope_A03\DSOscope_Rev_A03_20130501\FW\DSOscopeA03_20130501.asm
        sid_WaitComm_Data   0x0001fc    program     static C:\SkyDrive\Projects\PPMScope\Contributions\Paul Messer\DSOscope_A03\DSOscope_Rev_A03_20130501\FW\DSOscopeA03_20130501.asm
   sid_WaitComm_SendDataA   0x000208    program     static C:\SkyDrive\Projects\PPMScope\Contributions\Paul Messer\DSOscope_A03\DSOscope_Rev_A03_20130501\FW\DSOscopeA03_20130501.asm
   sid_WaitComm_SendDataB   0x000212    program     static C:\SkyDrive\Projects\PPMScope\Contributions\Paul Messer\DSOscope_A03\DSOscope_Rev_A03_20130501\FW\DSOscopeA03_20130501.asm
   sid_WaitComm_SendDataC   0x00021c    program     static C:\SkyDrive\Projects\PPMScope\Contributions\Paul Messer\DSOscope_A03\DSOscope_Rev_A03_20130501\FW\DSOscopeA03_20130501.asm
   sid_WaitComm_SendDataD   0x000226    program     static C:\SkyDrive\Projects\PPMScope\Contributions\Paul Messer\DSOscope_A03\DSOscope_Rev_A03_20130501\FW\DSOscopeA03_20130501.asm
sid_WaitComm_SendDataExit   0x00022c    program     static C:\SkyDrive\Projects\PPMScope\Contributions\Paul Messer\DSOscope_A03\DSOscope_Rev_A03_20130501\FW\DSOscopeA03_20130501.asm
        sid_WaitComm_Conf   0x00022f    program     static C:\SkyDrive\Projects\PPMScope\Contributions\Paul Messer\DSOscope_A03\DSOscope_Rev_A03_20130501\FW\DSOscopeA03_20130501.asm
         sid_WaitComm_Rec   0x000238    program     static C:\SkyDrive\Projects\PPMScope\Contributions\Paul Messer\DSOscope_A03\DSOscope_Rev_A03_20130501\FW\DSOscopeA03_20130501.asm
       sid_WaitComm_Break   0x000241    program     static C:\SkyDrive\Projects\PPMScope\Contributions\Paul Messer\DSOscope_A03\DSOscope_Rev_A03_20130501\FW\DSOscopeA03_20130501.asm
                 sid_Exit   0x000249    program     static C:\SkyDrive\Projects\PPMScope\Contributions\Paul Messer\DSOscope_A03\DSOscope_Rev_A03_20130501\FW\DSOscopeA03_20130501.asm
      RotateSampleMemLeft   0x000254    program     static C:\SkyDrive\Projects\PPMScope\Contributions\Paul Messer\DSOscope_A03\DSOscope_Rev_A03_20130501\FW\DSOscopeA03_20130501.asm
                   rsmL_1   0x000258    program     static C:\SkyDrive\Projects\PPMScope\Contributions\Paul Messer\DSOscope_A03\DSOscope_Rev_A03_20130501\FW\DSOscopeA03_20130501.asm
     RotateSampleMemRight   0x000279    program     static C:\SkyDrive\Projects\PPMScope\Contributions\Paul Messer\DSOscope_A03\DSOscope_Rev_A03_20130501\FW\DSOscopeA03_20130501.asm
                   rsmR_1   0x00027d    program     static C:\SkyDrive\Projects\PPMScope\Contributions\Paul Messer\DSOscope_A03\DSOscope_Rev_A03_20130501\FW\DSOscopeA03_20130501.asm
                 rsm_exit   0x00029d    program     static C:\SkyDrive\Projects\PPMScope\Contributions\Paul Messer\DSOscope_A03\DSOscope_Rev_A03_20130501\FW\DSOscopeA03_20130501.asm
          rsm_slide_lower   0x0002a0    program     static C:\SkyDrive\Projects\PPMScope\Contributions\Paul Messer\DSOscope_A03\DSOscope_Rev_A03_20130501\FW\DSOscopeA03_20130501.asm
         rsm_slide_higher   0x0002ab    program     static C:\SkyDrive\Projects\PPMScope\Contributions\Paul Messer\DSOscope_A03\DSOscope_Rev_A03_20130501\FW\DSOscopeA03_20130501.asm
              ConfReceive   0x0002b6    program     static C:\SkyDrive\Projects\PPMScope\Contributions\Paul Messer\DSOscope_A03\DSOscope_Rev_A03_20130501\FW\DSOscopeA03_20130501.asm
      ConfReceiveRateOnly   0x0002d3    program     static C:\SkyDrive\Projects\PPMScope\Contributions\Paul Messer\DSOscope_A03\DSOscope_Rev_A03_20130501\FW\DSOscopeA03_20130501.asm
                 ConfSend   0x0002e2    program     static C:\SkyDrive\Projects\PPMScope\Contributions\Paul Messer\DSOscope_A03\DSOscope_Rev_A03_20130501\FW\DSOscopeA03_20130501.asm
          ChannelConfSend   0x000303    program     static C:\SkyDrive\Projects\PPMScope\Contributions\Paul Messer\DSOscope_A03\DSOscope_Rev_A03_20130501\FW\DSOscopeA03_20130501.asm
         ChannelConfStore   0x000312    program     static C:\SkyDrive\Projects\PPMScope\Contributions\Paul Messer\DSOscope_A03\DSOscope_Rev_A03_20130501\FW\DSOscopeA03_20130501.asm
            SampleDelayed   0x000356    program     static C:\SkyDrive\Projects\PPMScope\Contributions\Paul Messer\DSOscope_A03\DSOscope_Rev_A03_20130501\FW\DSOscopeA03_20130501.asm
       SampleDelayedLoopA   0x000361    program     static C:\SkyDrive\Projects\PPMScope\Contributions\Paul Messer\DSOscope_A03\DSOscope_Rev_A03_20130501\FW\DSOscopeA03_20130501.asm
     StSampleDelayedLoopA   0x000366    program     static C:\SkyDrive\Projects\PPMScope\Contributions\Paul Messer\DSOscope_A03\DSOscope_Rev_A03_20130501\FW\DSOscopeA03_20130501.asm
       SampleDelayedLoopB   0x00037b    program     static C:\SkyDrive\Projects\PPMScope\Contributions\Paul Messer\DSOscope_A03\DSOscope_Rev_A03_20130501\FW\DSOscopeA03_20130501.asm
       SampleDelayedLoopC   0x000395    program     static C:\SkyDrive\Projects\PPMScope\Contributions\Paul Messer\DSOscope_A03\DSOscope_Rev_A03_20130501\FW\DSOscopeA03_20130501.asm
       SampleDelayedLoopD   0x0003af    program     static C:\SkyDrive\Projects\PPMScope\Contributions\Paul Messer\DSOscope_A03\DSOscope_Rev_A03_20130501\FW\DSOscopeA03_20130501.asm
          SampleXYDelayed   0x0003c1    program     static C:\SkyDrive\Projects\PPMScope\Contributions\Paul Messer\DSOscope_A03\DSOscope_Rev_A03_20130501\FW\DSOscopeA03_20130501.asm
        SampleXYDelayedLA   0x0003d3    program     static C:\SkyDrive\Projects\PPMScope\Contributions\Paul Messer\DSOscope_A03\DSOscope_Rev_A03_20130501\FW\DSOscopeA03_20130501.asm
        SampleXYDelayedLB   0x0003fb    program     static C:\SkyDrive\Projects\PPMScope\Contributions\Paul Messer\DSOscope_A03\DSOscope_Rev_A03_20130501\FW\DSOscopeA03_20130501.asm
        SampleXYDelayedLC   0x000423    program     static C:\SkyDrive\Projects\PPMScope\Contributions\Paul Messer\DSOscope_A03\DSOscope_Rev_A03_20130501\FW\DSOscopeA03_20130501.asm
        SampleXYDelayedLD   0x00044b    program     static C:\SkyDrive\Projects\PPMScope\Contributions\Paul Messer\DSOscope_A03\DSOscope_Rev_A03_20130501\FW\DSOscopeA03_20130501.asm
               Sample625k   0x000464    program     static C:\SkyDrive\Projects\PPMScope\Contributions\Paul Messer\DSOscope_A03\DSOscope_Rev_A03_20130501\FW\DSOscopeA03_20130501.asm
          Sample625kLoopA   0x00046a    program     static C:\SkyDrive\Projects\PPMScope\Contributions\Paul Messer\DSOscope_A03\DSOscope_Rev_A03_20130501\FW\DSOscopeA03_20130501.asm
          Sample625kLoopB   0x00047a    program     static C:\SkyDrive\Projects\PPMScope\Contributions\Paul Messer\DSOscope_A03\DSOscope_Rev_A03_20130501\FW\DSOscopeA03_20130501.asm
          Sample625kLoopC   0x00048a    program     static C:\SkyDrive\Projects\PPMScope\Contributions\Paul Messer\DSOscope_A03\DSOscope_Rev_A03_20130501\FW\DSOscopeA03_20130501.asm
          Sample625kLoopD   0x00049a    program     static C:\SkyDrive\Projects\PPMScope\Contributions\Paul Messer\DSOscope_A03\DSOscope_Rev_A03_20130501\FW\DSOscopeA03_20130501.asm
           Sample417k250k   0x0004a7    program     static C:\SkyDrive\Projects\PPMScope\Contributions\Paul Messer\DSOscope_A03\DSOscope_Rev_A03_20130501\FW\DSOscopeA03_20130501.asm
          Sample417kLoopA   0x0004b0    program     static C:\SkyDrive\Projects\PPMScope\Contributions\Paul Messer\DSOscope_A03\DSOscope_Rev_A03_20130501\FW\DSOscopeA03_20130501.asm
              Sample250kA   0x0004b7    program     static C:\SkyDrive\Projects\PPMScope\Contributions\Paul Messer\DSOscope_A03\DSOscope_Rev_A03_20130501\FW\DSOscopeA03_20130501.asm
              Sample417kA   0x0004b8    program     static C:\SkyDrive\Projects\PPMScope\Contributions\Paul Messer\DSOscope_A03\DSOscope_Rev_A03_20130501\FW\DSOscopeA03_20130501.asm
          Sample417kLoopB   0x0004c7    program     static C:\SkyDrive\Projects\PPMScope\Contributions\Paul Messer\DSOscope_A03\DSOscope_Rev_A03_20130501\FW\DSOscopeA03_20130501.asm
        StSample417kLoopB   0x0004cc    program     static C:\SkyDrive\Projects\PPMScope\Contributions\Paul Messer\DSOscope_A03\DSOscope_Rev_A03_20130501\FW\DSOscopeA03_20130501.asm
              Sample250kB   0x0004ce    program     static C:\SkyDrive\Projects\PPMScope\Contributions\Paul Messer\DSOscope_A03\DSOscope_Rev_A03_20130501\FW\DSOscopeA03_20130501.asm
              Sample417kB   0x0004cf    program     static C:\SkyDrive\Projects\PPMScope\Contributions\Paul Messer\DSOscope_A03\DSOscope_Rev_A03_20130501\FW\DSOscopeA03_20130501.asm
          Sample417kLoopC   0x0004de    program     static C:\SkyDrive\Projects\PPMScope\Contributions\Paul Messer\DSOscope_A03\DSOscope_Rev_A03_20130501\FW\DSOscopeA03_20130501.asm
        StSample417kLoopC   0x0004e3    program     static C:\SkyDrive\Projects\PPMScope\Contributions\Paul Messer\DSOscope_A03\DSOscope_Rev_A03_20130501\FW\DSOscopeA03_20130501.asm
              Sample250kC   0x0004e5    program     static C:\SkyDrive\Projects\PPMScope\Contributions\Paul Messer\DSOscope_A03\DSOscope_Rev_A03_20130501\FW\DSOscopeA03_20130501.asm
              Sample417kC   0x0004e6    program     static C:\SkyDrive\Projects\PPMScope\Contributions\Paul Messer\DSOscope_A03\DSOscope_Rev_A03_20130501\FW\DSOscopeA03_20130501.asm
          Sample417kLoopD   0x0004f5    program     static C:\SkyDrive\Projects\PPMScope\Contributions\Paul Messer\DSOscope_A03\DSOscope_Rev_A03_20130501\FW\DSOscopeA03_20130501.asm
        StSample417kLoopD   0x0004fa    program     static C:\SkyDrive\Projects\PPMScope\Contributions\Paul Messer\DSOscope_A03\DSOscope_Rev_A03_20130501\FW\DSOscopeA03_20130501.asm
              Sample250kD   0x0004fc    program     static C:\SkyDrive\Projects\PPMScope\Contributions\Paul Messer\DSOscope_A03\DSOscope_Rev_A03_20130501\FW\DSOscopeA03_20130501.asm
              Sample417kD   0x0004fd    program     static C:\SkyDrive\Projects\PPMScope\Contributions\Paul Messer\DSOscope_A03\DSOscope_Rev_A03_20130501\FW\DSOscopeA03_20130501.asm
               DelaySeven   0x000506    program     static C:\SkyDrive\Projects\PPMScope\Contributions\Paul Messer\DSOscope_A03\DSOscope_Rev_A03_20130501\FW\DSOscopeA03_20130501.asm
                DelayFive   0x000507    program     static C:\SkyDrive\Projects\PPMScope\Contributions\Paul Messer\DSOscope_A03\DSOscope_Rev_A03_20130501\FW\DSOscopeA03_20130501.asm
                 DelayTwo   0x000509    program     static C:\SkyDrive\Projects\PPMScope\Contributions\Paul Messer\DSOscope_A03\DSOscope_Rev_A03_20130501\FW\DSOscopeA03_20130501.asm
         SampleXY250k192k   0x00050a    program     static C:\SkyDrive\Projects\PPMScope\Contributions\Paul Messer\DSOscope_A03\DSOscope_Rev_A03_20130501\FW\DSOscopeA03_20130501.asm
           SampleXY250kLA   0x000519    program     static C:\SkyDrive\Projects\PPMScope\Contributions\Paul Messer\DSOscope_A03\DSOscope_Rev_A03_20130501\FW\DSOscopeA03_20130501.asm
           SampleXY250kLB   0x00053d    program     static C:\SkyDrive\Projects\PPMScope\Contributions\Paul Messer\DSOscope_A03\DSOscope_Rev_A03_20130501\FW\DSOscopeA03_20130501.asm
           SampleXY250kLC   0x000561    program     static C:\SkyDrive\Projects\PPMScope\Contributions\Paul Messer\DSOscope_A03\DSOscope_Rev_A03_20130501\FW\DSOscopeA03_20130501.asm
           SampleXY250kLD   0x000585    program     static C:\SkyDrive\Projects\PPMScope\Contributions\Paul Messer\DSOscope_A03\DSOscope_Rev_A03_20130501\FW\DSOscopeA03_20130501.asm
                 Sample1M   0x00059d    program     static C:\SkyDrive\Projects\PPMScope\Contributions\Paul Messer\DSOscope_A03\DSOscope_Rev_A03_20130501\FW\DSOscopeA03_20130501.asm
            Sample1MhzEnd   0x0009a2    program     static C:\SkyDrive\Projects\PPMScope\Contributions\Paul Messer\DSOscope_A03\DSOscope_Rev_A03_20130501\FW\DSOscopeA03_20130501.asm
             SampleXY417k   0x000aa1    program     static C:\SkyDrive\Projects\PPMScope\Contributions\Paul Messer\DSOscope_A03\DSOscope_Rev_A03_20130501\FW\DSOscopeA03_20130501.asm
               Sample833k   0x0010a4    program     static C:\SkyDrive\Projects\PPMScope\Contributions\Paul Messer\DSOscope_A03\DSOscope_Rev_A03_20130501\FW\DSOscopeA03_20130501.asm
            Sample833kEnd   0x0014aa    program     static C:\SkyDrive\Projects\PPMScope\Contributions\Paul Messer\DSOscope_A03\DSOscope_Rev_A03_20130501\FW\DSOscopeA03_20130501.asm
              SampleRep5M   0x0016a7    program     static C:\SkyDrive\Projects\PPMScope\Contributions\Paul Messer\DSOscope_A03\DSOscope_Rev_A03_20130501\FW\DSOscopeA03_20130501.asm
        SampleRep5MPickSt   0x0016ab    program     static C:\SkyDrive\Projects\PPMScope\Contributions\Paul Messer\DSOscope_A03\DSOscope_Rev_A03_20130501\FW\DSOscopeA03_20130501.asm
        SampleRep5MPickEn   0x0016ba    program     static C:\SkyDrive\Projects\PPMScope\Contributions\Paul Messer\DSOscope_A03\DSOscope_Rev_A03_20130501\FW\DSOscopeA03_20130501.asm
         SampleRep5MStep1   0x0016ba    program     static C:\SkyDrive\Projects\PPMScope\Contributions\Paul Messer\DSOscope_A03\DSOscope_Rev_A03_20130501\FW\DSOscopeA03_20130501.asm
          SampleRep5MEndA   0x0017bf    program     static C:\SkyDrive\Projects\PPMScope\Contributions\Paul Messer\DSOscope_A03\DSOscope_Rev_A03_20130501\FW\DSOscopeA03_20130501.asm
          SampleRep5MEndC   0x0017c2    program     static C:\SkyDrive\Projects\PPMScope\Contributions\Paul Messer\DSOscope_A03\DSOscope_Rev_A03_20130501\FW\DSOscopeA03_20130501.asm
          SampleRep5MEndB   0x0017c4    program     static C:\SkyDrive\Projects\PPMScope\Contributions\Paul Messer\DSOscope_A03\DSOscope_Rev_A03_20130501\FW\DSOscopeA03_20130501.asm
         SampleRep5MStep2   0x0017ca    program     static C:\SkyDrive\Projects\PPMScope\Contributions\Paul Messer\DSOscope_A03\DSOscope_Rev_A03_20130501\FW\DSOscopeA03_20130501.asm
         SampleRep5MStep3   0x0018cd    program     static C:\SkyDrive\Projects\PPMScope\Contributions\Paul Messer\DSOscope_A03\DSOscope_Rev_A03_20130501\FW\DSOscopeA03_20130501.asm
         SampleRep5MStep4   0x0019d0    program     static C:\SkyDrive\Projects\PPMScope\Contributions\Paul Messer\DSOscope_A03\DSOscope_Rev_A03_20130501\FW\DSOscopeA03_20130501.asm
         SampleRep5MStep5   0x001ad4    program     static C:\SkyDrive\Projects\PPMScope\Contributions\Paul Messer\DSOscope_A03\DSOscope_Rev_A03_20130501\FW\DSOscopeA03_20130501.asm
              SampleRep2M   0x001ada    program     static C:\SkyDrive\Projects\PPMScope\Contributions\Paul Messer\DSOscope_A03\DSOscope_Rev_A03_20130501\FW\DSOscopeA03_20130501.asm
        SampleRep2MPickSt   0x001ade    program     static C:\SkyDrive\Projects\PPMScope\Contributions\Paul Messer\DSOscope_A03\DSOscope_Rev_A03_20130501\FW\DSOscopeA03_20130501.asm
         SampleRep2MStep1   0x001ae7    program     static C:\SkyDrive\Projects\PPMScope\Contributions\Paul Messer\DSOscope_A03\DSOscope_Rev_A03_20130501\FW\DSOscopeA03_20130501.asm
        SampleRep2MPickEn   0x001ae7    program     static C:\SkyDrive\Projects\PPMScope\Contributions\Paul Messer\DSOscope_A03\DSOscope_Rev_A03_20130501\FW\DSOscopeA03_20130501.asm
         SampleRep2MStep2   0x001cee    program     static C:\SkyDrive\Projects\PPMScope\Contributions\Paul Messer\DSOscope_A03\DSOscope_Rev_A03_20130501\FW\DSOscopeA03_20130501.asm
         SampleRep2MStep3   0x001eef    program     static C:\SkyDrive\Projects\PPMScope\Contributions\Paul Messer\DSOscope_A03\DSOscope_Rev_A03_20130501\FW\DSOscopeA03_20130501.asm


