MPLINK 4.45, Linker
Linker Map File - Created Wed Jan 30 23:44:37 2013

                                 Section Info
                  Section       Type    Address   Location Size(Bytes)
                ---------  ---------  ---------  ---------  ---------
                   .org_0       code   0x000000    program   0x000000
                   .org_1       code   0x000000    program   0x000008
                   .org_2       code   0x000004    program   0x003c68
                  .idlocs       code   0x002000    program   0x000008
.config_2007_DSOSCOPEA03.O       code   0x002007    program   0x000002
.config_2008_DSOSCOPEA03.O       code   0x002008    program   0x000002



                              Program Memory Usage 
                               Start         End      
                           ---------   ---------      
                            0x000000    0x001e37      
                            0x002000    0x002003      
                            0x002007    0x002008      
            7742 out of 8455 program addresses used, program memory utilization is 91%



                              Symbols - Sorted by Name
                     Name    Address   Location    Storage File                     
                ---------  ---------  ---------  --------- ---------                
              ADCShutdown   0x00011c    program     static C:\Google Drive\Projects\PPMScope\Contributions\Paul Messer\DSOscope_A03\DSOscope_Rev_A03_20130113\FW\A03\DSOscopeA03.asm
          ChannelConfSend   0x000246    program     static C:\Google Drive\Projects\PPMScope\Contributions\Paul Messer\DSOscope_A03\DSOscope_Rev_A03_20130113\FW\A03\DSOscopeA03.asm
         ChannelConfStore   0x000255    program     static C:\Google Drive\Projects\PPMScope\Contributions\Paul Messer\DSOscope_A03\DSOscope_Rev_A03_20130113\FW\A03\DSOscopeA03.asm
              ConfReceive   0x0001fa    program     static C:\Google Drive\Projects\PPMScope\Contributions\Paul Messer\DSOscope_A03\DSOscope_Rev_A03_20130113\FW\A03\DSOscopeA03.asm
      ConfReceiveRateOnly   0x000217    program     static C:\Google Drive\Projects\PPMScope\Contributions\Paul Messer\DSOscope_A03\DSOscope_Rev_A03_20130113\FW\A03\DSOscopeA03.asm
                 ConfSend   0x000225    program     static C:\Google Drive\Projects\PPMScope\Contributions\Paul Messer\DSOscope_A03\DSOscope_Rev_A03_20130113\FW\A03\DSOscopeA03.asm
                    Delay   0x000111    program     static C:\Google Drive\Projects\PPMScope\Contributions\Paul Messer\DSOscope_A03\DSOscope_Rev_A03_20130113\FW\A03\DSOscopeA03.asm
                DelayFive   0x00044a    program     static C:\Google Drive\Projects\PPMScope\Contributions\Paul Messer\DSOscope_A03\DSOscope_Rev_A03_20130113\FW\A03\DSOscopeA03.asm
                DelayLoop   0x000112    program     static C:\Google Drive\Projects\PPMScope\Contributions\Paul Messer\DSOscope_A03\DSOscope_Rev_A03_20130113\FW\A03\DSOscopeA03.asm
               DelaySeven   0x000449    program     static C:\Google Drive\Projects\PPMScope\Contributions\Paul Messer\DSOscope_A03\DSOscope_Rev_A03_20130113\FW\A03\DSOscopeA03.asm
                 DelayTwo   0x00044c    program     static C:\Google Drive\Projects\PPMScope\Contributions\Paul Messer\DSOscope_A03\DSOscope_Rev_A03_20130113\FW\A03\DSOscopeA03.asm
                  GetByte   0x0000fb    program     static C:\Google Drive\Projects\PPMScope\Contributions\Paul Messer\DSOscope_A03\DSOscope_Rev_A03_20130113\FW\A03\DSOscopeA03.asm
                 GetByteB   0x0000fd    program     static C:\Google Drive\Projects\PPMScope\Contributions\Paul Messer\DSOscope_A03\DSOscope_Rev_A03_20130113\FW\A03\DSOscopeA03.asm
                 GetByteC   0x000101    program     static C:\Google Drive\Projects\PPMScope\Contributions\Paul Messer\DSOscope_A03\DSOscope_Rev_A03_20130113\FW\A03\DSOscopeA03.asm
                 GetByteD   0x000105    program     static C:\Google Drive\Projects\PPMScope\Contributions\Paul Messer\DSOscope_A03\DSOscope_Rev_A03_20130113\FW\A03\DSOscopeA03.asm
                 GetByteE   0x000109    program     static C:\Google Drive\Projects\PPMScope\Contributions\Paul Messer\DSOscope_A03\DSOscope_Rev_A03_20130113\FW\A03\DSOscopeA03.asm
                  Initial   0x000052    program     static C:\Google Drive\Projects\PPMScope\Contributions\Paul Messer\DSOscope_A03\DSOscope_Rev_A03_20130113\FW\A03\DSOscopeA03.asm
               IntHandler   0x000004    program     static C:\Google Drive\Projects\PPMScope\Contributions\Paul Messer\DSOscope_A03\DSOscope_Rev_A03_20130113\FW\A03\DSOscopeA03.asm
         IrqServiceTimer1   0x000121    program     static C:\Google Drive\Projects\PPMScope\Contributions\Paul Messer\DSOscope_A03\DSOscope_Rev_A03_20130113\FW\A03\DSOscopeA03.asm
                     Main   0x00007c    program     static C:\Google Drive\Projects\PPMScope\Contributions\Paul Messer\DSOscope_A03\DSOscope_Rev_A03_20130113\FW\A03\DSOscopeA03.asm
                    MainB   0x00007e    program     static C:\Google Drive\Projects\PPMScope\Contributions\Paul Messer\DSOscope_A03\DSOscope_Rev_A03_20130113\FW\A03\DSOscopeA03.asm
               MainSelect   0x000013    program     static C:\Google Drive\Projects\PPMScope\Contributions\Paul Messer\DSOscope_A03\DSOscope_Rev_A03_20130113\FW\A03\DSOscopeA03.asm
               MainWTrigB   0x00009e    program     static C:\Google Drive\Projects\PPMScope\Contributions\Paul Messer\DSOscope_A03\DSOscope_Rev_A03_20130113\FW\A03\DSOscopeA03.asm
             MainWaitTrig   0x00008b    program     static C:\Google Drive\Projects\PPMScope\Contributions\Paul Messer\DSOscope_A03\DSOscope_Rev_A03_20130113\FW\A03\DSOscopeA03.asm
                  PutByte   0x00010c    program     static C:\Google Drive\Projects\PPMScope\Contributions\Paul Messer\DSOscope_A03\DSOscope_Rev_A03_20130113\FW\A03\DSOscopeA03.asm
            PutByteSerial   0x00010c    program     static C:\Google Drive\Projects\PPMScope\Contributions\Paul Messer\DSOscope_A03\DSOscope_Rev_A03_20130113\FW\A03\DSOscopeA03.asm
                 Sample1M   0x0004e0    program     static C:\Google Drive\Projects\PPMScope\Contributions\Paul Messer\DSOscope_A03\DSOscope_Rev_A03_20130113\FW\A03\DSOscopeA03.asm
            Sample1MhzEnd   0x0008e5    program     static C:\Google Drive\Projects\PPMScope\Contributions\Paul Messer\DSOscope_A03\DSOscope_Rev_A03_20130113\FW\A03\DSOscopeA03.asm
              Sample250kA   0x0003fa    program     static C:\Google Drive\Projects\PPMScope\Contributions\Paul Messer\DSOscope_A03\DSOscope_Rev_A03_20130113\FW\A03\DSOscopeA03.asm
              Sample250kB   0x000411    program     static C:\Google Drive\Projects\PPMScope\Contributions\Paul Messer\DSOscope_A03\DSOscope_Rev_A03_20130113\FW\A03\DSOscopeA03.asm
              Sample250kC   0x000428    program     static C:\Google Drive\Projects\PPMScope\Contributions\Paul Messer\DSOscope_A03\DSOscope_Rev_A03_20130113\FW\A03\DSOscopeA03.asm
              Sample250kD   0x00043f    program     static C:\Google Drive\Projects\PPMScope\Contributions\Paul Messer\DSOscope_A03\DSOscope_Rev_A03_20130113\FW\A03\DSOscopeA03.asm
           Sample417k250k   0x0003ea    program     static C:\Google Drive\Projects\PPMScope\Contributions\Paul Messer\DSOscope_A03\DSOscope_Rev_A03_20130113\FW\A03\DSOscopeA03.asm
              Sample417kA   0x0003fb    program     static C:\Google Drive\Projects\PPMScope\Contributions\Paul Messer\DSOscope_A03\DSOscope_Rev_A03_20130113\FW\A03\DSOscopeA03.asm
              Sample417kB   0x000412    program     static C:\Google Drive\Projects\PPMScope\Contributions\Paul Messer\DSOscope_A03\DSOscope_Rev_A03_20130113\FW\A03\DSOscopeA03.asm
              Sample417kC   0x000429    program     static C:\Google Drive\Projects\PPMScope\Contributions\Paul Messer\DSOscope_A03\DSOscope_Rev_A03_20130113\FW\A03\DSOscopeA03.asm
              Sample417kD   0x000440    program     static C:\Google Drive\Projects\PPMScope\Contributions\Paul Messer\DSOscope_A03\DSOscope_Rev_A03_20130113\FW\A03\DSOscopeA03.asm
          Sample417kLoopA   0x0003f3    program     static C:\Google Drive\Projects\PPMScope\Contributions\Paul Messer\DSOscope_A03\DSOscope_Rev_A03_20130113\FW\A03\DSOscopeA03.asm
          Sample417kLoopB   0x00040a    program     static C:\Google Drive\Projects\PPMScope\Contributions\Paul Messer\DSOscope_A03\DSOscope_Rev_A03_20130113\FW\A03\DSOscopeA03.asm
          Sample417kLoopC   0x000421    program     static C:\Google Drive\Projects\PPMScope\Contributions\Paul Messer\DSOscope_A03\DSOscope_Rev_A03_20130113\FW\A03\DSOscopeA03.asm
          Sample417kLoopD   0x000438    program     static C:\Google Drive\Projects\PPMScope\Contributions\Paul Messer\DSOscope_A03\DSOscope_Rev_A03_20130113\FW\A03\DSOscopeA03.asm
               Sample625k   0x0003a7    program     static C:\Google Drive\Projects\PPMScope\Contributions\Paul Messer\DSOscope_A03\DSOscope_Rev_A03_20130113\FW\A03\DSOscopeA03.asm
          Sample625kLoopA   0x0003ad    program     static C:\Google Drive\Projects\PPMScope\Contributions\Paul Messer\DSOscope_A03\DSOscope_Rev_A03_20130113\FW\A03\DSOscopeA03.asm
          Sample625kLoopB   0x0003bd    program     static C:\Google Drive\Projects\PPMScope\Contributions\Paul Messer\DSOscope_A03\DSOscope_Rev_A03_20130113\FW\A03\DSOscopeA03.asm
          Sample625kLoopC   0x0003cd    program     static C:\Google Drive\Projects\PPMScope\Contributions\Paul Messer\DSOscope_A03\DSOscope_Rev_A03_20130113\FW\A03\DSOscopeA03.asm
          Sample625kLoopD   0x0003dd    program     static C:\Google Drive\Projects\PPMScope\Contributions\Paul Messer\DSOscope_A03\DSOscope_Rev_A03_20130113\FW\A03\DSOscopeA03.asm
               Sample833k   0x000fe7    program     static C:\Google Drive\Projects\PPMScope\Contributions\Paul Messer\DSOscope_A03\DSOscope_Rev_A03_20130113\FW\A03\DSOscopeA03.asm
            Sample833kEnd   0x0013ed    program     static C:\Google Drive\Projects\PPMScope\Contributions\Paul Messer\DSOscope_A03\DSOscope_Rev_A03_20130113\FW\A03\DSOscopeA03.asm
            SampleDelayed   0x000299    program     static C:\Google Drive\Projects\PPMScope\Contributions\Paul Messer\DSOscope_A03\DSOscope_Rev_A03_20130113\FW\A03\DSOscopeA03.asm
       SampleDelayedLoopA   0x0002a4    program     static C:\Google Drive\Projects\PPMScope\Contributions\Paul Messer\DSOscope_A03\DSOscope_Rev_A03_20130113\FW\A03\DSOscopeA03.asm
       SampleDelayedLoopB   0x0002be    program     static C:\Google Drive\Projects\PPMScope\Contributions\Paul Messer\DSOscope_A03\DSOscope_Rev_A03_20130113\FW\A03\DSOscopeA03.asm
       SampleDelayedLoopC   0x0002d8    program     static C:\Google Drive\Projects\PPMScope\Contributions\Paul Messer\DSOscope_A03\DSOscope_Rev_A03_20130113\FW\A03\DSOscopeA03.asm
       SampleDelayedLoopD   0x0002f2    program     static C:\Google Drive\Projects\PPMScope\Contributions\Paul Messer\DSOscope_A03\DSOscope_Rev_A03_20130113\FW\A03\DSOscopeA03.asm
            SampleIntDrvn   0x000174    program     static C:\Google Drive\Projects\PPMScope\Contributions\Paul Messer\DSOscope_A03\DSOscope_Rev_A03_20130113\FW\A03\DSOscopeA03.asm
              SampleRep2M   0x001a1d    program     static C:\Google Drive\Projects\PPMScope\Contributions\Paul Messer\DSOscope_A03\DSOscope_Rev_A03_20130113\FW\A03\DSOscopeA03.asm
        SampleRep2MPickEn   0x001a2a    program     static C:\Google Drive\Projects\PPMScope\Contributions\Paul Messer\DSOscope_A03\DSOscope_Rev_A03_20130113\FW\A03\DSOscopeA03.asm
        SampleRep2MPickSt   0x001a21    program     static C:\Google Drive\Projects\PPMScope\Contributions\Paul Messer\DSOscope_A03\DSOscope_Rev_A03_20130113\FW\A03\DSOscopeA03.asm
         SampleRep2MStep1   0x001a2a    program     static C:\Google Drive\Projects\PPMScope\Contributions\Paul Messer\DSOscope_A03\DSOscope_Rev_A03_20130113\FW\A03\DSOscopeA03.asm
         SampleRep2MStep2   0x001c31    program     static C:\Google Drive\Projects\PPMScope\Contributions\Paul Messer\DSOscope_A03\DSOscope_Rev_A03_20130113\FW\A03\DSOscopeA03.asm
         SampleRep2MStep3   0x001e32    program     static C:\Google Drive\Projects\PPMScope\Contributions\Paul Messer\DSOscope_A03\DSOscope_Rev_A03_20130113\FW\A03\DSOscopeA03.asm
              SampleRep5M   0x0015ea    program     static C:\Google Drive\Projects\PPMScope\Contributions\Paul Messer\DSOscope_A03\DSOscope_Rev_A03_20130113\FW\A03\DSOscopeA03.asm
          SampleRep5MEndA   0x001702    program     static C:\Google Drive\Projects\PPMScope\Contributions\Paul Messer\DSOscope_A03\DSOscope_Rev_A03_20130113\FW\A03\DSOscopeA03.asm
          SampleRep5MEndB   0x001707    program     static C:\Google Drive\Projects\PPMScope\Contributions\Paul Messer\DSOscope_A03\DSOscope_Rev_A03_20130113\FW\A03\DSOscopeA03.asm
          SampleRep5MEndC   0x001705    program     static C:\Google Drive\Projects\PPMScope\Contributions\Paul Messer\DSOscope_A03\DSOscope_Rev_A03_20130113\FW\A03\DSOscopeA03.asm
        SampleRep5MPickEn   0x0015fd    program     static C:\Google Drive\Projects\PPMScope\Contributions\Paul Messer\DSOscope_A03\DSOscope_Rev_A03_20130113\FW\A03\DSOscopeA03.asm
        SampleRep5MPickSt   0x0015ee    program     static C:\Google Drive\Projects\PPMScope\Contributions\Paul Messer\DSOscope_A03\DSOscope_Rev_A03_20130113\FW\A03\DSOscopeA03.asm
         SampleRep5MStep1   0x0015fd    program     static C:\Google Drive\Projects\PPMScope\Contributions\Paul Messer\DSOscope_A03\DSOscope_Rev_A03_20130113\FW\A03\DSOscopeA03.asm
         SampleRep5MStep2   0x00170d    program     static C:\Google Drive\Projects\PPMScope\Contributions\Paul Messer\DSOscope_A03\DSOscope_Rev_A03_20130113\FW\A03\DSOscopeA03.asm
         SampleRep5MStep3   0x001810    program     static C:\Google Drive\Projects\PPMScope\Contributions\Paul Messer\DSOscope_A03\DSOscope_Rev_A03_20130113\FW\A03\DSOscopeA03.asm
         SampleRep5MStep4   0x001913    program     static C:\Google Drive\Projects\PPMScope\Contributions\Paul Messer\DSOscope_A03\DSOscope_Rev_A03_20130113\FW\A03\DSOscopeA03.asm
         SampleRep5MStep5   0x001a17    program     static C:\Google Drive\Projects\PPMScope\Contributions\Paul Messer\DSOscope_A03\DSOscope_Rev_A03_20130113\FW\A03\DSOscopeA03.asm
         SampleStripChart   0x0001f9    program     static C:\Google Drive\Projects\PPMScope\Contributions\Paul Messer\DSOscope_A03\DSOscope_Rev_A03_20130113\FW\A03\DSOscopeA03.asm
         SampleXY250k192k   0x00044d    program     static C:\Google Drive\Projects\PPMScope\Contributions\Paul Messer\DSOscope_A03\DSOscope_Rev_A03_20130113\FW\A03\DSOscopeA03.asm
           SampleXY250kLA   0x00045c    program     static C:\Google Drive\Projects\PPMScope\Contributions\Paul Messer\DSOscope_A03\DSOscope_Rev_A03_20130113\FW\A03\DSOscopeA03.asm
           SampleXY250kLB   0x000480    program     static C:\Google Drive\Projects\PPMScope\Contributions\Paul Messer\DSOscope_A03\DSOscope_Rev_A03_20130113\FW\A03\DSOscopeA03.asm
           SampleXY250kLC   0x0004a4    program     static C:\Google Drive\Projects\PPMScope\Contributions\Paul Messer\DSOscope_A03\DSOscope_Rev_A03_20130113\FW\A03\DSOscopeA03.asm
           SampleXY250kLD   0x0004c8    program     static C:\Google Drive\Projects\PPMScope\Contributions\Paul Messer\DSOscope_A03\DSOscope_Rev_A03_20130113\FW\A03\DSOscopeA03.asm
             SampleXY417k   0x0009e4    program     static C:\Google Drive\Projects\PPMScope\Contributions\Paul Messer\DSOscope_A03\DSOscope_Rev_A03_20130113\FW\A03\DSOscopeA03.asm
          SampleXYDelayed   0x000304    program     static C:\Google Drive\Projects\PPMScope\Contributions\Paul Messer\DSOscope_A03\DSOscope_Rev_A03_20130113\FW\A03\DSOscopeA03.asm
        SampleXYDelayedLA   0x000316    program     static C:\Google Drive\Projects\PPMScope\Contributions\Paul Messer\DSOscope_A03\DSOscope_Rev_A03_20130113\FW\A03\DSOscopeA03.asm
        SampleXYDelayedLB   0x00033e    program     static C:\Google Drive\Projects\PPMScope\Contributions\Paul Messer\DSOscope_A03\DSOscope_Rev_A03_20130113\FW\A03\DSOscopeA03.asm
        SampleXYDelayedLC   0x000366    program     static C:\Google Drive\Projects\PPMScope\Contributions\Paul Messer\DSOscope_A03\DSOscope_Rev_A03_20130113\FW\A03\DSOscopeA03.asm
        SampleXYDelayedLD   0x00038e    program     static C:\Google Drive\Projects\PPMScope\Contributions\Paul Messer\DSOscope_A03\DSOscope_Rev_A03_20130113\FW\A03\DSOscopeA03.asm
        StSample417kLoopB   0x00040f    program     static C:\Google Drive\Projects\PPMScope\Contributions\Paul Messer\DSOscope_A03\DSOscope_Rev_A03_20130113\FW\A03\DSOscopeA03.asm
        StSample417kLoopC   0x000426    program     static C:\Google Drive\Projects\PPMScope\Contributions\Paul Messer\DSOscope_A03\DSOscope_Rev_A03_20130113\FW\A03\DSOscopeA03.asm
        StSample417kLoopD   0x00043d    program     static C:\Google Drive\Projects\PPMScope\Contributions\Paul Messer\DSOscope_A03\DSOscope_Rev_A03_20130113\FW\A03\DSOscopeA03.asm
     StSampleDelayedLoopA   0x0002a9    program     static C:\Google Drive\Projects\PPMScope\Contributions\Paul Messer\DSOscope_A03\DSOscope_Rev_A03_20130113\FW\A03\DSOscopeA03.asm
                 WaitComm   0x0000a9    program     static C:\Google Drive\Projects\PPMScope\Contributions\Paul Messer\DSOscope_A03\DSOscope_Rev_A03_20130113\FW\A03\DSOscopeA03.asm
           WaitComm_Break   0x0000f3    program     static C:\Google Drive\Projects\PPMScope\Contributions\Paul Messer\DSOscope_A03\DSOscope_Rev_A03_20130113\FW\A03\DSOscopeA03.asm
            WaitComm_Conf   0x0000dc    program     static C:\Google Drive\Projects\PPMScope\Contributions\Paul Messer\DSOscope_A03\DSOscope_Rev_A03_20130113\FW\A03\DSOscopeA03.asm
            WaitComm_Data   0x0000aa    program     static C:\Google Drive\Projects\PPMScope\Contributions\Paul Messer\DSOscope_A03\DSOscope_Rev_A03_20130113\FW\A03\DSOscopeA03.asm
             WaitComm_Rec   0x0000e5    program     static C:\Google Drive\Projects\PPMScope\Contributions\Paul Messer\DSOscope_A03\DSOscope_Rev_A03_20130113\FW\A03\DSOscopeA03.asm
       WaitComm_SendDataA   0x0000b5    program     static C:\Google Drive\Projects\PPMScope\Contributions\Paul Messer\DSOscope_A03\DSOscope_Rev_A03_20130113\FW\A03\DSOscopeA03.asm
       WaitComm_SendDataB   0x0000bf    program     static C:\Google Drive\Projects\PPMScope\Contributions\Paul Messer\DSOscope_A03\DSOscope_Rev_A03_20130113\FW\A03\DSOscopeA03.asm
       WaitComm_SendDataC   0x0000c9    program     static C:\Google Drive\Projects\PPMScope\Contributions\Paul Messer\DSOscope_A03\DSOscope_Rev_A03_20130113\FW\A03\DSOscopeA03.asm
       WaitComm_SendDataD   0x0000d3    program     static C:\Google Drive\Projects\PPMScope\Contributions\Paul Messer\DSOscope_A03\DSOscope_Rev_A03_20130113\FW\A03\DSOscopeA03.asm
    WaitComm_SendDataExit   0x0000d9    program     static C:\Google Drive\Projects\PPMScope\Contributions\Paul Messer\DSOscope_A03\DSOscope_Rev_A03_20130113\FW\A03\DSOscopeA03.asm
                     ih_1   0x00000a    program     static C:\Google Drive\Projects\PPMScope\Contributions\Paul Messer\DSOscope_A03\DSOscope_Rev_A03_20130113\FW\A03\DSOscopeA03.asm
                     ih_2   0x000044    program     static C:\Google Drive\Projects\PPMScope\Contributions\Paul Messer\DSOscope_A03\DSOscope_Rev_A03_20130113\FW\A03\DSOscopeA03.asm
                     ih_3   0x00004d    program     static C:\Google Drive\Projects\PPMScope\Contributions\Paul Messer\DSOscope_A03\DSOscope_Rev_A03_20130113\FW\A03\DSOscopeA03.asm
                 irqst1_1   0x000163    program     static C:\Google Drive\Projects\PPMScope\Contributions\Paul Messer\DSOscope_A03\DSOscope_Rev_A03_20130113\FW\A03\DSOscopeA03.asm
                 irqst1_2   0x000165    program     static C:\Google Drive\Projects\PPMScope\Contributions\Paul Messer\DSOscope_A03\DSOscope_Rev_A03_20130113\FW\A03\DSOscopeA03.asm
                 irqst1_3   0x00016f    program     static C:\Google Drive\Projects\PPMScope\Contributions\Paul Messer\DSOscope_A03\DSOscope_Rev_A03_20130113\FW\A03\DSOscopeA03.asm
                 sid_Exit   0x0001ee    program     static C:\Google Drive\Projects\PPMScope\Contributions\Paul Messer\DSOscope_A03\DSOscope_Rev_A03_20130113\FW\A03\DSOscopeA03.asm
              sid_GetByte   0x00018b    program     static C:\Google Drive\Projects\PPMScope\Contributions\Paul Messer\DSOscope_A03\DSOscope_Rev_A03_20130113\FW\A03\DSOscopeA03.asm
             sid_GetByteB   0x000193    program     static C:\Google Drive\Projects\PPMScope\Contributions\Paul Messer\DSOscope_A03\DSOscope_Rev_A03_20130113\FW\A03\DSOscopeA03.asm
             sid_GetByteC   0x000197    program     static C:\Google Drive\Projects\PPMScope\Contributions\Paul Messer\DSOscope_A03\DSOscope_Rev_A03_20130113\FW\A03\DSOscopeA03.asm
             sid_GetByteD   0x00019b    program     static C:\Google Drive\Projects\PPMScope\Contributions\Paul Messer\DSOscope_A03\DSOscope_Rev_A03_20130113\FW\A03\DSOscopeA03.asm
             sid_GetByteE   0x00019f    program     static C:\Google Drive\Projects\PPMScope\Contributions\Paul Messer\DSOscope_A03\DSOscope_Rev_A03_20130113\FW\A03\DSOscopeA03.asm
       sid_WaitComm_Break   0x0001e6    program     static C:\Google Drive\Projects\PPMScope\Contributions\Paul Messer\DSOscope_A03\DSOscope_Rev_A03_20130113\FW\A03\DSOscopeA03.asm
        sid_WaitComm_Conf   0x0001d4    program     static C:\Google Drive\Projects\PPMScope\Contributions\Paul Messer\DSOscope_A03\DSOscope_Rev_A03_20130113\FW\A03\DSOscopeA03.asm
        sid_WaitComm_Data   0x0001a1    program     static C:\Google Drive\Projects\PPMScope\Contributions\Paul Messer\DSOscope_A03\DSOscope_Rev_A03_20130113\FW\A03\DSOscopeA03.asm
         sid_WaitComm_Rec   0x0001dd    program     static C:\Google Drive\Projects\PPMScope\Contributions\Paul Messer\DSOscope_A03\DSOscope_Rev_A03_20130113\FW\A03\DSOscopeA03.asm
   sid_WaitComm_SendDataA   0x0001ad    program     static C:\Google Drive\Projects\PPMScope\Contributions\Paul Messer\DSOscope_A03\DSOscope_Rev_A03_20130113\FW\A03\DSOscopeA03.asm
   sid_WaitComm_SendDataB   0x0001b7    program     static C:\Google Drive\Projects\PPMScope\Contributions\Paul Messer\DSOscope_A03\DSOscope_Rev_A03_20130113\FW\A03\DSOscopeA03.asm
   sid_WaitComm_SendDataC   0x0001c1    program     static C:\Google Drive\Projects\PPMScope\Contributions\Paul Messer\DSOscope_A03\DSOscope_Rev_A03_20130113\FW\A03\DSOscopeA03.asm
   sid_WaitComm_SendDataD   0x0001cb    program     static C:\Google Drive\Projects\PPMScope\Contributions\Paul Messer\DSOscope_A03\DSOscope_Rev_A03_20130113\FW\A03\DSOscopeA03.asm
sid_WaitComm_SendDataExit   0x0001d1    program     static C:\Google Drive\Projects\PPMScope\Contributions\Paul Messer\DSOscope_A03\DSOscope_Rev_A03_20130113\FW\A03\DSOscopeA03.asm



                              Symbols - Sorted by Address
                     Name    Address   Location    Storage File                     
                ---------  ---------  ---------  --------- ---------                
               IntHandler   0x000004    program     static C:\Google Drive\Projects\PPMScope\Contributions\Paul Messer\DSOscope_A03\DSOscope_Rev_A03_20130113\FW\A03\DSOscopeA03.asm
                     ih_1   0x00000a    program     static C:\Google Drive\Projects\PPMScope\Contributions\Paul Messer\DSOscope_A03\DSOscope_Rev_A03_20130113\FW\A03\DSOscopeA03.asm
               MainSelect   0x000013    program     static C:\Google Drive\Projects\PPMScope\Contributions\Paul Messer\DSOscope_A03\DSOscope_Rev_A03_20130113\FW\A03\DSOscopeA03.asm
                     ih_2   0x000044    program     static C:\Google Drive\Projects\PPMScope\Contributions\Paul Messer\DSOscope_A03\DSOscope_Rev_A03_20130113\FW\A03\DSOscopeA03.asm
                     ih_3   0x00004d    program     static C:\Google Drive\Projects\PPMScope\Contributions\Paul Messer\DSOscope_A03\DSOscope_Rev_A03_20130113\FW\A03\DSOscopeA03.asm
                  Initial   0x000052    program     static C:\Google Drive\Projects\PPMScope\Contributions\Paul Messer\DSOscope_A03\DSOscope_Rev_A03_20130113\FW\A03\DSOscopeA03.asm
                     Main   0x00007c    program     static C:\Google Drive\Projects\PPMScope\Contributions\Paul Messer\DSOscope_A03\DSOscope_Rev_A03_20130113\FW\A03\DSOscopeA03.asm
                    MainB   0x00007e    program     static C:\Google Drive\Projects\PPMScope\Contributions\Paul Messer\DSOscope_A03\DSOscope_Rev_A03_20130113\FW\A03\DSOscopeA03.asm
             MainWaitTrig   0x00008b    program     static C:\Google Drive\Projects\PPMScope\Contributions\Paul Messer\DSOscope_A03\DSOscope_Rev_A03_20130113\FW\A03\DSOscopeA03.asm
               MainWTrigB   0x00009e    program     static C:\Google Drive\Projects\PPMScope\Contributions\Paul Messer\DSOscope_A03\DSOscope_Rev_A03_20130113\FW\A03\DSOscopeA03.asm
                 WaitComm   0x0000a9    program     static C:\Google Drive\Projects\PPMScope\Contributions\Paul Messer\DSOscope_A03\DSOscope_Rev_A03_20130113\FW\A03\DSOscopeA03.asm
            WaitComm_Data   0x0000aa    program     static C:\Google Drive\Projects\PPMScope\Contributions\Paul Messer\DSOscope_A03\DSOscope_Rev_A03_20130113\FW\A03\DSOscopeA03.asm
       WaitComm_SendDataA   0x0000b5    program     static C:\Google Drive\Projects\PPMScope\Contributions\Paul Messer\DSOscope_A03\DSOscope_Rev_A03_20130113\FW\A03\DSOscopeA03.asm
       WaitComm_SendDataB   0x0000bf    program     static C:\Google Drive\Projects\PPMScope\Contributions\Paul Messer\DSOscope_A03\DSOscope_Rev_A03_20130113\FW\A03\DSOscopeA03.asm
       WaitComm_SendDataC   0x0000c9    program     static C:\Google Drive\Projects\PPMScope\Contributions\Paul Messer\DSOscope_A03\DSOscope_Rev_A03_20130113\FW\A03\DSOscopeA03.asm
       WaitComm_SendDataD   0x0000d3    program     static C:\Google Drive\Projects\PPMScope\Contributions\Paul Messer\DSOscope_A03\DSOscope_Rev_A03_20130113\FW\A03\DSOscopeA03.asm
    WaitComm_SendDataExit   0x0000d9    program     static C:\Google Drive\Projects\PPMScope\Contributions\Paul Messer\DSOscope_A03\DSOscope_Rev_A03_20130113\FW\A03\DSOscopeA03.asm
            WaitComm_Conf   0x0000dc    program     static C:\Google Drive\Projects\PPMScope\Contributions\Paul Messer\DSOscope_A03\DSOscope_Rev_A03_20130113\FW\A03\DSOscopeA03.asm
             WaitComm_Rec   0x0000e5    program     static C:\Google Drive\Projects\PPMScope\Contributions\Paul Messer\DSOscope_A03\DSOscope_Rev_A03_20130113\FW\A03\DSOscopeA03.asm
           WaitComm_Break   0x0000f3    program     static C:\Google Drive\Projects\PPMScope\Contributions\Paul Messer\DSOscope_A03\DSOscope_Rev_A03_20130113\FW\A03\DSOscopeA03.asm
                  GetByte   0x0000fb    program     static C:\Google Drive\Projects\PPMScope\Contributions\Paul Messer\DSOscope_A03\DSOscope_Rev_A03_20130113\FW\A03\DSOscopeA03.asm
                 GetByteB   0x0000fd    program     static C:\Google Drive\Projects\PPMScope\Contributions\Paul Messer\DSOscope_A03\DSOscope_Rev_A03_20130113\FW\A03\DSOscopeA03.asm
                 GetByteC   0x000101    program     static C:\Google Drive\Projects\PPMScope\Contributions\Paul Messer\DSOscope_A03\DSOscope_Rev_A03_20130113\FW\A03\DSOscopeA03.asm
                 GetByteD   0x000105    program     static C:\Google Drive\Projects\PPMScope\Contributions\Paul Messer\DSOscope_A03\DSOscope_Rev_A03_20130113\FW\A03\DSOscopeA03.asm
                 GetByteE   0x000109    program     static C:\Google Drive\Projects\PPMScope\Contributions\Paul Messer\DSOscope_A03\DSOscope_Rev_A03_20130113\FW\A03\DSOscopeA03.asm
                  PutByte   0x00010c    program     static C:\Google Drive\Projects\PPMScope\Contributions\Paul Messer\DSOscope_A03\DSOscope_Rev_A03_20130113\FW\A03\DSOscopeA03.asm
            PutByteSerial   0x00010c    program     static C:\Google Drive\Projects\PPMScope\Contributions\Paul Messer\DSOscope_A03\DSOscope_Rev_A03_20130113\FW\A03\DSOscopeA03.asm
                    Delay   0x000111    program     static C:\Google Drive\Projects\PPMScope\Contributions\Paul Messer\DSOscope_A03\DSOscope_Rev_A03_20130113\FW\A03\DSOscopeA03.asm
                DelayLoop   0x000112    program     static C:\Google Drive\Projects\PPMScope\Contributions\Paul Messer\DSOscope_A03\DSOscope_Rev_A03_20130113\FW\A03\DSOscopeA03.asm
              ADCShutdown   0x00011c    program     static C:\Google Drive\Projects\PPMScope\Contributions\Paul Messer\DSOscope_A03\DSOscope_Rev_A03_20130113\FW\A03\DSOscopeA03.asm
         IrqServiceTimer1   0x000121    program     static C:\Google Drive\Projects\PPMScope\Contributions\Paul Messer\DSOscope_A03\DSOscope_Rev_A03_20130113\FW\A03\DSOscopeA03.asm
                 irqst1_1   0x000163    program     static C:\Google Drive\Projects\PPMScope\Contributions\Paul Messer\DSOscope_A03\DSOscope_Rev_A03_20130113\FW\A03\DSOscopeA03.asm
                 irqst1_2   0x000165    program     static C:\Google Drive\Projects\PPMScope\Contributions\Paul Messer\DSOscope_A03\DSOscope_Rev_A03_20130113\FW\A03\DSOscopeA03.asm
                 irqst1_3   0x00016f    program     static C:\Google Drive\Projects\PPMScope\Contributions\Paul Messer\DSOscope_A03\DSOscope_Rev_A03_20130113\FW\A03\DSOscopeA03.asm
            SampleIntDrvn   0x000174    program     static C:\Google Drive\Projects\PPMScope\Contributions\Paul Messer\DSOscope_A03\DSOscope_Rev_A03_20130113\FW\A03\DSOscopeA03.asm
              sid_GetByte   0x00018b    program     static C:\Google Drive\Projects\PPMScope\Contributions\Paul Messer\DSOscope_A03\DSOscope_Rev_A03_20130113\FW\A03\DSOscopeA03.asm
             sid_GetByteB   0x000193    program     static C:\Google Drive\Projects\PPMScope\Contributions\Paul Messer\DSOscope_A03\DSOscope_Rev_A03_20130113\FW\A03\DSOscopeA03.asm
             sid_GetByteC   0x000197    program     static C:\Google Drive\Projects\PPMScope\Contributions\Paul Messer\DSOscope_A03\DSOscope_Rev_A03_20130113\FW\A03\DSOscopeA03.asm
             sid_GetByteD   0x00019b    program     static C:\Google Drive\Projects\PPMScope\Contributions\Paul Messer\DSOscope_A03\DSOscope_Rev_A03_20130113\FW\A03\DSOscopeA03.asm
             sid_GetByteE   0x00019f    program     static C:\Google Drive\Projects\PPMScope\Contributions\Paul Messer\DSOscope_A03\DSOscope_Rev_A03_20130113\FW\A03\DSOscopeA03.asm
        sid_WaitComm_Data   0x0001a1    program     static C:\Google Drive\Projects\PPMScope\Contributions\Paul Messer\DSOscope_A03\DSOscope_Rev_A03_20130113\FW\A03\DSOscopeA03.asm
   sid_WaitComm_SendDataA   0x0001ad    program     static C:\Google Drive\Projects\PPMScope\Contributions\Paul Messer\DSOscope_A03\DSOscope_Rev_A03_20130113\FW\A03\DSOscopeA03.asm
   sid_WaitComm_SendDataB   0x0001b7    program     static C:\Google Drive\Projects\PPMScope\Contributions\Paul Messer\DSOscope_A03\DSOscope_Rev_A03_20130113\FW\A03\DSOscopeA03.asm
   sid_WaitComm_SendDataC   0x0001c1    program     static C:\Google Drive\Projects\PPMScope\Contributions\Paul Messer\DSOscope_A03\DSOscope_Rev_A03_20130113\FW\A03\DSOscopeA03.asm
   sid_WaitComm_SendDataD   0x0001cb    program     static C:\Google Drive\Projects\PPMScope\Contributions\Paul Messer\DSOscope_A03\DSOscope_Rev_A03_20130113\FW\A03\DSOscopeA03.asm
sid_WaitComm_SendDataExit   0x0001d1    program     static C:\Google Drive\Projects\PPMScope\Contributions\Paul Messer\DSOscope_A03\DSOscope_Rev_A03_20130113\FW\A03\DSOscopeA03.asm
        sid_WaitComm_Conf   0x0001d4    program     static C:\Google Drive\Projects\PPMScope\Contributions\Paul Messer\DSOscope_A03\DSOscope_Rev_A03_20130113\FW\A03\DSOscopeA03.asm
         sid_WaitComm_Rec   0x0001dd    program     static C:\Google Drive\Projects\PPMScope\Contributions\Paul Messer\DSOscope_A03\DSOscope_Rev_A03_20130113\FW\A03\DSOscopeA03.asm
       sid_WaitComm_Break   0x0001e6    program     static C:\Google Drive\Projects\PPMScope\Contributions\Paul Messer\DSOscope_A03\DSOscope_Rev_A03_20130113\FW\A03\DSOscopeA03.asm
                 sid_Exit   0x0001ee    program     static C:\Google Drive\Projects\PPMScope\Contributions\Paul Messer\DSOscope_A03\DSOscope_Rev_A03_20130113\FW\A03\DSOscopeA03.asm
         SampleStripChart   0x0001f9    program     static C:\Google Drive\Projects\PPMScope\Contributions\Paul Messer\DSOscope_A03\DSOscope_Rev_A03_20130113\FW\A03\DSOscopeA03.asm
              ConfReceive   0x0001fa    program     static C:\Google Drive\Projects\PPMScope\Contributions\Paul Messer\DSOscope_A03\DSOscope_Rev_A03_20130113\FW\A03\DSOscopeA03.asm
      ConfReceiveRateOnly   0x000217    program     static C:\Google Drive\Projects\PPMScope\Contributions\Paul Messer\DSOscope_A03\DSOscope_Rev_A03_20130113\FW\A03\DSOscopeA03.asm
                 ConfSend   0x000225    program     static C:\Google Drive\Projects\PPMScope\Contributions\Paul Messer\DSOscope_A03\DSOscope_Rev_A03_20130113\FW\A03\DSOscopeA03.asm
          ChannelConfSend   0x000246    program     static C:\Google Drive\Projects\PPMScope\Contributions\Paul Messer\DSOscope_A03\DSOscope_Rev_A03_20130113\FW\A03\DSOscopeA03.asm
         ChannelConfStore   0x000255    program     static C:\Google Drive\Projects\PPMScope\Contributions\Paul Messer\DSOscope_A03\DSOscope_Rev_A03_20130113\FW\A03\DSOscopeA03.asm
            SampleDelayed   0x000299    program     static C:\Google Drive\Projects\PPMScope\Contributions\Paul Messer\DSOscope_A03\DSOscope_Rev_A03_20130113\FW\A03\DSOscopeA03.asm
       SampleDelayedLoopA   0x0002a4    program     static C:\Google Drive\Projects\PPMScope\Contributions\Paul Messer\DSOscope_A03\DSOscope_Rev_A03_20130113\FW\A03\DSOscopeA03.asm
     StSampleDelayedLoopA   0x0002a9    program     static C:\Google Drive\Projects\PPMScope\Contributions\Paul Messer\DSOscope_A03\DSOscope_Rev_A03_20130113\FW\A03\DSOscopeA03.asm
       SampleDelayedLoopB   0x0002be    program     static C:\Google Drive\Projects\PPMScope\Contributions\Paul Messer\DSOscope_A03\DSOscope_Rev_A03_20130113\FW\A03\DSOscopeA03.asm
       SampleDelayedLoopC   0x0002d8    program     static C:\Google Drive\Projects\PPMScope\Contributions\Paul Messer\DSOscope_A03\DSOscope_Rev_A03_20130113\FW\A03\DSOscopeA03.asm
       SampleDelayedLoopD   0x0002f2    program     static C:\Google Drive\Projects\PPMScope\Contributions\Paul Messer\DSOscope_A03\DSOscope_Rev_A03_20130113\FW\A03\DSOscopeA03.asm
          SampleXYDelayed   0x000304    program     static C:\Google Drive\Projects\PPMScope\Contributions\Paul Messer\DSOscope_A03\DSOscope_Rev_A03_20130113\FW\A03\DSOscopeA03.asm
        SampleXYDelayedLA   0x000316    program     static C:\Google Drive\Projects\PPMScope\Contributions\Paul Messer\DSOscope_A03\DSOscope_Rev_A03_20130113\FW\A03\DSOscopeA03.asm
        SampleXYDelayedLB   0x00033e    program     static C:\Google Drive\Projects\PPMScope\Contributions\Paul Messer\DSOscope_A03\DSOscope_Rev_A03_20130113\FW\A03\DSOscopeA03.asm
        SampleXYDelayedLC   0x000366    program     static C:\Google Drive\Projects\PPMScope\Contributions\Paul Messer\DSOscope_A03\DSOscope_Rev_A03_20130113\FW\A03\DSOscopeA03.asm
        SampleXYDelayedLD   0x00038e    program     static C:\Google Drive\Projects\PPMScope\Contributions\Paul Messer\DSOscope_A03\DSOscope_Rev_A03_20130113\FW\A03\DSOscopeA03.asm
               Sample625k   0x0003a7    program     static C:\Google Drive\Projects\PPMScope\Contributions\Paul Messer\DSOscope_A03\DSOscope_Rev_A03_20130113\FW\A03\DSOscopeA03.asm
          Sample625kLoopA   0x0003ad    program     static C:\Google Drive\Projects\PPMScope\Contributions\Paul Messer\DSOscope_A03\DSOscope_Rev_A03_20130113\FW\A03\DSOscopeA03.asm
          Sample625kLoopB   0x0003bd    program     static C:\Google Drive\Projects\PPMScope\Contributions\Paul Messer\DSOscope_A03\DSOscope_Rev_A03_20130113\FW\A03\DSOscopeA03.asm
          Sample625kLoopC   0x0003cd    program     static C:\Google Drive\Projects\PPMScope\Contributions\Paul Messer\DSOscope_A03\DSOscope_Rev_A03_20130113\FW\A03\DSOscopeA03.asm
          Sample625kLoopD   0x0003dd    program     static C:\Google Drive\Projects\PPMScope\Contributions\Paul Messer\DSOscope_A03\DSOscope_Rev_A03_20130113\FW\A03\DSOscopeA03.asm
           Sample417k250k   0x0003ea    program     static C:\Google Drive\Projects\PPMScope\Contributions\Paul Messer\DSOscope_A03\DSOscope_Rev_A03_20130113\FW\A03\DSOscopeA03.asm
          Sample417kLoopA   0x0003f3    program     static C:\Google Drive\Projects\PPMScope\Contributions\Paul Messer\DSOscope_A03\DSOscope_Rev_A03_20130113\FW\A03\DSOscopeA03.asm
              Sample250kA   0x0003fa    program     static C:\Google Drive\Projects\PPMScope\Contributions\Paul Messer\DSOscope_A03\DSOscope_Rev_A03_20130113\FW\A03\DSOscopeA03.asm
              Sample417kA   0x0003fb    program     static C:\Google Drive\Projects\PPMScope\Contributions\Paul Messer\DSOscope_A03\DSOscope_Rev_A03_20130113\FW\A03\DSOscopeA03.asm
          Sample417kLoopB   0x00040a    program     static C:\Google Drive\Projects\PPMScope\Contributions\Paul Messer\DSOscope_A03\DSOscope_Rev_A03_20130113\FW\A03\DSOscopeA03.asm
        StSample417kLoopB   0x00040f    program     static C:\Google Drive\Projects\PPMScope\Contributions\Paul Messer\DSOscope_A03\DSOscope_Rev_A03_20130113\FW\A03\DSOscopeA03.asm
              Sample250kB   0x000411    program     static C:\Google Drive\Projects\PPMScope\Contributions\Paul Messer\DSOscope_A03\DSOscope_Rev_A03_20130113\FW\A03\DSOscopeA03.asm
              Sample417kB   0x000412    program     static C:\Google Drive\Projects\PPMScope\Contributions\Paul Messer\DSOscope_A03\DSOscope_Rev_A03_20130113\FW\A03\DSOscopeA03.asm
          Sample417kLoopC   0x000421    program     static C:\Google Drive\Projects\PPMScope\Contributions\Paul Messer\DSOscope_A03\DSOscope_Rev_A03_20130113\FW\A03\DSOscopeA03.asm
        StSample417kLoopC   0x000426    program     static C:\Google Drive\Projects\PPMScope\Contributions\Paul Messer\DSOscope_A03\DSOscope_Rev_A03_20130113\FW\A03\DSOscopeA03.asm
              Sample250kC   0x000428    program     static C:\Google Drive\Projects\PPMScope\Contributions\Paul Messer\DSOscope_A03\DSOscope_Rev_A03_20130113\FW\A03\DSOscopeA03.asm
              Sample417kC   0x000429    program     static C:\Google Drive\Projects\PPMScope\Contributions\Paul Messer\DSOscope_A03\DSOscope_Rev_A03_20130113\FW\A03\DSOscopeA03.asm
          Sample417kLoopD   0x000438    program     static C:\Google Drive\Projects\PPMScope\Contributions\Paul Messer\DSOscope_A03\DSOscope_Rev_A03_20130113\FW\A03\DSOscopeA03.asm
        StSample417kLoopD   0x00043d    program     static C:\Google Drive\Projects\PPMScope\Contributions\Paul Messer\DSOscope_A03\DSOscope_Rev_A03_20130113\FW\A03\DSOscopeA03.asm
              Sample250kD   0x00043f    program     static C:\Google Drive\Projects\PPMScope\Contributions\Paul Messer\DSOscope_A03\DSOscope_Rev_A03_20130113\FW\A03\DSOscopeA03.asm
              Sample417kD   0x000440    program     static C:\Google Drive\Projects\PPMScope\Contributions\Paul Messer\DSOscope_A03\DSOscope_Rev_A03_20130113\FW\A03\DSOscopeA03.asm
               DelaySeven   0x000449    program     static C:\Google Drive\Projects\PPMScope\Contributions\Paul Messer\DSOscope_A03\DSOscope_Rev_A03_20130113\FW\A03\DSOscopeA03.asm
                DelayFive   0x00044a    program     static C:\Google Drive\Projects\PPMScope\Contributions\Paul Messer\DSOscope_A03\DSOscope_Rev_A03_20130113\FW\A03\DSOscopeA03.asm
                 DelayTwo   0x00044c    program     static C:\Google Drive\Projects\PPMScope\Contributions\Paul Messer\DSOscope_A03\DSOscope_Rev_A03_20130113\FW\A03\DSOscopeA03.asm
         SampleXY250k192k   0x00044d    program     static C:\Google Drive\Projects\PPMScope\Contributions\Paul Messer\DSOscope_A03\DSOscope_Rev_A03_20130113\FW\A03\DSOscopeA03.asm
           SampleXY250kLA   0x00045c    program     static C:\Google Drive\Projects\PPMScope\Contributions\Paul Messer\DSOscope_A03\DSOscope_Rev_A03_20130113\FW\A03\DSOscopeA03.asm
           SampleXY250kLB   0x000480    program     static C:\Google Drive\Projects\PPMScope\Contributions\Paul Messer\DSOscope_A03\DSOscope_Rev_A03_20130113\FW\A03\DSOscopeA03.asm
           SampleXY250kLC   0x0004a4    program     static C:\Google Drive\Projects\PPMScope\Contributions\Paul Messer\DSOscope_A03\DSOscope_Rev_A03_20130113\FW\A03\DSOscopeA03.asm
           SampleXY250kLD   0x0004c8    program     static C:\Google Drive\Projects\PPMScope\Contributions\Paul Messer\DSOscope_A03\DSOscope_Rev_A03_20130113\FW\A03\DSOscopeA03.asm
                 Sample1M   0x0004e0    program     static C:\Google Drive\Projects\PPMScope\Contributions\Paul Messer\DSOscope_A03\DSOscope_Rev_A03_20130113\FW\A03\DSOscopeA03.asm
            Sample1MhzEnd   0x0008e5    program     static C:\Google Drive\Projects\PPMScope\Contributions\Paul Messer\DSOscope_A03\DSOscope_Rev_A03_20130113\FW\A03\DSOscopeA03.asm
             SampleXY417k   0x0009e4    program     static C:\Google Drive\Projects\PPMScope\Contributions\Paul Messer\DSOscope_A03\DSOscope_Rev_A03_20130113\FW\A03\DSOscopeA03.asm
               Sample833k   0x000fe7    program     static C:\Google Drive\Projects\PPMScope\Contributions\Paul Messer\DSOscope_A03\DSOscope_Rev_A03_20130113\FW\A03\DSOscopeA03.asm
            Sample833kEnd   0x0013ed    program     static C:\Google Drive\Projects\PPMScope\Contributions\Paul Messer\DSOscope_A03\DSOscope_Rev_A03_20130113\FW\A03\DSOscopeA03.asm
              SampleRep5M   0x0015ea    program     static C:\Google Drive\Projects\PPMScope\Contributions\Paul Messer\DSOscope_A03\DSOscope_Rev_A03_20130113\FW\A03\DSOscopeA03.asm
        SampleRep5MPickSt   0x0015ee    program     static C:\Google Drive\Projects\PPMScope\Contributions\Paul Messer\DSOscope_A03\DSOscope_Rev_A03_20130113\FW\A03\DSOscopeA03.asm
        SampleRep5MPickEn   0x0015fd    program     static C:\Google Drive\Projects\PPMScope\Contributions\Paul Messer\DSOscope_A03\DSOscope_Rev_A03_20130113\FW\A03\DSOscopeA03.asm
         SampleRep5MStep1   0x0015fd    program     static C:\Google Drive\Projects\PPMScope\Contributions\Paul Messer\DSOscope_A03\DSOscope_Rev_A03_20130113\FW\A03\DSOscopeA03.asm
          SampleRep5MEndA   0x001702    program     static C:\Google Drive\Projects\PPMScope\Contributions\Paul Messer\DSOscope_A03\DSOscope_Rev_A03_20130113\FW\A03\DSOscopeA03.asm
          SampleRep5MEndC   0x001705    program     static C:\Google Drive\Projects\PPMScope\Contributions\Paul Messer\DSOscope_A03\DSOscope_Rev_A03_20130113\FW\A03\DSOscopeA03.asm
          SampleRep5MEndB   0x001707    program     static C:\Google Drive\Projects\PPMScope\Contributions\Paul Messer\DSOscope_A03\DSOscope_Rev_A03_20130113\FW\A03\DSOscopeA03.asm
         SampleRep5MStep2   0x00170d    program     static C:\Google Drive\Projects\PPMScope\Contributions\Paul Messer\DSOscope_A03\DSOscope_Rev_A03_20130113\FW\A03\DSOscopeA03.asm
         SampleRep5MStep3   0x001810    program     static C:\Google Drive\Projects\PPMScope\Contributions\Paul Messer\DSOscope_A03\DSOscope_Rev_A03_20130113\FW\A03\DSOscopeA03.asm
         SampleRep5MStep4   0x001913    program     static C:\Google Drive\Projects\PPMScope\Contributions\Paul Messer\DSOscope_A03\DSOscope_Rev_A03_20130113\FW\A03\DSOscopeA03.asm
         SampleRep5MStep5   0x001a17    program     static C:\Google Drive\Projects\PPMScope\Contributions\Paul Messer\DSOscope_A03\DSOscope_Rev_A03_20130113\FW\A03\DSOscopeA03.asm
              SampleRep2M   0x001a1d    program     static C:\Google Drive\Projects\PPMScope\Contributions\Paul Messer\DSOscope_A03\DSOscope_Rev_A03_20130113\FW\A03\DSOscopeA03.asm
        SampleRep2MPickSt   0x001a21    program     static C:\Google Drive\Projects\PPMScope\Contributions\Paul Messer\DSOscope_A03\DSOscope_Rev_A03_20130113\FW\A03\DSOscopeA03.asm
         SampleRep2MStep1   0x001a2a    program     static C:\Google Drive\Projects\PPMScope\Contributions\Paul Messer\DSOscope_A03\DSOscope_Rev_A03_20130113\FW\A03\DSOscopeA03.asm
        SampleRep2MPickEn   0x001a2a    program     static C:\Google Drive\Projects\PPMScope\Contributions\Paul Messer\DSOscope_A03\DSOscope_Rev_A03_20130113\FW\A03\DSOscopeA03.asm
         SampleRep2MStep2   0x001c31    program     static C:\Google Drive\Projects\PPMScope\Contributions\Paul Messer\DSOscope_A03\DSOscope_Rev_A03_20130113\FW\A03\DSOscopeA03.asm
         SampleRep2MStep3   0x001e32    program     static C:\Google Drive\Projects\PPMScope\Contributions\Paul Messer\DSOscope_A03\DSOscope_Rev_A03_20130113\FW\A03\DSOscopeA03.asm


